0 verbose cli /data/data/com.termux/files/usr/bin/node /data/data/com.termux/files/usr/bin/npm
1 info using npm@11.14.1
2 info using node@v24.14.1
3 silly config load:file:/data/data/com.termux/files/usr/lib/node_modules/npm/npmrc
4 silly config load:file:/data/data/com.termux/files/home/my-bot/.npmrc
5 silly config load:file:/data/data/com.termux/files/home/.npmrc
6 silly config load:file:/data/data/com.termux/files/usr/etc/npmrc
7 verbose title npm install express
8 verbose argv "install" "express"
9 verbose logfile logs-max:10 dir:/data/data/com.termux/files/home/.npm/_logs/2026-05-11T09_24_43_212Z-
10 verbose logfile /data/data/com.termux/files/home/.npm/_logs/2026-05-11T09_24_43_212Z-debug-0.log
11 silly logfile done cleaning log files
12 silly packumentCache heap:1174405120 maxSize:293601280 maxEntrySize:146800640
13 silly idealTree buildDeps
14 silly fetch manifest express@*
15 silly packumentCache full:https://registry.npmjs.org/express cache-miss
16 http fetch GET 200 https://registry.npmjs.org/express 1338ms (cache miss)
17 silly packumentCache full:https://registry.npmjs.org/express set size:undefined disposed:false
18 silly placeDep ROOT express@5.2.1 OK for:  want: *
19 silly fetch manifest qs@^6.14.0
20 silly packumentCache full:https://registry.npmjs.org/qs cache-miss
21 silly fetch manifest depd@^2.0.0
22 silly packumentCache full:https://registry.npmjs.org/depd cache-miss
23 silly fetch manifest etag@^1.8.1
24 silly packumentCache full:https://registry.npmjs.org/etag cache-miss
25 silly fetch manifest once@^1.4.0
26 silly packumentCache full:https://registry.npmjs.org/once cache-miss
27 silly fetch manifest send@^1.1.0
28 silly packumentCache full:https://registry.npmjs.org/send cache-miss
29 silly fetch manifest vary@^1.1.2
30 silly packumentCache full:https://registry.npmjs.org/vary cache-miss
31 silly fetch manifest fresh@^2.0.0
32 silly packumentCache full:https://registry.npmjs.org/fresh cache-miss
33 http fetch GET 200 https://registry.npmjs.org/qs 227ms (cache miss)
34 silly packumentCache full:https://registry.npmjs.org/qs set size:undefined disposed:false
35 silly fetch manifest cookie@^0.7.1
36 silly packumentCache full:https://registry.npmjs.org/cookie cache-miss
37 http fetch GET 200 https://registry.npmjs.org/cookie 480ms (cache miss)
38 silly packumentCache full:https://registry.npmjs.org/cookie set size:undefined disposed:false
39 silly fetch manifest router@^2.2.0
40 silly packumentCache full:https://registry.npmjs.org/router cache-miss
41 http fetch GET 200 https://registry.npmjs.org/fresh 997ms (cache miss)
42 silly packumentCache full:https://registry.npmjs.org/fresh set size:undefined disposed:false
43 silly fetch manifest accepts@^2.0.0
44 silly packumentCache full:https://registry.npmjs.org/accepts cache-miss
45 http fetch GET 200 https://registry.npmjs.org/once 1016ms (cache miss)
46 silly packumentCache full:https://registry.npmjs.org/once set size:undefined disposed:false
47 silly fetch manifest type-is@^2.0.1
48 silly packumentCache full:https://registry.npmjs.org/type-is cache-miss
49 http fetch GET 200 https://registry.npmjs.org/etag 1023ms (cache miss)
50 silly packumentCache full:https://registry.npmjs.org/etag set size:undefined disposed:false
51 silly fetch manifest parseurl@^1.3.3
52 silly packumentCache full:https://registry.npmjs.org/parseurl cache-miss
53 http fetch GET 200 https://registry.npmjs.org/vary 1033ms (cache miss)
54 silly packumentCache full:https://registry.npmjs.org/vary set size:undefined disposed:false
55 silly fetch manifest statuses@^2.0.1
56 silly packumentCache full:https://registry.npmjs.org/statuses cache-miss
57 http fetch GET 200 https://registry.npmjs.org/depd 1045ms (cache miss)
58 silly packumentCache full:https://registry.npmjs.org/depd set size:undefined disposed:false
59 silly fetch manifest encodeurl@^2.0.0
60 silly packumentCache full:https://registry.npmjs.org/encodeurl cache-miss
61 http fetch GET 200 https://registry.npmjs.org/send 1050ms (cache miss)
62 silly packumentCache full:https://registry.npmjs.org/send set size:undefined disposed:false
63 silly fetch manifest mime-types@^3.0.0
64 silly packumentCache full:https://registry.npmjs.org/mime-types cache-miss
65 http fetch GET 200 https://registry.npmjs.org/router 383ms (cache miss)
66 silly packumentCache full:https://registry.npmjs.org/router set size:undefined disposed:false
67 silly fetch manifest proxy-addr@^2.0.7
68 silly packumentCache full:https://registry.npmjs.org/proxy-addr cache-miss
69 http fetch GET 200 https://registry.npmjs.org/proxy-addr 105ms (cache miss)
70 silly packumentCache full:https://registry.npmjs.org/proxy-addr set size:undefined disposed:false
71 silly fetch manifest body-parser@^2.2.1
72 silly packumentCache full:https://registry.npmjs.org/body-parser cache-miss
73 http fetch GET 200 https://registry.npmjs.org/encodeurl 262ms (cache miss)
74 silly packumentCache full:https://registry.npmjs.org/encodeurl set size:undefined disposed:false
75 silly fetch manifest escape-html@^1.0.3
76 silly packumentCache full:https://registry.npmjs.org/escape-html cache-miss
77 http fetch GET 200 https://registry.npmjs.org/parseurl 291ms (cache miss)
78 silly packumentCache full:https://registry.npmjs.org/parseurl set size:undefined disposed:false
79 silly fetch manifest http-errors@^2.0.0
80 silly packumentCache full:https://registry.npmjs.org/http-errors cache-miss
81 http fetch GET 200 https://registry.npmjs.org/statuses 284ms (cache miss)
82 silly packumentCache full:https://registry.npmjs.org/statuses set size:undefined disposed:false
83 silly fetch manifest on-finished@^2.4.1
84 silly packumentCache full:https://registry.npmjs.org/on-finished cache-miss
85 http fetch GET 200 https://registry.npmjs.org/accepts 318ms (cache miss)
86 silly packumentCache full:https://registry.npmjs.org/accepts set size:undefined disposed:false
87 silly fetch manifest finalhandler@^2.1.0
88 silly packumentCache full:https://registry.npmjs.org/finalhandler cache-miss
89 http fetch GET 200 https://registry.npmjs.org/type-is 317ms (cache miss)
90 silly packumentCache full:https://registry.npmjs.org/type-is set size:undefined disposed:false
91 silly fetch manifest range-parser@^1.2.1
92 silly packumentCache full:https://registry.npmjs.org/range-parser cache-miss
93 http fetch GET 200 https://registry.npmjs.org/mime-types 290ms (cache miss)
94 silly packumentCache full:https://registry.npmjs.org/mime-types set size:undefined disposed:false
95 silly fetch manifest serve-static@^2.2.0
96 silly packumentCache full:https://registry.npmjs.org/serve-static cache-miss
97 http fetch GET 200 https://registry.npmjs.org/escape-html 384ms (cache miss)
98 silly packumentCache full:https://registry.npmjs.org/escape-html set size:undefined disposed:false
99 silly fetch manifest cookie-signature@^1.2.1
100 silly packumentCache full:https://registry.npmjs.org/cookie-signature cache-miss
101 http fetch GET 200 https://registry.npmjs.org/range-parser 365ms (cache miss)
102 silly packumentCache full:https://registry.npmjs.org/range-parser set size:undefined disposed:false
103 silly fetch manifest merge-descriptors@^2.0.0
104 silly packumentCache full:https://registry.npmjs.org/merge-descriptors cache-miss
105 http fetch GET 200 https://registry.npmjs.org/on-finished 385ms (cache miss)
106 silly packumentCache full:https://registry.npmjs.org/on-finished set size:undefined disposed:false
107 silly fetch manifest content-disposition@^1.0.0
108 silly packumentCache full:https://registry.npmjs.org/content-disposition cache-miss
109 http fetch GET 200 https://registry.npmjs.org/finalhandler 390ms (cache miss)
110 silly packumentCache full:https://registry.npmjs.org/finalhandler set size:undefined disposed:false
111 http fetch GET 200 https://registry.npmjs.org/http-errors 404ms (cache miss)
112 silly packumentCache full:https://registry.npmjs.org/http-errors set size:undefined disposed:false
113 http fetch GET 200 https://registry.npmjs.org/body-parser 485ms (cache miss)
114 silly packumentCache full:https://registry.npmjs.org/body-parser set size:undefined disposed:false
115 http fetch GET 200 https://registry.npmjs.org/serve-static 389ms (cache miss)
116 silly packumentCache full:https://registry.npmjs.org/serve-static set size:undefined disposed:false
117 http fetch GET 200 https://registry.npmjs.org/merge-descriptors 435ms (cache miss)
118 silly packumentCache full:https://registry.npmjs.org/merge-descriptors set size:undefined disposed:false
119 http fetch GET 200 https://registry.npmjs.org/content-disposition 438ms (cache miss)
120 silly packumentCache full:https://registry.npmjs.org/content-disposition set size:undefined disposed:false
121 http fetch GET 200 https://registry.npmjs.org/cookie-signature 457ms (cache miss)
122 silly packumentCache full:https://registry.npmjs.org/cookie-signature set size:undefined disposed:false
123 silly placeDep ROOT accepts@2.0.0 OK for: express@5.2.1 want: ^2.0.0
124 silly placeDep ROOT body-parser@2.2.2 OK for: express@5.2.1 want: ^2.2.1
125 silly placeDep ROOT content-disposition@1.1.0 OK for: express@5.2.1 want: ^1.0.0
126 silly placeDep ROOT cookie@0.7.2 OK for: express@5.2.1 want: ^0.7.1
127 silly placeDep ROOT cookie-signature@1.2.2 OK for: express@5.2.1 want: ^1.2.1
128 silly placeDep ROOT depd@2.0.0 OK for: express@5.2.1 want: ^2.0.0
129 silly placeDep ROOT encodeurl@2.0.0 OK for: express@5.2.1 want: ^2.0.0
130 silly placeDep ROOT escape-html@1.0.3 OK for: express@5.2.1 want: ^1.0.3
131 silly placeDep ROOT etag@1.8.1 OK for: express@5.2.1 want: ^1.8.1
132 silly placeDep ROOT finalhandler@2.1.1 OK for: express@5.2.1 want: ^2.1.0
133 silly placeDep ROOT fresh@2.0.0 OK for: express@5.2.1 want: ^2.0.0
134 silly placeDep ROOT http-errors@2.0.1 OK for: express@5.2.1 want: ^2.0.0
135 silly placeDep ROOT merge-descriptors@2.0.0 OK for: express@5.2.1 want: ^2.0.0
136 silly placeDep ROOT mime-types@3.0.2 OK for: express@5.2.1 want: ^3.0.0
137 silly placeDep ROOT on-finished@2.4.1 OK for: express@5.2.1 want: ^2.4.1
138 silly placeDep ROOT once@1.4.0 OK for: express@5.2.1 want: ^1.4.0
139 silly placeDep ROOT parseurl@1.3.3 OK for: express@5.2.1 want: ^1.3.3
140 silly placeDep ROOT proxy-addr@2.0.7 OK for: express@5.2.1 want: ^2.0.7
141 silly placeDep ROOT qs@6.15.1 OK for: express@5.2.1 want: ^6.14.0
142 silly placeDep ROOT range-parser@1.2.1 OK for: express@5.2.1 want: ^1.2.1
143 silly placeDep ROOT router@2.2.0 OK for: express@5.2.1 want: ^2.2.0
144 silly placeDep ROOT send@1.2.1 OK for: express@5.2.1 want: ^1.1.0
145 silly placeDep ROOT serve-static@2.2.1 OK for: express@5.2.1 want: ^2.2.0
146 silly placeDep ROOT statuses@2.0.2 OK for: express@5.2.1 want: ^2.0.1
147 silly placeDep ROOT type-is@2.0.1 OK for: express@5.2.1 want: ^2.0.1
148 silly placeDep ROOT vary@1.1.2 OK for: express@5.2.1 want: ^1.1.2
149 silly fetch manifest negotiator@^1.0.0
150 silly packumentCache full:https://registry.npmjs.org/negotiator cache-miss
151 silly fetch manifest qs@^6.14.1
152 silly packumentCache full:https://registry.npmjs.org/qs cache-miss
153 silly fetch manifest bytes@^3.1.2
154 silly packumentCache full:https://registry.npmjs.org/bytes cache-miss
155 silly fetch manifest raw-body@^3.0.1
156 silly packumentCache full:https://registry.npmjs.org/raw-body cache-miss
157 silly fetch manifest iconv-lite@^0.7.0
158 silly packumentCache full:https://registry.npmjs.org/iconv-lite cache-miss
159 silly fetch manifest inherits@~2.0.4
160 silly packumentCache full:https://registry.npmjs.org/inherits cache-miss
161 silly fetch manifest setprototypeof@~1.2.0
162 silly packumentCache full:https://registry.npmjs.org/setprototypeof cache-miss
163 http cache https://registry.npmjs.org/qs 20ms (cache hit)
164 silly packumentCache full:https://registry.npmjs.org/qs set size:353582 disposed:false
165 silly fetch manifest statuses@~2.0.2
166 silly packumentCache full:https://registry.npmjs.org/statuses cache-miss
167 http cache https://registry.npmjs.org/statuses 3ms (cache hit)
168 silly packumentCache full:https://registry.npmjs.org/statuses set size:37117 disposed:false
169 silly fetch manifest toidentifier@~1.0.1
170 silly packumentCache full:https://registry.npmjs.org/toidentifier cache-miss
171 http fetch GET 200 https://registry.npmjs.org/raw-body 237ms (cache miss)
172 silly packumentCache full:https://registry.npmjs.org/raw-body set size:undefined disposed:false
173 silly fetch manifest mime-db@^1.54.0
174 silly packumentCache full:https://registry.npmjs.org/mime-db cache-miss
175 http fetch GET 200 https://registry.npmjs.org/setprototypeof 317ms (cache miss)
176 silly packumentCache full:https://registry.npmjs.org/setprototypeof set size:undefined disposed:false
177 silly fetch manifest ee-first@1.1.1
178 silly packumentCache full:https://registry.npmjs.org/ee-first cache-miss
179 http fetch GET 200 https://registry.npmjs.org/toidentifier 302ms (cache miss)
180 silly packumentCache full:https://registry.npmjs.org/toidentifier set size:undefined disposed:false
181 silly fetch manifest wrappy@1
182 silly packumentCache full:https://registry.npmjs.org/wrappy cache-miss
183 http fetch GET 200 https://registry.npmjs.org/bytes 339ms (cache miss)
184 silly packumentCache full:https://registry.npmjs.org/bytes set size:undefined disposed:false
185 silly fetch manifest forwarded@0.2.0
186 silly packumentCache full:https://registry.npmjs.org/forwarded cache-miss
187 http fetch GET 200 https://registry.npmjs.org/negotiator 344ms (cache miss)
188 silly packumentCache full:https://registry.npmjs.org/negotiator set size:undefined disposed:false
189 silly fetch manifest ipaddr.js@1.9.1
190 silly packumentCache full:https://registry.npmjs.org/ipaddr.js cache-miss
191 http fetch GET 200 https://registry.npmjs.org/iconv-lite 347ms (cache miss)
192 silly packumentCache full:https://registry.npmjs.org/iconv-lite set size:undefined disposed:false
193 silly fetch manifest side-channel@^1.1.0
194 silly packumentCache full:https://registry.npmjs.org/side-channel cache-miss
195 http fetch GET 200 https://registry.npmjs.org/inherits 353ms (cache miss)
196 silly packumentCache full:https://registry.npmjs.org/inherits set size:undefined disposed:false
197 silly fetch manifest is-promise@^4.0.0
198 silly packumentCache full:https://registry.npmjs.org/is-promise cache-miss
199 http fetch GET 200 https://registry.npmjs.org/mime-db 114ms (cache miss)
200 silly packumentCache full:https://registry.npmjs.org/mime-db set size:undefined disposed:false
201 silly fetch manifest path-to-regexp@^8.0.0
202 silly packumentCache full:https://registry.npmjs.org/path-to-regexp cache-miss
203 http fetch GET 200 https://registry.npmjs.org/wrappy 219ms (cache miss)
204 silly packumentCache full:https://registry.npmjs.org/wrappy set size:undefined disposed:false
205 silly fetch manifest statuses@^2.0.2
206 silly packumentCache full:https://registry.npmjs.org/statuses cache-hit
207 http fetch GET 200 https://registry.npmjs.org/ee-first 248ms (cache miss)
208 silly packumentCache full:https://registry.npmjs.org/ee-first set size:undefined disposed:false
209 http fetch GET 200 https://registry.npmjs.org/forwarded 239ms (cache miss)
210 silly packumentCache full:https://registry.npmjs.org/forwarded set size:undefined disposed:false
211 http fetch GET 200 https://registry.npmjs.org/path-to-regexp 214ms (cache miss)
212 silly packumentCache full:https://registry.npmjs.org/path-to-regexp set size:undefined disposed:false
213 http fetch GET 200 https://registry.npmjs.org/side-channel 242ms (cache miss)
214 silly packumentCache full:https://registry.npmjs.org/side-channel set size:undefined disposed:false
215 http fetch GET 200 https://registry.npmjs.org/ipaddr.js 251ms (cache miss)
216 silly packumentCache full:https://registry.npmjs.org/ipaddr.js set size:undefined disposed:false
217 http fetch GET 200 https://registry.npmjs.org/is-promise 243ms (cache miss)
218 silly packumentCache full:https://registry.npmjs.org/is-promise set size:undefined disposed:false
219 silly placeDep ROOT negotiator@1.0.0 OK for: accepts@2.0.0 want: ^1.0.0
220 silly placeDep ROOT bytes@3.1.2 OK for: body-parser@2.2.2 want: ^3.1.2
221 silly placeDep ROOT iconv-lite@0.7.2 OK for: body-parser@2.2.2 want: ^0.7.0
222 silly placeDep ROOT raw-body@3.0.2 OK for: body-parser@2.2.2 want: ^3.0.1
223 silly fetch manifest safer-buffer@>= 2.1.2 < 3.0.0
224 silly packumentCache full:https://registry.npmjs.org/safer-buffer cache-miss
225 silly fetch manifest unpipe@~1.0.0
226 silly packumentCache full:https://registry.npmjs.org/unpipe cache-miss
227 http fetch GET 200 https://registry.npmjs.org/unpipe 231ms (cache miss)
228 silly packumentCache full:https://registry.npmjs.org/unpipe set size:undefined disposed:false
229 http fetch GET 200 https://registry.npmjs.org/safer-buffer 537ms (cache miss)
230 silly packumentCache full:https://registry.npmjs.org/safer-buffer set size:undefined disposed:false
231 silly placeDep ROOT inherits@2.0.4 OK for: http-errors@2.0.1 want: ~2.0.4
232 silly placeDep ROOT setprototypeof@1.2.0 OK for: http-errors@2.0.1 want: ~1.2.0
233 silly placeDep ROOT toidentifier@1.0.1 OK for: http-errors@2.0.1 want: ~1.0.1
234 silly placeDep ROOT safer-buffer@2.1.2 OK for: iconv-lite@0.7.2 want: >= 2.1.2 < 3.0.0
235 silly placeDep ROOT mime-db@1.54.0 OK for: mime-types@3.0.2 want: ^1.54.0
236 silly placeDep ROOT ee-first@1.1.1 OK for: on-finished@2.4.1 want: 1.1.1
237 silly placeDep ROOT wrappy@1.0.2 OK for: once@1.4.0 want: 1
238 silly placeDep ROOT forwarded@0.2.0 OK for: proxy-addr@2.0.7 want: 0.2.0
239 silly placeDep ROOT ipaddr.js@1.9.1 OK for: proxy-addr@2.0.7 want: 1.9.1
240 silly placeDep ROOT side-channel@1.1.0 OK for: qs@6.15.1 want: ^1.1.0
241 silly fetch manifest es-errors@^1.3.0
242 silly packumentCache full:https://registry.npmjs.org/es-errors cache-miss
243 silly fetch manifest object-inspect@^1.13.3
244 silly packumentCache full:https://registry.npmjs.org/object-inspect cache-miss
245 silly fetch manifest side-channel-list@^1.0.0
246 silly packumentCache full:https://registry.npmjs.org/side-channel-list cache-miss
247 silly fetch manifest side-channel-map@^1.0.1
248 silly packumentCache full:https://registry.npmjs.org/side-channel-map cache-miss
249 silly fetch manifest side-channel-weakmap@^1.0.2
250 silly packumentCache full:https://registry.npmjs.org/side-channel-weakmap cache-miss
251 http fetch GET 200 https://registry.npmjs.org/side-channel-map 371ms (cache miss)
252 silly packumentCache full:https://registry.npmjs.org/side-channel-map set size:undefined disposed:false
253 http fetch GET 200 https://registry.npmjs.org/side-channel-weakmap 375ms (cache miss)
254 silly packumentCache full:https://registry.npmjs.org/side-channel-weakmap set size:undefined disposed:false
255 http fetch GET 200 https://registry.npmjs.org/side-channel-list 380ms (cache miss)
256 silly packumentCache full:https://registry.npmjs.org/side-channel-list set size:undefined disposed:false
257 http fetch GET 200 https://registry.npmjs.org/es-errors 385ms (cache miss)
258 silly packumentCache full:https://registry.npmjs.org/es-errors set size:undefined disposed:false
259 http fetch GET 200 https://registry.npmjs.org/object-inspect 388ms (cache miss)
260 silly packumentCache full:https://registry.npmjs.org/object-inspect set size:undefined disposed:false
261 silly placeDep ROOT unpipe@1.0.0 OK for: raw-body@3.0.2 want: ~1.0.0
262 silly placeDep ROOT is-promise@4.0.0 OK for: router@2.2.0 want: ^4.0.0
263 silly placeDep ROOT path-to-regexp@8.4.2 OK for: router@2.2.0 want: ^8.0.0
264 silly placeDep ROOT es-errors@1.3.0 OK for: side-channel@1.1.0 want: ^1.3.0
265 silly placeDep ROOT object-inspect@1.13.4 OK for: side-channel@1.1.0 want: ^1.13.3
266 silly placeDep ROOT side-channel-list@1.0.1 OK for: side-channel@1.1.0 want: ^1.0.0
267 silly placeDep ROOT side-channel-map@1.0.1 OK for: side-channel@1.1.0 want: ^1.0.1
268 silly placeDep ROOT side-channel-weakmap@1.0.2 OK for: side-channel@1.1.0 want: ^1.0.2
269 silly fetch manifest call-bound@^1.0.2
270 silly packumentCache full:https://registry.npmjs.org/call-bound cache-miss
271 silly fetch manifest get-intrinsic@^1.2.5
272 silly packumentCache full:https://registry.npmjs.org/get-intrinsic cache-miss
273 silly fetch manifest call-bound@^1.0.2
274 silly packumentCache full:https://registry.npmjs.org/call-bound cache-miss
275 silly fetch manifest get-intrinsic@^1.2.5
276 silly packumentCache full:https://registry.npmjs.org/get-intrinsic cache-miss
277 http fetch GET 200 https://registry.npmjs.org/get-intrinsic 233ms (cache miss)
278 silly packumentCache full:https://registry.npmjs.org/get-intrinsic set size:undefined disposed:false
279 http fetch GET 200 https://registry.npmjs.org/call-bound 297ms (cache miss)
280 silly packumentCache full:https://registry.npmjs.org/call-bound set size:undefined disposed:false
281 http fetch GET 200 https://registry.npmjs.org/get-intrinsic 299ms (cache miss)
282 silly packumentCache full:https://registry.npmjs.org/get-intrinsic set size:undefined disposed:false
283 http fetch GET 200 https://registry.npmjs.org/call-bound 304ms (cache miss)
284 silly packumentCache full:https://registry.npmjs.org/call-bound set size:undefined disposed:false
285 silly placeDep ROOT call-bound@1.0.4 OK for: side-channel-map@1.0.1 want: ^1.0.2
286 silly placeDep ROOT get-intrinsic@1.3.0 OK for: side-channel-map@1.0.1 want: ^1.2.5
287 silly fetch manifest call-bind-apply-helpers@^1.0.2
288 silly packumentCache full:https://registry.npmjs.org/call-bind-apply-helpers cache-miss
289 silly fetch manifest get-intrinsic@^1.3.0
290 silly packumentCache full:https://registry.npmjs.org/get-intrinsic cache-miss
291 silly fetch manifest gopd@^1.2.0
292 silly packumentCache full:https://registry.npmjs.org/gopd cache-miss
293 silly fetch manifest hasown@^2.0.2
294 silly packumentCache full:https://registry.npmjs.org/hasown cache-miss
295 silly fetch manifest get-proto@^1.0.1
296 silly packumentCache full:https://registry.npmjs.org/get-proto cache-miss
297 silly fetch manifest has-symbols@^1.1.0
298 silly packumentCache full:https://registry.npmjs.org/has-symbols cache-miss
299 silly fetch manifest function-bind@^1.1.2
300 silly packumentCache full:https://registry.npmjs.org/function-bind cache-miss
301 http cache https://registry.npmjs.org/get-intrinsic 27ms (cache hit)
302 silly packumentCache full:https://registry.npmjs.org/get-intrinsic set size:60985 disposed:false
303 silly fetch manifest es-object-atoms@^1.1.1
304 silly packumentCache full:https://registry.npmjs.org/es-object-atoms cache-miss
305 http fetch GET 200 https://registry.npmjs.org/function-bind 256ms (cache miss)
306 silly packumentCache full:https://registry.npmjs.org/function-bind set size:undefined disposed:false
307 silly fetch manifest math-intrinsics@^1.1.0
308 silly packumentCache full:https://registry.npmjs.org/math-intrinsics cache-miss
309 http fetch GET 200 https://registry.npmjs.org/hasown 277ms (cache miss)
310 silly packumentCache full:https://registry.npmjs.org/hasown set size:undefined disposed:false
311 silly fetch manifest es-define-property@^1.0.1
312 silly packumentCache full:https://registry.npmjs.org/es-define-property cache-miss
313 http fetch GET 200 https://registry.npmjs.org/es-object-atoms 253ms (cache miss)
314 silly packumentCache full:https://registry.npmjs.org/es-object-atoms set size:undefined disposed:false
315 silly fetch manifest call-bind-apply-helpers@^1.0.2
316 silly packumentCache full:https://registry.npmjs.org/call-bind-apply-helpers cache-miss
317 http fetch GET 200 https://registry.npmjs.org/get-proto 288ms (cache miss)
318 silly packumentCache full:https://registry.npmjs.org/get-proto set size:undefined disposed:false
319 http fetch GET 200 https://registry.npmjs.org/call-bind-apply-helpers 296ms (cache miss)
320 silly packumentCache full:https://registry.npmjs.org/call-bind-apply-helpers set size:undefined disposed:false
321 http fetch GET 200 https://registry.npmjs.org/gopd 297ms (cache miss)
322 silly packumentCache full:https://registry.npmjs.org/gopd set size:undefined disposed:false
323 http fetch GET 200 https://registry.npmjs.org/has-symbols 461ms (cache miss)
324 silly packumentCache full:https://registry.npmjs.org/has-symbols set size:undefined disposed:false
325 http fetch GET 200 https://registry.npmjs.org/math-intrinsics 234ms (cache miss)
326 silly packumentCache full:https://registry.npmjs.org/math-intrinsics set size:undefined disposed:false
327 http fetch GET 200 https://registry.npmjs.org/es-define-property 223ms (cache miss)
328 silly packumentCache full:https://registry.npmjs.org/es-define-property set size:undefined disposed:false
329 http fetch GET 200 https://registry.npmjs.org/call-bind-apply-helpers 231ms (cache miss)
330 silly packumentCache full:https://registry.npmjs.org/call-bind-apply-helpers set size:undefined disposed:false
331 silly placeDep ROOT call-bind-apply-helpers@1.0.2 OK for: call-bound@1.0.4 want: ^1.0.2
332 silly placeDep ROOT function-bind@1.1.2 OK for: call-bind-apply-helpers@1.0.2 want: ^1.1.2
333 silly placeDep ROOT es-define-property@1.0.1 OK for: get-intrinsic@1.3.0 want: ^1.0.1
334 silly placeDep ROOT es-object-atoms@1.1.1 OK for: get-intrinsic@1.3.0 want: ^1.1.1
335 silly placeDep ROOT get-proto@1.0.1 OK for: get-intrinsic@1.3.0 want: ^1.0.1
336 silly placeDep ROOT gopd@1.2.0 OK for: get-intrinsic@1.3.0 want: ^1.2.0
337 silly placeDep ROOT has-symbols@1.1.0 OK for: get-intrinsic@1.3.0 want: ^1.1.0
338 silly placeDep ROOT hasown@2.0.3 OK for: get-intrinsic@1.3.0 want: ^2.0.2
339 silly placeDep ROOT math-intrinsics@1.1.0 OK for: get-intrinsic@1.3.0 want: ^1.1.0
340 silly fetch manifest dunder-proto@^1.0.1
341 silly packumentCache full:https://registry.npmjs.org/dunder-proto cache-miss
342 http fetch GET 200 https://registry.npmjs.org/dunder-proto 437ms (cache miss)
343 silly packumentCache full:https://registry.npmjs.org/dunder-proto set size:undefined disposed:false
344 silly placeDep ROOT dunder-proto@1.0.1 OK for: get-proto@1.0.1 want: ^1.0.1
345 silly reify moves {}
346 silly audit bulk request {
346 silly audit   '@borewit/text-codec': [ '0.2.2' ],
346 silly audit   '@cacheable/memory': [ '2.0.8' ],
346 silly audit   '@cacheable/node-cache': [ '1.7.6' ],
346 silly audit   '@cacheable/utils': [ '2.4.1' ],
346 silly audit   '@emnapi/runtime': [ '1.10.0' ],
346 silly audit   '@hapi/boom': [ '9.1.4' ],
346 silly audit   '@hapi/hoek': [ '9.3.0' ],
346 silly audit   '@img/colour': [ '1.1.0' ],
346 silly audit   '@img/sharp-darwin-arm64': [ '0.34.5' ],
346 silly audit   '@img/sharp-darwin-x64': [ '0.34.5' ],
346 silly audit   '@img/sharp-libvips-darwin-arm64': [ '1.2.4' ],
346 silly audit   '@img/sharp-libvips-darwin-x64': [ '1.2.4' ],
346 silly audit   '@img/sharp-libvips-linux-arm': [ '1.2.4' ],
346 silly audit   '@img/sharp-libvips-linux-arm64': [ '1.2.4' ],
346 silly audit   '@img/sharp-libvips-linux-ppc64': [ '1.2.4' ],
346 silly audit   '@img/sharp-libvips-linux-riscv64': [ '1.2.4' ],
346 silly audit   '@img/sharp-libvips-linux-s390x': [ '1.2.4' ],
346 silly audit   '@img/sharp-libvips-linux-x64': [ '1.2.4' ],
346 silly audit   '@img/sharp-libvips-linuxmusl-arm64': [ '1.2.4' ],
346 silly audit   '@img/sharp-libvips-linuxmusl-x64': [ '1.2.4' ],
346 silly audit   '@img/sharp-linux-arm': [ '0.34.5' ],
346 silly audit   '@img/sharp-linux-arm64': [ '0.34.5' ],
346 silly audit   '@img/sharp-linux-ppc64': [ '0.34.5' ],
346 silly audit   '@img/sharp-linux-riscv64': [ '0.34.5' ],
346 silly audit   '@img/sharp-linux-s390x': [ '0.34.5' ],
346 silly audit   '@img/sharp-linux-x64': [ '0.34.5' ],
346 silly audit   '@img/sharp-linuxmusl-arm64': [ '0.34.5' ],
346 silly audit   '@img/sharp-linuxmusl-x64': [ '0.34.5' ],
346 silly audit   '@img/sharp-wasm32': [ '0.34.5' ],
346 silly audit   '@img/sharp-win32-arm64': [ '0.34.5' ],
346 silly audit   '@img/sharp-win32-ia32': [ '0.34.5' ],
346 silly audit   '@img/sharp-win32-x64': [ '0.34.5' ],
346 silly audit   '@keyv/bigmap': [ '1.3.1' ],
346 silly audit   '@keyv/serialize': [ '1.1.1' ],
346 silly audit   '@pinojs/redact': [ '0.4.0' ],
346 silly audit   '@protobufjs/aspromise': [ '1.1.2' ],
346 silly audit   '@protobufjs/base64': [ '1.1.2' ],
346 silly audit   '@protobufjs/codegen': [ '2.0.5' ],
346 silly audit   '@protobufjs/eventemitter': [ '1.1.0' ],
346 silly audit   '@protobufjs/fetch': [ '1.1.0' ],
346 silly audit   '@protobufjs/float': [ '1.0.2' ],
346 silly audit   '@protobufjs/inquire': [ '1.1.1' ],
346 silly audit   '@protobufjs/path': [ '1.1.2' ],
346 silly audit   '@protobufjs/pool': [ '1.1.0' ],
346 silly audit   '@protobufjs/utf8': [ '1.1.1' ],
346 silly audit   '@tokenizer/inflate': [ '0.4.1' ],
346 silly audit   '@tokenizer/token': [ '0.3.0' ],
346 silly audit   '@types/long': [ '4.0.2' ],
346 silly audit   '@types/node': [ '25.6.2', '10.17.60' ],
346 silly audit   '@whiskeysockets/baileys': [ '7.0.0-rc10' ],
346 silly audit   pino: [ '9.14.0', '10.3.1' ],
346 silly audit   'pino-abstract-transport': [ '2.0.0', '3.0.0' ],
346 silly audit   'thread-stream': [ '3.1.0', '4.1.0' ],
346 silly audit   'async-mutex': [ '0.5.0' ],
346 silly audit   'atomic-sleep': [ '1.0.0' ],
346 silly audit   cacheable: [ '2.3.5' ],
346 silly audit   'content-type': [ '1.0.5' ],
346 silly audit   'curve25519-js': [ '0.0.4' ],
346 silly audit   debug: [ '4.4.3' ],
346 silly audit   'detect-libc': [ '2.1.2' ],
346 silly audit   eventemitter3: [ '5.0.4' ],
346 silly audit   'file-type': [ '21.3.4' ],
346 silly audit   hashery: [ '1.5.1' ],
346 silly audit   hookified: [ '1.15.1', '2.2.0' ],
346 silly audit   ieee754: [ '1.2.1' ],
346 silly audit   keyv: [ '5.6.0' ],
346 silly audit   '@whiskeysockets/libsignal-node': [ '2.0.1' ],
346 silly audit   long: [ '4.0.0', '5.3.2' ],
346 silly audit   protobufjs: [ '6.8.8', '7.5.7' ],
346 silly audit   'lru-cache': [ '11.3.6' ],
346 silly audit   'media-typer': [ '1.1.0' ],
346 silly audit   ms: [ '2.1.3' ],
346 silly audit   'music-metadata': [ '11.12.3' ],
346 silly audit   'on-exit-leak-free': [ '2.1.2' ],
346 silly audit   'p-queue': [ '9.2.0' ],
346 silly audit   'p-timeout': [ '7.0.1' ],
346 silly audit   'pino-std-serializers': [ '7.1.0' ],
346 silly audit   'process-warning': [ '5.0.0' ],
346 silly audit   qified: [ '0.10.1' ],
346 silly audit   'quick-format-unescaped': [ '4.0.4' ],
346 silly audit   'real-require': [ '0.2.0', '1.0.0' ],
346 silly audit   'safe-stable-stringify': [ '2.5.0' ],
346 silly audit   semver: [ '7.8.0' ],
346 silly audit   sharp: [ '0.34.5' ],
346 silly audit   'sonic-boom': [ '4.2.1' ],
346 silly audit   split2: [ '4.2.0' ],
346 silly audit   strtok3: [ '10.3.5' ],
346 silly audit   'token-types': [ '6.1.2' ],
346 silly audit   tslib: [ '2.8.1' ],
346 silly audit   'uint8array-extras': [ '1.5.0' ],
346 silly audit   'undici-types': [ '7.19.2' ],
346 silly audit   'whatsapp-rust-bridge': [ '0.5.3' ],
346 silly audit   'win-guid': [ '0.2.1' ],
346 silly audit   ws: [ '8.20.0' ],
346 silly audit   express: [ '5.2.1' ],
346 silly audit   accepts: [ '2.0.0' ],
346 silly audit   'body-parser': [ '2.2.2' ],
346 silly audit   'content-disposition': [ '1.1.0' ],
346 silly audit   cookie: [ '0.7.2' ],
346 silly audit   'cookie-signature': [ '1.2.2' ],
346 silly audit   depd: [ '2.0.0' ],
346 silly audit   encodeurl: [ '2.0.0' ],
346 silly audit   'escape-html': [ '1.0.3' ],
346 silly audit   etag: [ '1.8.1' ],
346 silly audit   finalhandler: [ '2.1.1' ],
346 silly audit   fresh: [ '2.0.0' ],
346 silly audit   'http-errors': [ '2.0.1' ],
346 silly audit   'merge-descriptors': [ '2.0.0' ],
346 silly audit   'mime-types': [ '3.0.2' ],
346 silly audit   'on-finished': [ '2.4.1' ],
346 silly audit   once: [ '1.4.0' ],
346 silly audit   parseurl: [ '1.3.3' ],
346 silly audit   'proxy-addr': [ '2.0.7' ],
346 silly audit   qs: [ '6.15.1' ],
346 silly audit   'range-parser': [ '1.2.1' ],
346 silly audit   router: [ '2.2.0' ],
346 silly audit   send: [ '1.2.1' ],
346 silly audit   'serve-static': [ '2.2.1' ],
346 silly audit   statuses: [ '2.0.2' ],
346 silly audit   'type-is': [ '2.0.1' ],
346 silly audit   vary: [ '1.1.2' ],
346 silly audit   negotiator: [ '1.0.0' ],
346 silly audit   bytes: [ '3.1.2' ],
346 silly audit   'iconv-lite': [ '0.7.2' ],
346 silly audit   'raw-body': [ '3.0.2' ],
346 silly audit   inherits: [ '2.0.4' ],
346 silly audit   setprototypeof: [ '1.2.0' ],
346 silly audit   toidentifier: [ '1.0.1' ],
346 silly audit   'safer-buffer': [ '2.1.2' ],
346 silly audit   'mime-db': [ '1.54.0' ],
346 silly audit   'ee-first': [ '1.1.1' ],
346 silly audit   wrappy: [ '1.0.2' ],
346 silly audit   forwarded: [ '0.2.0' ],
346 silly audit   'ipaddr.js': [ '1.9.1' ],
346 silly audit   'side-channel': [ '1.1.0' ],
346 silly audit   unpipe: [ '1.0.0' ],
346 silly audit   'is-promise': [ '4.0.0' ],
346 silly audit   'path-to-regexp': [ '8.4.2' ],
346 silly audit   'es-errors': [ '1.3.0' ],
346 silly audit   'object-inspect': [ '1.13.4' ],
346 silly audit   'side-channel-list': [ '1.0.1' ],
346 silly audit   'side-channel-map': [ '1.0.1' ],
346 silly audit   'side-channel-weakmap': [ '1.0.2' ],
346 silly audit   'call-bound': [ '1.0.4' ],
346 silly audit   'get-intrinsic': [ '1.3.0' ],
346 silly audit   'call-bind-apply-helpers': [ '1.0.2' ],
346 silly audit   'function-bind': [ '1.1.2' ],
346 silly audit   'es-define-property': [ '1.0.1' ],
346 silly audit   'es-object-atoms': [ '1.1.1' ],
346 silly audit   'get-proto': [ '1.0.1' ],
346 silly audit   gopd: [ '1.2.0' ],
346 silly audit   'has-symbols': [ '1.1.0' ],
346 silly audit   hasown: [ '2.0.3' ],
346 silly audit   'math-intrinsics': [ '1.1.0' ],
346 silly audit   'dunder-proto': [ '1.0.1' ]
346 silly audit }
347 http cache math-intrinsics@https://registry.npmjs.org/math-intrinsics/-/math-intrinsics-1.1.0.tgz 0ms (cache hit)
348 http cache has-symbols@https://registry.npmjs.org/has-symbols/-/has-symbols-1.1.0.tgz 0ms (cache hit)
349 http cache get-proto@https://registry.npmjs.org/get-proto/-/get-proto-1.0.1.tgz 0ms (cache hit)
350 http cache gopd@https://registry.npmjs.org/gopd/-/gopd-1.2.0.tgz 0ms (cache hit)
351 http cache es-object-atoms@https://registry.npmjs.org/es-object-atoms/-/es-object-atoms-1.1.1.tgz 0ms (cache hit)
352 http cache es-define-property@https://registry.npmjs.org/es-define-property/-/es-define-property-1.0.1.tgz 0ms (cache hit)
353 http cache function-bind@https://registry.npmjs.org/function-bind/-/function-bind-1.1.2.tgz 0ms (cache hit)
354 http cache call-bind-apply-helpers@https://registry.npmjs.org/call-bind-apply-helpers/-/call-bind-apply-helpers-1.0.2.tgz 0ms (cache hit)
355 http cache get-intrinsic@https://registry.npmjs.org/get-intrinsic/-/get-intrinsic-1.3.0.tgz 0ms (cache hit)
356 http cache call-bound@https://registry.npmjs.org/call-bound/-/call-bound-1.0.4.tgz 0ms (cache hit)
357 http cache hasown@https://registry.npmjs.org/hasown/-/hasown-2.0.3.tgz 0ms (cache hit)
358 http cache side-channel-weakmap@https://registry.npmjs.org/side-channel-weakmap/-/side-channel-weakmap-1.0.2.tgz 0ms (cache hit)
359 http cache side-channel-map@https://registry.npmjs.org/side-channel-map/-/side-channel-map-1.0.1.tgz 0ms (cache hit)
360 http cache side-channel-list@https://registry.npmjs.org/side-channel-list/-/side-channel-list-1.0.1.tgz 0ms (cache hit)
361 http cache object-inspect@https://registry.npmjs.org/object-inspect/-/object-inspect-1.13.4.tgz 0ms (cache hit)
362 http cache es-errors@https://registry.npmjs.org/es-errors/-/es-errors-1.3.0.tgz 0ms (cache hit)
363 http cache path-to-regexp@https://registry.npmjs.org/path-to-regexp/-/path-to-regexp-8.4.2.tgz 0ms (cache hit)
364 http cache is-promise@https://registry.npmjs.org/is-promise/-/is-promise-4.0.0.tgz 0ms (cache hit)
365 http cache unpipe@https://registry.npmjs.org/unpipe/-/unpipe-1.0.0.tgz 0ms (cache hit)
366 http cache side-channel@https://registry.npmjs.org/side-channel/-/side-channel-1.1.0.tgz 0ms (cache hit)
367 http cache ipaddr.js@https://registry.npmjs.org/ipaddr.js/-/ipaddr.js-1.9.1.tgz 0ms (cache hit)
368 http cache forwarded@https://registry.npmjs.org/forwarded/-/forwarded-0.2.0.tgz 0ms (cache hit)
369 http cache mime-db@https://registry.npmjs.org/mime-db/-/mime-db-1.54.0.tgz 0ms (cache hit)
370 http cache wrappy@https://registry.npmjs.org/wrappy/-/wrappy-1.0.2.tgz 0ms (cache hit)
371 http cache ee-first@https://registry.npmjs.org/ee-first/-/ee-first-1.1.1.tgz 0ms (cache hit)
372 http cache safer-buffer@https://registry.npmjs.org/safer-buffer/-/safer-buffer-2.1.2.tgz 0ms (cache hit)
373 http cache toidentifier@https://registry.npmjs.org/toidentifier/-/toidentifier-1.0.1.tgz 0ms (cache hit)
374 http cache setprototypeof@https://registry.npmjs.org/setprototypeof/-/setprototypeof-1.2.0.tgz 0ms (cache hit)
375 http cache inherits@https://registry.npmjs.org/inherits/-/inherits-2.0.4.tgz 0ms (cache hit)
376 http cache raw-body@https://registry.npmjs.org/raw-body/-/raw-body-3.0.2.tgz 0ms (cache hit)
377 http cache iconv-lite@https://registry.npmjs.org/iconv-lite/-/iconv-lite-0.7.2.tgz 0ms (cache hit)
378 http cache bytes@https://registry.npmjs.org/bytes/-/bytes-3.1.2.tgz 0ms (cache hit)
379 http cache negotiator@https://registry.npmjs.org/negotiator/-/negotiator-1.0.0.tgz 0ms (cache hit)
380 http cache vary@https://registry.npmjs.org/vary/-/vary-1.1.2.tgz 0ms (cache hit)
381 http cache type-is@https://registry.npmjs.org/type-is/-/type-is-2.0.1.tgz 0ms (cache hit)
382 http cache statuses@https://registry.npmjs.org/statuses/-/statuses-2.0.2.tgz 0ms (cache hit)
383 http cache serve-static@https://registry.npmjs.org/serve-static/-/serve-static-2.2.1.tgz 0ms (cache hit)
384 http cache send@https://registry.npmjs.org/send/-/send-1.2.1.tgz 0ms (cache hit)
385 http cache router@https://registry.npmjs.org/router/-/router-2.2.0.tgz 0ms (cache hit)
386 http cache range-parser@https://registry.npmjs.org/range-parser/-/range-parser-1.2.1.tgz 0ms (cache hit)
387 http cache qs@https://registry.npmjs.org/qs/-/qs-6.15.1.tgz 0ms (cache hit)
388 http cache parseurl@https://registry.npmjs.org/parseurl/-/parseurl-1.3.3.tgz 0ms (cache hit)
389 http cache proxy-addr@https://registry.npmjs.org/proxy-addr/-/proxy-addr-2.0.7.tgz 0ms (cache hit)
390 http cache on-finished@https://registry.npmjs.org/on-finished/-/on-finished-2.4.1.tgz 0ms (cache hit)
391 http cache mime-types@https://registry.npmjs.org/mime-types/-/mime-types-3.0.2.tgz 0ms (cache hit)
392 http cache merge-descriptors@https://registry.npmjs.org/merge-descriptors/-/merge-descriptors-2.0.0.tgz 0ms (cache hit)
393 http cache once@https://registry.npmjs.org/once/-/once-1.4.0.tgz 0ms (cache hit)
394 http cache http-errors@https://registry.npmjs.org/http-errors/-/http-errors-2.0.1.tgz 0ms (cache hit)
395 http cache fresh@https://registry.npmjs.org/fresh/-/fresh-2.0.0.tgz 0ms (cache hit)
396 http cache finalhandler@https://registry.npmjs.org/finalhandler/-/finalhandler-2.1.1.tgz 0ms (cache hit)
397 http cache etag@https://registry.npmjs.org/etag/-/etag-1.8.1.tgz 0ms (cache hit)
398 http cache escape-html@https://registry.npmjs.org/escape-html/-/escape-html-1.0.3.tgz 0ms (cache hit)
399 http cache encodeurl@https://registry.npmjs.org/encodeurl/-/encodeurl-2.0.0.tgz 0ms (cache hit)
400 http cache depd@https://registry.npmjs.org/depd/-/depd-2.0.0.tgz 0ms (cache hit)
401 http cache cookie-signature@https://registry.npmjs.org/cookie-signature/-/cookie-signature-1.2.2.tgz 0ms (cache hit)
402 http cache content-disposition@https://registry.npmjs.org/content-disposition/-/content-disposition-1.1.0.tgz 0ms (cache hit)
403 http cache cookie@https://registry.npmjs.org/cookie/-/cookie-0.7.2.tgz 0ms (cache hit)
404 http cache body-parser@https://registry.npmjs.org/body-parser/-/body-parser-2.2.2.tgz 0ms (cache hit)
405 http cache accepts@https://registry.npmjs.org/accepts/-/accepts-2.0.0.tgz 0ms (cache hit)
406 http cache express@https://registry.npmjs.org/express/-/express-5.2.1.tgz 0ms (cache hit)
407 http cache dunder-proto@https://registry.npmjs.org/dunder-proto/-/dunder-proto-1.0.1.tgz 0ms (cache hit)
408 silly tarball no local data for math-intrinsics@https://registry.npmjs.org/math-intrinsics/-/math-intrinsics-1.1.0.tgz. Extracting by manifest.
409 silly tarball no local data for has-symbols@https://registry.npmjs.org/has-symbols/-/has-symbols-1.1.0.tgz. Extracting by manifest.
410 silly tarball no local data for get-proto@https://registry.npmjs.org/get-proto/-/get-proto-1.0.1.tgz. Extracting by manifest.
411 silly tarball no local data for gopd@https://registry.npmjs.org/gopd/-/gopd-1.2.0.tgz. Extracting by manifest.
412 silly tarball no local data for es-object-atoms@https://registry.npmjs.org/es-object-atoms/-/es-object-atoms-1.1.1.tgz. Extracting by manifest.
413 silly tarball no local data for es-define-property@https://registry.npmjs.org/es-define-property/-/es-define-property-1.0.1.tgz. Extracting by manifest.
414 silly tarball no local data for call-bind-apply-helpers@https://registry.npmjs.org/call-bind-apply-helpers/-/call-bind-apply-helpers-1.0.2.tgz. Extracting by manifest.
415 silly tarball no local data for get-intrinsic@https://registry.npmjs.org/get-intrinsic/-/get-intrinsic-1.3.0.tgz. Extracting by manifest.
416 silly tarball no local data for hasown@https://registry.npmjs.org/hasown/-/hasown-2.0.3.tgz. Extracting by manifest.
417 silly tarball no local data for call-bound@https://registry.npmjs.org/call-bound/-/call-bound-1.0.4.tgz. Extracting by manifest.
418 silly tarball no local data for function-bind@https://registry.npmjs.org/function-bind/-/function-bind-1.1.2.tgz. Extracting by manifest.
419 silly tarball no local data for side-channel-weakmap@https://registry.npmjs.org/side-channel-weakmap/-/side-channel-weakmap-1.0.2.tgz. Extracting by manifest.
420 silly tarball no local data for side-channel-map@https://registry.npmjs.org/side-channel-map/-/side-channel-map-1.0.1.tgz. Extracting by manifest.
421 silly tarball no local data for side-channel-list@https://registry.npmjs.org/side-channel-list/-/side-channel-list-1.0.1.tgz. Extracting by manifest.
422 silly tarball no local data for object-inspect@https://registry.npmjs.org/object-inspect/-/object-inspect-1.13.4.tgz. Extracting by manifest.
423 silly tarball no local data for es-errors@https://registry.npmjs.org/es-errors/-/es-errors-1.3.0.tgz. Extracting by manifest.
424 silly tarball no local data for is-promise@https://registry.npmjs.org/is-promise/-/is-promise-4.0.0.tgz. Extracting by manifest.
425 silly tarball no local data for path-to-regexp@https://registry.npmjs.org/path-to-regexp/-/path-to-regexp-8.4.2.tgz. Extracting by manifest.
426 silly tarball no local data for side-channel@https://registry.npmjs.org/side-channel/-/side-channel-1.1.0.tgz. Extracting by manifest.
427 silly tarball no local data for ipaddr.js@https://registry.npmjs.org/ipaddr.js/-/ipaddr.js-1.9.1.tgz. Extracting by manifest.
428 silly tarball no local data for forwarded@https://registry.npmjs.org/forwarded/-/forwarded-0.2.0.tgz. Extracting by manifest.
429 silly tarball no local data for mime-db@https://registry.npmjs.org/mime-db/-/mime-db-1.54.0.tgz. Extracting by manifest.
430 silly tarball no local data for wrappy@https://registry.npmjs.org/wrappy/-/wrappy-1.0.2.tgz. Extracting by manifest.
431 silly tarball no local data for ee-first@https://registry.npmjs.org/ee-first/-/ee-first-1.1.1.tgz. Extracting by manifest.
432 silly tarball no local data for safer-buffer@https://registry.npmjs.org/safer-buffer/-/safer-buffer-2.1.2.tgz. Extracting by manifest.
433 silly tarball no local data for toidentifier@https://registry.npmjs.org/toidentifier/-/toidentifier-1.0.1.tgz. Extracting by manifest.
434 silly tarball no local data for setprototypeof@https://registry.npmjs.org/setprototypeof/-/setprototypeof-1.2.0.tgz. Extracting by manifest.
435 silly tarball no local data for iconv-lite@https://registry.npmjs.org/iconv-lite/-/iconv-lite-0.7.2.tgz. Extracting by manifest.
436 silly tarball no local data for bytes@https://registry.npmjs.org/bytes/-/bytes-3.1.2.tgz. Extracting by manifest.
437 silly tarball no local data for raw-body@https://registry.npmjs.org/raw-body/-/raw-body-3.0.2.tgz. Extracting by manifest.
438 silly tarball no local data for vary@https://registry.npmjs.org/vary/-/vary-1.1.2.tgz. Extracting by manifest.
439 silly tarball no local data for inherits@https://registry.npmjs.org/inherits/-/inherits-2.0.4.tgz. Extracting by manifest.
440 silly tarball no local data for unpipe@https://registry.npmjs.org/unpipe/-/unpipe-1.0.0.tgz. Extracting by manifest.
441 silly tarball no local data for statuses@https://registry.npmjs.org/statuses/-/statuses-2.0.2.tgz. Extracting by manifest.
442 silly tarball no local data for serve-static@https://registry.npmjs.org/serve-static/-/serve-static-2.2.1.tgz. Extracting by manifest.
443 silly tarball no local data for send@https://registry.npmjs.org/send/-/send-1.2.1.tgz. Extracting by manifest.
444 silly tarball no local data for range-parser@https://registry.npmjs.org/range-parser/-/range-parser-1.2.1.tgz. Extracting by manifest.
445 silly tarball no local data for router@https://registry.npmjs.org/router/-/router-2.2.0.tgz. Extracting by manifest.
446 silly tarball no local data for negotiator@https://registry.npmjs.org/negotiator/-/negotiator-1.0.0.tgz. Extracting by manifest.
447 silly tarball no local data for type-is@https://registry.npmjs.org/type-is/-/type-is-2.0.1.tgz. Extracting by manifest.
448 silly tarball no local data for qs@https://registry.npmjs.org/qs/-/qs-6.15.1.tgz. Extracting by manifest.
449 silly tarball no local data for parseurl@https://registry.npmjs.org/parseurl/-/parseurl-1.3.3.tgz. Extracting by manifest.
450 silly tarball no local data for on-finished@https://registry.npmjs.org/on-finished/-/on-finished-2.4.1.tgz. Extracting by manifest.
451 silly tarball no local data for proxy-addr@https://registry.npmjs.org/proxy-addr/-/proxy-addr-2.0.7.tgz. Extracting by manifest.
452 silly tarball no local data for mime-types@https://registry.npmjs.org/mime-types/-/mime-types-3.0.2.tgz. Extracting by manifest.
453 silly tarball no local data for merge-descriptors@https://registry.npmjs.org/merge-descriptors/-/merge-descriptors-2.0.0.tgz. Extracting by manifest.
454 silly tarball no local data for once@https://registry.npmjs.org/once/-/once-1.4.0.tgz. Extracting by manifest.
455 silly tarball no local data for http-errors@https://registry.npmjs.org/http-errors/-/http-errors-2.0.1.tgz. Extracting by manifest.
456 silly tarball no local data for finalhandler@https://registry.npmjs.org/finalhandler/-/finalhandler-2.1.1.tgz. Extracting by manifest.
457 silly tarball no local data for fresh@https://registry.npmjs.org/fresh/-/fresh-2.0.0.tgz. Extracting by manifest.
458 silly tarball no local data for etag@https://registry.npmjs.org/etag/-/etag-1.8.1.tgz. Extracting by manifest.
459 silly tarball no local data for escape-html@https://registry.npmjs.org/escape-html/-/escape-html-1.0.3.tgz. Extracting by manifest.
460 silly tarball no local data for encodeurl@https://registry.npmjs.org/encodeurl/-/encodeurl-2.0.0.tgz. Extracting by manifest.
461 silly tarball no local data for depd@https://registry.npmjs.org/depd/-/depd-2.0.0.tgz. Extracting by manifest.
462 silly tarball no local data for cookie-signature@https://registry.npmjs.org/cookie-signature/-/cookie-signature-1.2.2.tgz. Extracting by manifest.
463 silly tarball no local data for content-disposition@https://registry.npmjs.org/content-disposition/-/content-disposition-1.1.0.tgz. Extracting by manifest.
464 silly tarball no local data for cookie@https://registry.npmjs.org/cookie/-/cookie-0.7.2.tgz. Extracting by manifest.
465 silly tarball no local data for accepts@https://registry.npmjs.org/accepts/-/accepts-2.0.0.tgz. Extracting by manifest.
466 silly tarball no local data for body-parser@https://registry.npmjs.org/body-parser/-/body-parser-2.2.2.tgz. Extracting by manifest.
467 silly tarball no local data for express@https://registry.npmjs.org/express/-/express-5.2.1.tgz. Extracting by manifest.
468 silly tarball no local data for dunder-proto@https://registry.npmjs.org/dunder-proto/-/dunder-proto-1.0.1.tgz. Extracting by manifest.
469 http fetch GET 200 https://registry.npmjs.org/es-object-atoms/-/es-object-atoms-1.1.1.tgz 350ms (cache miss)
470 http fetch GET 200 https://registry.npmjs.org/get-proto/-/get-proto-1.0.1.tgz 354ms (cache miss)
471 http fetch GET 200 https://registry.npmjs.org/gopd/-/gopd-1.2.0.tgz 354ms (cache miss)
472 http fetch GET 200 https://registry.npmjs.org/call-bind-apply-helpers/-/call-bind-apply-helpers-1.0.2.tgz 363ms (cache miss)
473 http fetch GET 200 https://registry.npmjs.org/has-symbols/-/has-symbols-1.1.0.tgz 369ms (cache miss)
474 http fetch GET 200 https://registry.npmjs.org/math-intrinsics/-/math-intrinsics-1.1.0.tgz 377ms (cache miss)
475 http fetch GET 200 https://registry.npmjs.org/object-inspect/-/object-inspect-1.13.4.tgz 377ms (cache miss)
476 http fetch POST 200 https://registry.npmjs.org/-/npm/v1/security/advisories/bulk 430ms
477 silly audit report {
477 silly audit report   protobufjs: [
477 silly audit report     {
477 silly audit report       id: 1117571,
477 silly audit report       url: 'https://github.com/advisories/GHSA-xq3m-2v4x-88gg',
477 silly audit report       title: 'Arbitrary code execution in protobufjs',
477 silly audit report       severity: 'critical',
477 silly audit report       vulnerable_versions: '<7.5.5',
477 silly audit report       cwe: [Array],
477 silly audit report       cvss: [Object]
477 silly audit report     }
477 silly audit report   ]
477 silly audit report }
478 silly packumentCache corgi:https://registry.npmjs.org/protobufjs cache-miss
479 http fetch GET 200 https://registry.npmjs.org/forwarded/-/forwarded-0.2.0.tgz 518ms (cache miss)
480 http fetch GET 200 https://registry.npmjs.org/is-promise/-/is-promise-4.0.0.tgz 527ms (cache miss)
481 http fetch GET 200 https://registry.npmjs.org/side-channel/-/side-channel-1.1.0.tgz 526ms (cache miss)
482 http fetch GET 200 https://registry.npmjs.org/ipaddr.js/-/ipaddr.js-1.9.1.tgz 527ms (cache miss)
483 http fetch GET 200 https://registry.npmjs.org/path-to-regexp/-/path-to-regexp-8.4.2.tgz 528ms (cache miss)
484 http fetch GET 200 https://registry.npmjs.org/es-errors/-/es-errors-1.3.0.tgz 531ms (cache miss)
485 http fetch GET 200 https://registry.npmjs.org/wrappy/-/wrappy-1.0.2.tgz 540ms (cache miss)
486 http fetch GET 200 https://registry.npmjs.org/mime-db/-/mime-db-1.54.0.tgz 633ms (cache miss)
487 http fetch GET 200 https://registry.npmjs.org/bytes/-/bytes-3.1.2.tgz 629ms (cache miss)
488 http fetch GET 200 https://registry.npmjs.org/safer-buffer/-/safer-buffer-2.1.2.tgz 687ms (cache miss)
489 http fetch GET 200 https://registry.npmjs.org/setprototypeof/-/setprototypeof-1.2.0.tgz 735ms (cache miss)
490 http fetch GET 200 https://registry.npmjs.org/toidentifier/-/toidentifier-1.0.1.tgz 737ms (cache miss)
491 http fetch GET 200 https://registry.npmjs.org/ee-first/-/ee-first-1.1.1.tgz 739ms (cache miss)
492 http fetch GET 200 https://registry.npmjs.org/raw-body/-/raw-body-3.0.2.tgz 737ms (cache miss)
493 http fetch GET 200 https://registry.npmjs.org/send/-/send-1.2.1.tgz 801ms (cache miss)
494 http fetch GET 200 https://registry.npmjs.org/function-bind/-/function-bind-1.1.2.tgz 846ms (cache miss)
495 http fetch GET 200 https://registry.npmjs.org/side-channel-map/-/side-channel-map-1.0.1.tgz 885ms (cache miss)
496 http fetch GET 200 https://registry.npmjs.org/vary/-/vary-1.1.2.tgz 881ms (cache miss)
497 http fetch GET 200 https://registry.npmjs.org/es-define-property/-/es-define-property-1.0.1.tgz 905ms (cache miss)
498 http fetch GET 200 https://registry.npmjs.org/inherits/-/inherits-2.0.4.tgz 890ms (cache miss)
499 http fetch GET 200 https://registry.npmjs.org/side-channel-list/-/side-channel-list-1.0.1.tgz 904ms (cache miss)
500 http fetch GET 200 https://registry.npmjs.org/hasown/-/hasown-2.0.3.tgz 908ms (cache miss)
501 http fetch GET 200 https://registry.npmjs.org/side-channel-weakmap/-/side-channel-weakmap-1.0.2.tgz 908ms (cache miss)
502 http fetch GET 200 https://registry.npmjs.org/range-parser/-/range-parser-1.2.1.tgz 896ms (cache miss)
503 http fetch GET 200 https://registry.npmjs.org/get-intrinsic/-/get-intrinsic-1.3.0.tgz 916ms (cache miss)
504 http fetch GET 200 https://registry.npmjs.org/call-bound/-/call-bound-1.0.4.tgz 915ms (cache miss)
505 http fetch GET 200 https://registry.npmjs.org/unpipe/-/unpipe-1.0.0.tgz 899ms (cache miss)
506 http fetch GET 200 https://registry.npmjs.org/serve-static/-/serve-static-2.2.1.tgz 915ms (cache miss)
507 http fetch GET 200 https://registry.npmjs.org/statuses/-/statuses-2.0.2.tgz 915ms (cache miss)
508 http fetch GET 200 https://registry.npmjs.org/iconv-lite/-/iconv-lite-0.7.2.tgz 994ms (cache miss)
509 http fetch GET 200 https://registry.npmjs.org/http-errors/-/http-errors-2.0.1.tgz 984ms (cache miss)
510 http fetch GET 200 https://registry.npmjs.org/negotiator/-/negotiator-1.0.0.tgz 1091ms (cache miss)
511 http fetch GET 200 https://registry.npmjs.org/router/-/router-2.2.0.tgz 1094ms (cache miss)
512 http fetch GET 200 https://registry.npmjs.org/type-is/-/type-is-2.0.1.tgz 1101ms (cache miss)
513 http fetch GET 200 https://registry.npmjs.org/parseurl/-/parseurl-1.3.3.tgz 1105ms (cache miss)
514 http fetch GET 200 https://registry.npmjs.org/mime-types/-/mime-types-3.0.2.tgz 1109ms (cache miss)
515 http fetch GET 200 https://registry.npmjs.org/escape-html/-/escape-html-1.0.3.tgz 1105ms (cache miss)
516 http fetch GET 200 https://registry.npmjs.org/merge-descriptors/-/merge-descriptors-2.0.0.tgz 1110ms (cache miss)
517 http fetch GET 200 https://registry.npmjs.org/proxy-addr/-/proxy-addr-2.0.7.tgz 1114ms (cache miss)
518 http fetch GET 200 https://registry.npmjs.org/on-finished/-/on-finished-2.4.1.tgz 1117ms (cache miss)
519 http fetch GET 200 https://registry.npmjs.org/once/-/once-1.4.0.tgz 1116ms (cache miss)
520 http fetch GET 200 https://registry.npmjs.org/finalhandler/-/finalhandler-2.1.1.tgz 1125ms (cache miss)
521 http fetch GET 200 https://registry.npmjs.org/etag/-/etag-1.8.1.tgz 1131ms (cache miss)
522 http fetch GET 200 https://registry.npmjs.org/fresh/-/fresh-2.0.0.tgz 1132ms (cache miss)
523 http fetch GET 200 https://registry.npmjs.org/qs/-/qs-6.15.1.tgz 1144ms (cache miss)
524 http fetch GET 200 https://registry.npmjs.org/express/-/express-5.2.1.tgz 1164ms (cache miss)
525 http fetch GET 200 https://registry.npmjs.org/encodeurl/-/encodeurl-2.0.0.tgz 1191ms (cache miss)
526 http fetch GET 200 https://registry.npmjs.org/cookie-signature/-/cookie-signature-1.2.2.tgz 1216ms (cache miss)
527 http fetch GET 200 https://registry.npmjs.org/depd/-/depd-2.0.0.tgz 1222ms (cache miss)
528 http fetch GET 200 https://registry.npmjs.org/content-disposition/-/content-disposition-1.1.0.tgz 1231ms (cache miss)
529 http fetch GET 200 https://registry.npmjs.org/cookie/-/cookie-0.7.2.tgz 1248ms (cache miss)
530 http fetch GET 200 https://registry.npmjs.org/accepts/-/accepts-2.0.0.tgz 1256ms (cache miss)
531 http fetch GET 200 https://registry.npmjs.org/body-parser/-/body-parser-2.2.2.tgz 1270ms (cache miss)
532 http fetch GET 200 https://registry.npmjs.org/dunder-proto/-/dunder-proto-1.0.1.tgz 1277ms (cache miss)
533 http fetch GET 200 https://registry.npmjs.org/protobufjs 1030ms (cache miss)
534 silly packumentCache corgi:https://registry.npmjs.org/protobufjs set size:undefined disposed:false
535 silly packumentCache corgi:https://registry.npmjs.org/@whiskeysockets%2flibsignal-node cache-miss
536 http fetch GET 404 https://registry.npmjs.org/@whiskeysockets%2flibsignal-node 418ms (cache skip)
537 silly packumentCache corgi:https://registry.npmjs.org/@whiskeysockets%2flibsignal-node cache-miss
538 http fetch GET 404 https://registry.npmjs.org/@whiskeysockets%2flibsignal-node 311ms (cache skip)
539 silly packumentCache corgi:https://registry.npmjs.org/@whiskeysockets%2fbaileys cache-miss
540 http fetch GET 200 https://registry.npmjs.org/@whiskeysockets%2fbaileys 259ms (cache miss)
541 silly packumentCache corgi:https://registry.npmjs.org/@whiskeysockets%2fbaileys set size:undefined disposed:false
542 silly ADD node_modules/dunder-proto
543 silly ADD node_modules/math-intrinsics
544 silly ADD node_modules/hasown
545 silly ADD node_modules/has-symbols
546 silly ADD node_modules/gopd
547 silly ADD node_modules/get-proto
548 silly ADD node_modules/es-object-atoms
549 silly ADD node_modules/es-define-property
550 silly ADD node_modules/function-bind
551 silly ADD node_modules/call-bind-apply-helpers
552 silly ADD node_modules/get-intrinsic
553 silly ADD node_modules/call-bound
554 silly ADD node_modules/side-channel-weakmap
555 silly ADD node_modules/side-channel-map
556 silly ADD node_modules/side-channel-list
557 silly ADD node_modules/object-inspect
558 silly ADD node_modules/es-errors
559 silly ADD node_modules/path-to-regexp
560 silly ADD node_modules/is-promise
561 silly ADD node_modules/unpipe
562 silly ADD node_modules/side-channel
563 silly ADD node_modules/ipaddr.js
564 silly ADD node_modules/forwarded
565 silly ADD node_modules/wrappy
566 silly ADD node_modules/ee-first
567 silly ADD node_modules/mime-db
568 silly ADD node_modules/safer-buffer
569 silly ADD node_modules/toidentifier
570 silly ADD node_modules/setprototypeof
571 silly ADD node_modules/inherits
572 silly ADD node_modules/raw-body
573 silly ADD node_modules/iconv-lite
574 silly ADD node_modules/bytes
575 silly ADD node_modules/negotiator
576 silly ADD node_modules/vary
577 silly ADD node_modules/type-is
578 silly ADD node_modules/statuses
579 silly ADD node_modules/serve-static
580 silly ADD node_modules/send
581 silly ADD node_modules/router
582 silly ADD node_modules/range-parser
583 silly ADD node_modules/qs
584 silly ADD node_modules/proxy-addr
585 silly ADD node_modules/parseurl
586 silly ADD node_modules/once
587 silly ADD node_modules/on-finished
588 silly ADD node_modules/mime-types
589 silly ADD node_modules/merge-descriptors
590 silly ADD node_modules/http-errors
591 silly ADD node_modules/fresh
592 silly ADD node_modules/finalhandler
593 silly ADD node_modules/etag
594 silly ADD node_modules/escape-html
595 silly ADD node_modules/encodeurl
596 silly ADD node_modules/depd
597 silly ADD node_modules/cookie-signature
598 silly ADD node_modules/cookie
599 silly ADD node_modules/content-disposition
600 silly ADD node_modules/body-parser
601 silly ADD node_modules/accepts
602 silly ADD node_modules/express
603 verbose cwd /data/data/com.termux/files/home/my-bot
604 verbose os Linux 6.1.145-android14-11-gfa1d6308d1fe-ab14691759
605 verbose node v24.14.1
606 verbose npm  v11.14.1
607 verbose exit 0
608 info ok
