0 verbose cli /data/data/com.termux/files/usr/bin/node /data/data/com.termux/files/usr/bin/npm
1 info using npm@11.16.0
2 info using node@v26.2.0
3 silly config load:file:/data/data/com.termux/files/usr/lib/node_modules/npm/npmrc
4 silly config load:file:/data/data/com.termux/files/home/sofa-shop/.npmrc
5 silly config load:file:/data/data/com.termux/files/home/.npmrc
6 silly config load:file:/data/data/com.termux/files/usr/etc/npmrc
7 verbose title npm install express body-parser
8 verbose argv "install" "express" "body-parser"
9 verbose logfile logs-max:10 dir:/data/data/com.termux/files/home/.npm/_logs/2026-05-31T01_28_46_679Z-
10 verbose logfile /data/data/com.termux/files/home/.npm/_logs/2026-05-31T01_28_46_679Z-debug-0.log
11 silly logfile done cleaning log files
12 silly packumentCache heap:1174405120 maxSize:293601280 maxEntrySize:146800640
13 silly idealTree buildDeps
14 silly fetch manifest express@*
15 silly packumentCache full:https://registry.npmjs.org/express cache-miss
16 http fetch GET 200 https://registry.npmjs.org/express 1289ms (cache updated)
17 silly packumentCache full:https://registry.npmjs.org/express set size:undefined disposed:false
18 silly fetch manifest body-parser@*
19 silly packumentCache full:https://registry.npmjs.org/body-parser cache-miss
20 http fetch GET 200 https://registry.npmjs.org/body-parser 723ms (cache revalidated)
21 silly packumentCache full:https://registry.npmjs.org/body-parser set size:199299 disposed:false
22 silly placeDep ROOT body-parser@2.2.2 OK for: sofa-shop@1.0.0 want: *
23 silly placeDep ROOT express@5.2.1 OK for: sofa-shop@1.0.0 want: *
24 silly fetch manifest qs@^6.14.1
25 silly packumentCache full:https://registry.npmjs.org/qs cache-miss
26 silly fetch manifest bytes@^3.1.2
27 silly packumentCache full:https://registry.npmjs.org/bytes cache-miss
28 silly fetch manifest debug@^4.4.3
29 silly packumentCache full:https://registry.npmjs.org/debug cache-miss
30 silly fetch manifest type-is@^2.0.1
31 silly packumentCache full:https://registry.npmjs.org/type-is cache-miss
32 silly fetch manifest raw-body@^3.0.1
33 silly packumentCache full:https://registry.npmjs.org/raw-body cache-miss
34 silly fetch manifest iconv-lite@^0.7.0
35 silly packumentCache full:https://registry.npmjs.org/iconv-lite cache-miss
36 silly fetch manifest http-errors@^2.0.0
37 silly packumentCache full:https://registry.npmjs.org/http-errors cache-miss
38 http fetch GET 200 https://registry.npmjs.org/iconv-lite 312ms (cache revalidated)
39 silly packumentCache full:https://registry.npmjs.org/iconv-lite set size:120557 disposed:false
40 silly fetch manifest on-finished@^2.4.1
41 silly packumentCache full:https://registry.npmjs.org/on-finished cache-miss
42 http fetch GET 200 https://registry.npmjs.org/http-errors 571ms (cache revalidated)
43 silly packumentCache full:https://registry.npmjs.org/http-errors set size:71987 disposed:false
44 silly fetch manifest content-type@^1.0.5
45 silly packumentCache full:https://registry.npmjs.org/content-type cache-miss
46 http fetch GET 200 https://registry.npmjs.org/raw-body 587ms (cache revalidated)
47 silly packumentCache full:https://registry.npmjs.org/raw-body set size:117822 disposed:false
48 silly fetch manifest qs@^6.14.0
49 silly packumentCache full:https://registry.npmjs.org/qs cache-miss
50 http fetch GET 200 https://registry.npmjs.org/debug 604ms (cache revalidated)
51 silly packumentCache full:https://registry.npmjs.org/debug set size:195840 disposed:false
52 silly fetch manifest depd@^2.0.0
53 silly packumentCache full:https://registry.npmjs.org/depd cache-miss
54 http fetch GET 200 https://registry.npmjs.org/qs 624ms (cache revalidated)
55 silly packumentCache full:https://registry.npmjs.org/qs set size:356906 disposed:false
56 silly fetch manifest etag@^1.8.1
57 silly packumentCache full:https://registry.npmjs.org/etag cache-miss
58 http fetch GET 200 https://registry.npmjs.org/type-is 642ms (cache updated)
59 silly packumentCache full:https://registry.npmjs.org/type-is set size:undefined disposed:false
60 silly fetch manifest once@^1.4.0
61 silly packumentCache full:https://registry.npmjs.org/once cache-miss
62 http fetch GET 200 https://registry.npmjs.org/bytes 651ms (cache revalidated)
63 silly packumentCache full:https://registry.npmjs.org/bytes set size:37018 disposed:false
64 silly fetch manifest send@^1.1.0
65 silly packumentCache full:https://registry.npmjs.org/send cache-miss
66 http cache https://registry.npmjs.org/qs 66ms (cache hit)
67 silly packumentCache full:https://registry.npmjs.org/qs set size:356906 disposed:false
68 silly packumentCache full:https://registry.npmjs.org/qs dispose
69 silly fetch manifest vary@^1.1.2
70 silly packumentCache full:https://registry.npmjs.org/vary cache-miss
71 http fetch GET 200 https://registry.npmjs.org/on-finished 382ms (cache revalidated)
72 silly packumentCache full:https://registry.npmjs.org/on-finished set size:23212 disposed:false
73 silly fetch manifest debug@^4.4.0
74 silly packumentCache full:https://registry.npmjs.org/debug cache-hit
75 silly fetch manifest fresh@^2.0.0
76 silly packumentCache full:https://registry.npmjs.org/fresh cache-miss
77 http fetch GET 200 https://registry.npmjs.org/vary 510ms (cache revalidated)
78 silly packumentCache full:https://registry.npmjs.org/vary set size:15994 disposed:false
79 silly fetch manifest cookie@^0.7.1
80 silly packumentCache full:https://registry.npmjs.org/cookie cache-miss
81 http fetch GET 200 https://registry.npmjs.org/send 546ms (cache revalidated)
82 silly packumentCache full:https://registry.npmjs.org/send set size:152810 disposed:false
83 silly fetch manifest router@^2.2.0
84 silly packumentCache full:https://registry.npmjs.org/router cache-miss
85 http fetch GET 200 https://registry.npmjs.org/etag 577ms (cache revalidated)
86 silly packumentCache full:https://registry.npmjs.org/etag set size:30032 disposed:false
87 silly fetch manifest accepts@^2.0.0
88 silly packumentCache full:https://registry.npmjs.org/accepts cache-miss
89 http fetch GET 200 https://registry.npmjs.org/fresh 497ms (cache revalidated)
90 silly packumentCache full:https://registry.npmjs.org/fresh set size:25427 disposed:false
91 silly fetch manifest parseurl@^1.3.3
92 silly packumentCache full:https://registry.npmjs.org/parseurl cache-miss
93 http fetch GET 200 https://registry.npmjs.org/once 579ms (cache revalidated)
94 silly packumentCache full:https://registry.npmjs.org/once set size:11752 disposed:false
95 silly fetch manifest statuses@^2.0.1
96 silly packumentCache full:https://registry.npmjs.org/statuses cache-miss
97 http fetch GET 200 https://registry.npmjs.org/depd 614ms (cache revalidated)
98 silly packumentCache full:https://registry.npmjs.org/depd set size:40182 disposed:false
99 silly fetch manifest encodeurl@^2.0.0
100 silly packumentCache full:https://registry.npmjs.org/encodeurl cache-miss
101 http fetch GET 200 https://registry.npmjs.org/content-type 651ms (cache updated)
102 silly packumentCache full:https://registry.npmjs.org/content-type set size:undefined disposed:false
103 silly fetch manifest mime-types@^3.0.0
104 silly packumentCache full:https://registry.npmjs.org/mime-types cache-miss
105 http fetch GET 200 https://registry.npmjs.org/parseurl 583ms (cache revalidated)
106 silly packumentCache full:https://registry.npmjs.org/parseurl set size:24148 disposed:false
107 silly fetch manifest proxy-addr@^2.0.7
108 silly packumentCache full:https://registry.npmjs.org/proxy-addr cache-miss
109 http fetch GET 200 https://registry.npmjs.org/mime-types 570ms (cache revalidated)
110 silly packumentCache full:https://registry.npmjs.org/mime-types set size:139110 disposed:false
111 silly fetch manifest escape-html@^1.0.3
112 silly packumentCache full:https://registry.npmjs.org/escape-html cache-miss
113 http fetch GET 200 https://registry.npmjs.org/cookie 625ms (cache revalidated)
114 silly packumentCache full:https://registry.npmjs.org/cookie set size:72891 disposed:false
115 silly fetch manifest finalhandler@^2.1.0
116 silly packumentCache full:https://registry.npmjs.org/finalhandler cache-miss
117 http fetch GET 200 https://registry.npmjs.org/router 618ms (cache revalidated)
118 silly packumentCache full:https://registry.npmjs.org/router set size:116499 disposed:false
119 silly fetch manifest range-parser@^1.2.1
120 silly packumentCache full:https://registry.npmjs.org/range-parser cache-miss
121 http fetch GET 200 https://registry.npmjs.org/encodeurl 602ms (cache revalidated)
122 silly packumentCache full:https://registry.npmjs.org/encodeurl set size:12296 disposed:false
123 silly fetch manifest serve-static@^2.2.0
124 silly packumentCache full:https://registry.npmjs.org/serve-static cache-miss
125 http fetch GET 200 https://registry.npmjs.org/accepts 623ms (cache revalidated)
126 silly packumentCache full:https://registry.npmjs.org/accepts set size:77054 disposed:false
127 silly fetch manifest cookie-signature@^1.2.1
128 silly packumentCache full:https://registry.npmjs.org/cookie-signature cache-miss
129 http fetch GET 200 https://registry.npmjs.org/statuses 758ms (cache revalidated)
130 silly packumentCache full:https://registry.npmjs.org/statuses set size:37117 disposed:false
131 silly fetch manifest merge-descriptors@^2.0.0
132 silly packumentCache full:https://registry.npmjs.org/merge-descriptors cache-miss
133 http fetch GET 200 https://registry.npmjs.org/finalhandler 645ms (cache revalidated)
134 silly packumentCache full:https://registry.npmjs.org/finalhandler set size:79291 disposed:false
135 silly fetch manifest content-disposition@^1.0.0
136 silly packumentCache full:https://registry.npmjs.org/content-disposition cache-miss
137 http fetch GET 200 https://registry.npmjs.org/escape-html 662ms (cache revalidated)
138 silly packumentCache full:https://registry.npmjs.org/escape-html set size:7345 disposed:false
139 http fetch GET 200 https://registry.npmjs.org/serve-static 645ms (cache revalidated)
140 silly packumentCache full:https://registry.npmjs.org/serve-static set size:150391 disposed:false
141 http fetch GET 200 https://registry.npmjs.org/proxy-addr 679ms (cache revalidated)
142 silly packumentCache full:https://registry.npmjs.org/proxy-addr set size:61619 disposed:false
143 http fetch GET 200 https://registry.npmjs.org/range-parser 658ms (cache revalidated)
144 silly packumentCache full:https://registry.npmjs.org/range-parser set size:22228 disposed:false
145 http fetch GET 200 https://registry.npmjs.org/merge-descriptors 502ms (cache revalidated)
146 silly packumentCache full:https://registry.npmjs.org/merge-descriptors set size:16527 disposed:false
147 http fetch GET 200 https://registry.npmjs.org/cookie-signature 664ms (cache revalidated)
148 silly packumentCache full:https://registry.npmjs.org/cookie-signature set size:21777 disposed:false
149 http fetch GET 200 https://registry.npmjs.org/content-disposition 620ms (cache updated)
150 silly packumentCache full:https://registry.npmjs.org/content-disposition set size:undefined disposed:false
151 silly placeDep ROOT bytes@3.1.2 OK for: body-parser@2.2.2 want: ^3.1.2
152 silly placeDep ROOT content-type@1.0.5 OK for: body-parser@2.2.2 want: ^1.0.5
153 silly placeDep ROOT debug@4.4.3 OK for: body-parser@2.2.2 want: ^4.4.3
154 silly placeDep ROOT http-errors@2.0.1 OK for: body-parser@2.2.2 want: ^2.0.0
155 silly placeDep ROOT iconv-lite@0.7.2 OK for: body-parser@2.2.2 want: ^0.7.0
156 silly placeDep ROOT on-finished@2.4.1 OK for: body-parser@2.2.2 want: ^2.4.1
157 silly placeDep ROOT qs@6.15.2 OK for: body-parser@2.2.2 want: ^6.14.1
158 silly placeDep ROOT raw-body@3.0.2 OK for: body-parser@2.2.2 want: ^3.0.1
159 silly placeDep ROOT type-is@2.1.0 OK for: body-parser@2.2.2 want: ^2.0.1
160 silly fetch manifest ms@^2.1.3
161 silly packumentCache full:https://registry.npmjs.org/ms cache-miss
162 silly fetch manifest depd@~2.0.0
163 silly packumentCache full:https://registry.npmjs.org/depd cache-hit
164 silly fetch manifest inherits@~2.0.4
165 silly packumentCache full:https://registry.npmjs.org/inherits cache-miss
166 silly fetch manifest setprototypeof@~1.2.0
167 silly packumentCache full:https://registry.npmjs.org/setprototypeof cache-miss
168 silly fetch manifest statuses@~2.0.2
169 silly packumentCache full:https://registry.npmjs.org/statuses cache-hit
170 silly fetch manifest toidentifier@~1.0.1
171 silly packumentCache full:https://registry.npmjs.org/toidentifier cache-miss
172 silly fetch manifest safer-buffer@>= 2.1.2 < 3.0.0
173 silly packumentCache full:https://registry.npmjs.org/safer-buffer cache-miss
174 silly fetch manifest ee-first@1.1.1
175 silly packumentCache full:https://registry.npmjs.org/ee-first cache-miss
176 silly fetch manifest side-channel@^1.1.0
177 silly packumentCache full:https://registry.npmjs.org/side-channel cache-miss
178 http fetch GET 200 https://registry.npmjs.org/ms 146ms (cache revalidated)
179 silly packumentCache full:https://registry.npmjs.org/ms set size:92208 disposed:false
180 silly fetch manifest unpipe@~1.0.0
181 silly packumentCache full:https://registry.npmjs.org/unpipe cache-miss
182 http fetch GET 200 https://registry.npmjs.org/safer-buffer 151ms (cache revalidated)
183 silly packumentCache full:https://registry.npmjs.org/safer-buffer set size:18521 disposed:false
184 silly fetch manifest content-type@^2.0.0
185 silly packumentCache full:https://registry.npmjs.org/content-type cache-miss
186 http cache https://registry.npmjs.org/content-type 9ms (cache hit)
187 silly packumentCache full:https://registry.npmjs.org/content-type set size:18994 disposed:false
188 silly fetch manifest media-typer@^1.1.0
189 silly packumentCache full:https://registry.npmjs.org/media-typer cache-miss
190 http fetch GET 200 https://registry.npmjs.org/setprototypeof 513ms (cache revalidated)
191 silly packumentCache full:https://registry.npmjs.org/setprototypeof set size:14532 disposed:false
192 http fetch GET 200 https://registry.npmjs.org/ee-first 509ms (cache revalidated)
193 silly packumentCache full:https://registry.npmjs.org/ee-first set size:15327 disposed:false
194 http fetch GET 200 https://registry.npmjs.org/inherits 523ms (cache revalidated)
195 silly packumentCache full:https://registry.npmjs.org/inherits set size:12925 disposed:false
196 http fetch GET 200 https://registry.npmjs.org/toidentifier 524ms (cache revalidated)
197 silly packumentCache full:https://registry.npmjs.org/toidentifier set size:12006 disposed:false
198 http fetch GET 200 https://registry.npmjs.org/side-channel 518ms (cache revalidated)
199 silly packumentCache full:https://registry.npmjs.org/side-channel set size:24660 disposed:false
200 http fetch GET 200 https://registry.npmjs.org/unpipe 386ms (cache revalidated)
201 silly packumentCache full:https://registry.npmjs.org/unpipe set size:3609 disposed:false
202 http fetch GET 200 https://registry.npmjs.org/media-typer 371ms (cache updated)
203 silly packumentCache full:https://registry.npmjs.org/media-typer set size:undefined disposed:false
204 silly placeDep ROOT ms@2.1.3 OK for: debug@4.4.3 want: ^2.1.3
205 silly placeDep ROOT accepts@2.0.0 OK for: express@5.2.1 want: ^2.0.0
206 silly placeDep ROOT content-disposition@1.1.0 OK for: express@5.2.1 want: ^1.0.0
207 silly placeDep ROOT cookie@0.7.2 OK for: express@5.2.1 want: ^0.7.1
208 silly placeDep ROOT cookie-signature@1.2.2 OK for: express@5.2.1 want: ^1.2.1
209 silly placeDep ROOT depd@2.0.0 OK for: express@5.2.1 want: ^2.0.0
210 silly placeDep ROOT encodeurl@2.0.0 OK for: express@5.2.1 want: ^2.0.0
211 silly placeDep ROOT escape-html@1.0.3 OK for: express@5.2.1 want: ^1.0.3
212 silly placeDep ROOT etag@1.8.1 OK for: express@5.2.1 want: ^1.8.1
213 silly placeDep ROOT finalhandler@2.1.1 OK for: express@5.2.1 want: ^2.1.0
214 silly placeDep ROOT fresh@2.0.0 OK for: express@5.2.1 want: ^2.0.0
215 silly placeDep ROOT merge-descriptors@2.0.0 OK for: express@5.2.1 want: ^2.0.0
216 silly placeDep ROOT mime-types@3.0.2 OK for: express@5.2.1 want: ^3.0.0
217 silly placeDep ROOT once@1.4.0 OK for: express@5.2.1 want: ^1.4.0
218 silly placeDep ROOT parseurl@1.3.3 OK for: express@5.2.1 want: ^1.3.3
219 silly placeDep ROOT proxy-addr@2.0.7 OK for: express@5.2.1 want: ^2.0.7
220 silly placeDep ROOT range-parser@1.2.1 OK for: express@5.2.1 want: ^1.2.1
221 silly placeDep ROOT router@2.2.0 OK for: express@5.2.1 want: ^2.2.0
222 silly placeDep ROOT send@1.2.1 OK for: express@5.2.1 want: ^1.1.0
223 silly placeDep ROOT serve-static@2.2.1 OK for: express@5.2.1 want: ^2.2.0
224 silly placeDep ROOT statuses@2.0.2 OK for: express@5.2.1 want: ^2.0.1
225 silly placeDep ROOT vary@1.1.2 OK for: express@5.2.1 want: ^1.1.2
226 silly fetch manifest negotiator@^1.0.0
227 silly packumentCache full:https://registry.npmjs.org/negotiator cache-miss
228 silly fetch manifest mime-db@^1.54.0
229 silly packumentCache full:https://registry.npmjs.org/mime-db cache-miss
230 silly fetch manifest wrappy@1
231 silly packumentCache full:https://registry.npmjs.org/wrappy cache-miss
232 silly fetch manifest forwarded@0.2.0
233 silly packumentCache full:https://registry.npmjs.org/forwarded cache-miss
234 silly fetch manifest ipaddr.js@1.9.1
235 silly packumentCache full:https://registry.npmjs.org/ipaddr.js cache-miss
236 silly fetch manifest is-promise@^4.0.0
237 silly packumentCache full:https://registry.npmjs.org/is-promise cache-miss
238 silly fetch manifest path-to-regexp@^8.0.0
239 silly packumentCache full:https://registry.npmjs.org/path-to-regexp cache-miss
240 http fetch GET 200 https://registry.npmjs.org/wrappy 576ms (cache revalidated)
241 silly packumentCache full:https://registry.npmjs.org/wrappy set size:7682 disposed:false
242 silly fetch manifest statuses@^2.0.2
243 silly packumentCache full:https://registry.npmjs.org/statuses cache-hit
244 http fetch GET 200 https://registry.npmjs.org/ipaddr.js 578ms (cache revalidated)
245 silly packumentCache full:https://registry.npmjs.org/ipaddr.js set size:69563 disposed:false
246 http fetch GET 200 https://registry.npmjs.org/is-promise 581ms (cache revalidated)
247 silly packumentCache full:https://registry.npmjs.org/is-promise set size:18599 disposed:false
248 http fetch GET 200 https://registry.npmjs.org/mime-db 589ms (cache revalidated)
249 silly packumentCache full:https://registry.npmjs.org/mime-db set size:164953 disposed:false
250 http fetch GET 200 https://registry.npmjs.org/path-to-regexp 591ms (cache revalidated)
251 silly packumentCache full:https://registry.npmjs.org/path-to-regexp set size:216334 disposed:false
252 http fetch GET 200 https://registry.npmjs.org/negotiator 612ms (cache revalidated)
253 silly packumentCache full:https://registry.npmjs.org/negotiator set size:48046 disposed:false
254 http fetch GET 200 https://registry.npmjs.org/forwarded 612ms (cache revalidated)
255 silly packumentCache full:https://registry.npmjs.org/forwarded set size:11229 disposed:false
256 silly placeDep ROOT negotiator@1.0.0 OK for: accepts@2.0.0 want: ^1.0.0
257 silly placeDep ROOT inherits@2.0.4 OK for: http-errors@2.0.1 want: ~2.0.4
258 silly placeDep ROOT setprototypeof@1.2.0 OK for: http-errors@2.0.1 want: ~1.2.0
259 silly placeDep ROOT toidentifier@1.0.1 OK for: http-errors@2.0.1 want: ~1.0.1
260 silly placeDep ROOT safer-buffer@2.1.2 OK for: iconv-lite@0.7.2 want: >= 2.1.2 < 3.0.0
261 silly placeDep ROOT mime-db@1.54.0 OK for: mime-types@3.0.2 want: ^1.54.0
262 silly placeDep ROOT ee-first@1.1.1 OK for: on-finished@2.4.1 want: 1.1.1
263 silly placeDep ROOT wrappy@1.0.2 OK for: once@1.4.0 want: 1
264 silly placeDep ROOT forwarded@0.2.0 OK for: proxy-addr@2.0.7 want: 0.2.0
265 silly placeDep ROOT ipaddr.js@1.9.1 OK for: proxy-addr@2.0.7 want: 1.9.1
266 silly placeDep ROOT side-channel@1.1.0 OK for: qs@6.15.2 want: ^1.1.0
267 silly fetch manifest es-errors@^1.3.0
268 silly packumentCache full:https://registry.npmjs.org/es-errors cache-miss
269 silly fetch manifest object-inspect@^1.13.3
270 silly packumentCache full:https://registry.npmjs.org/object-inspect cache-miss
271 silly fetch manifest side-channel-list@^1.0.0
272 silly packumentCache full:https://registry.npmjs.org/side-channel-list cache-miss
273 silly fetch manifest side-channel-map@^1.0.1
274 silly packumentCache full:https://registry.npmjs.org/side-channel-map cache-miss
275 silly fetch manifest side-channel-weakmap@^1.0.2
276 silly packumentCache full:https://registry.npmjs.org/side-channel-weakmap cache-miss
277 http fetch GET 200 https://registry.npmjs.org/side-channel-weakmap 935ms (cache revalidated)
278 silly packumentCache full:https://registry.npmjs.org/side-channel-weakmap set size:12620 disposed:false
279 http fetch GET 200 https://registry.npmjs.org/side-channel-map 938ms (cache revalidated)
280 silly packumentCache full:https://registry.npmjs.org/side-channel-map set size:9126 disposed:false
281 http fetch GET 200 https://registry.npmjs.org/side-channel-list 941ms (cache revalidated)
282 silly packumentCache full:https://registry.npmjs.org/side-channel-list set size:9021 disposed:false
283 http fetch GET 200 https://registry.npmjs.org/object-inspect 944ms (cache revalidated)
284 silly packumentCache full:https://registry.npmjs.org/object-inspect set size:101912 disposed:false
285 http fetch GET 200 https://registry.npmjs.org/es-errors 951ms (cache revalidated)
286 silly packumentCache full:https://registry.npmjs.org/es-errors set size:16918 disposed:false
287 silly placeDep ROOT unpipe@1.0.0 OK for: raw-body@3.0.2 want: ~1.0.0
288 silly placeDep ROOT is-promise@4.0.0 OK for: router@2.2.0 want: ^4.0.0
289 silly placeDep ROOT path-to-regexp@8.4.2 OK for: router@2.2.0 want: ^8.0.0
290 silly placeDep ROOT es-errors@1.3.0 OK for: side-channel@1.1.0 want: ^1.3.0
291 silly placeDep ROOT object-inspect@1.13.4 OK for: side-channel@1.1.0 want: ^1.13.3
292 silly placeDep ROOT side-channel-list@1.0.1 OK for: side-channel@1.1.0 want: ^1.0.0
293 silly placeDep ROOT side-channel-map@1.0.1 OK for: side-channel@1.1.0 want: ^1.0.1
294 silly placeDep ROOT side-channel-weakmap@1.0.2 OK for: side-channel@1.1.0 want: ^1.0.2
295 silly fetch manifest call-bound@^1.0.2
296 silly packumentCache full:https://registry.npmjs.org/call-bound cache-miss
297 silly fetch manifest get-intrinsic@^1.2.5
298 silly packumentCache full:https://registry.npmjs.org/get-intrinsic cache-miss
299 silly fetch manifest call-bound@^1.0.2
300 silly packumentCache full:https://registry.npmjs.org/call-bound cache-miss
301 silly fetch manifest get-intrinsic@^1.2.5
302 silly packumentCache full:https://registry.npmjs.org/get-intrinsic cache-miss
303 http fetch GET 200 https://registry.npmjs.org/call-bound 521ms (cache revalidated)
304 silly packumentCache full:https://registry.npmjs.org/call-bound set size:15317 disposed:false
305 http fetch GET 200 https://registry.npmjs.org/call-bound 523ms (cache revalidated)
306 silly packumentCache full:https://registry.npmjs.org/call-bound set size:15317 disposed:false
307 silly packumentCache full:https://registry.npmjs.org/call-bound dispose
308 http fetch GET 200 https://registry.npmjs.org/get-intrinsic 528ms (cache revalidated)
309 silly packumentCache full:https://registry.npmjs.org/get-intrinsic set size:60985 disposed:false
310 http fetch GET 200 https://registry.npmjs.org/get-intrinsic 538ms (cache revalidated)
311 silly packumentCache full:https://registry.npmjs.org/get-intrinsic set size:60985 disposed:false
312 silly packumentCache full:https://registry.npmjs.org/get-intrinsic dispose
313 silly placeDep ROOT call-bound@1.0.4 OK for: side-channel-map@1.0.1 want: ^1.0.2
314 silly placeDep ROOT get-intrinsic@1.3.0 OK for: side-channel-map@1.0.1 want: ^1.2.5
315 silly fetch manifest call-bind-apply-helpers@^1.0.2
316 silly packumentCache full:https://registry.npmjs.org/call-bind-apply-helpers cache-miss
317 silly fetch manifest get-intrinsic@^1.3.0
318 silly packumentCache full:https://registry.npmjs.org/get-intrinsic cache-hit
319 silly fetch manifest gopd@^1.2.0
320 silly packumentCache full:https://registry.npmjs.org/gopd cache-miss
321 silly fetch manifest hasown@^2.0.2
322 silly packumentCache full:https://registry.npmjs.org/hasown cache-miss
323 silly fetch manifest get-proto@^1.0.1
324 silly packumentCache full:https://registry.npmjs.org/get-proto cache-miss
325 silly fetch manifest has-symbols@^1.1.0
326 silly packumentCache full:https://registry.npmjs.org/has-symbols cache-miss
327 silly fetch manifest function-bind@^1.1.2
328 silly packumentCache full:https://registry.npmjs.org/function-bind cache-miss
329 silly fetch manifest es-object-atoms@^1.1.1
330 silly packumentCache full:https://registry.npmjs.org/es-object-atoms cache-miss
331 http fetch GET 200 https://registry.npmjs.org/gopd 669ms (cache revalidated)
332 silly packumentCache full:https://registry.npmjs.org/gopd set size:11458 disposed:false
333 silly fetch manifest math-intrinsics@^1.1.0
334 silly packumentCache full:https://registry.npmjs.org/math-intrinsics cache-miss
335 http fetch GET 200 https://registry.npmjs.org/function-bind 675ms (cache revalidated)
336 silly packumentCache full:https://registry.npmjs.org/function-bind set size:15733 disposed:false
337 silly fetch manifest es-define-property@^1.0.1
338 silly packumentCache full:https://registry.npmjs.org/es-define-property cache-miss
339 http fetch GET 200 https://registry.npmjs.org/es-object-atoms 677ms (cache revalidated)
340 silly packumentCache full:https://registry.npmjs.org/es-object-atoms set size:18278 disposed:false
341 silly fetch manifest call-bind-apply-helpers@^1.0.2
342 silly packumentCache full:https://registry.npmjs.org/call-bind-apply-helpers cache-miss
343 http fetch GET 200 https://registry.npmjs.org/has-symbols 693ms (cache revalidated)
344 silly packumentCache full:https://registry.npmjs.org/has-symbols set size:21550 disposed:false
345 http fetch GET 200 https://registry.npmjs.org/call-bind-apply-helpers 705ms (cache revalidated)
346 silly packumentCache full:https://registry.npmjs.org/call-bind-apply-helpers set size:12744 disposed:false
347 http fetch GET 200 https://registry.npmjs.org/hasown 712ms (cache updated)
348 silly packumentCache full:https://registry.npmjs.org/hasown set size:undefined disposed:false
349 http cache https://registry.npmjs.org/call-bind-apply-helpers 37ms (cache hit)
350 silly packumentCache full:https://registry.npmjs.org/call-bind-apply-helpers set size:12744 disposed:false
351 silly packumentCache full:https://registry.npmjs.org/call-bind-apply-helpers dispose
352 http fetch GET 200 https://registry.npmjs.org/get-proto 770ms (cache revalidated)
353 silly packumentCache full:https://registry.npmjs.org/get-proto set size:8300 disposed:false
354 http fetch GET 200 https://registry.npmjs.org/es-define-property 569ms (cache revalidated)
355 silly packumentCache full:https://registry.npmjs.org/es-define-property set size:8542 disposed:false
356 http fetch GET 200 https://registry.npmjs.org/math-intrinsics 733ms (cache revalidated)
357 silly packumentCache full:https://registry.npmjs.org/math-intrinsics set size:9265 disposed:false
358 silly placeDep ROOT call-bind-apply-helpers@1.0.2 OK for: call-bound@1.0.4 want: ^1.0.2
359 silly placeDep ROOT function-bind@1.1.2 OK for: call-bind-apply-helpers@1.0.2 want: ^1.1.2
360 silly placeDep ROOT es-define-property@1.0.1 OK for: get-intrinsic@1.3.0 want: ^1.0.1
361 silly placeDep ROOT es-object-atoms@1.1.2 OK for: get-intrinsic@1.3.0 want: ^1.1.1
362 silly placeDep ROOT get-proto@1.0.1 OK for: get-intrinsic@1.3.0 want: ^1.0.1
363 silly placeDep ROOT gopd@1.2.0 OK for: get-intrinsic@1.3.0 want: ^1.2.0
364 silly placeDep ROOT has-symbols@1.1.0 OK for: get-intrinsic@1.3.0 want: ^1.1.0
365 silly placeDep ROOT hasown@2.0.4 OK for: get-intrinsic@1.3.0 want: ^2.0.2
366 silly placeDep ROOT math-intrinsics@1.1.0 OK for: get-intrinsic@1.3.0 want: ^1.1.0
367 silly fetch manifest dunder-proto@^1.0.1
368 silly packumentCache full:https://registry.npmjs.org/dunder-proto cache-miss
369 http fetch GET 200 https://registry.npmjs.org/dunder-proto 392ms (cache revalidated)
370 silly packumentCache full:https://registry.npmjs.org/dunder-proto set size:8256 disposed:false
371 silly placeDep ROOT dunder-proto@1.0.1 OK for: get-proto@1.0.1 want: ^1.0.1
372 silly placeDep node_modules/type-is content-type@2.0.0 OK for: type-is@2.1.0 want: ^2.0.0
373 silly placeDep ROOT media-typer@1.1.0 OK for: type-is@2.1.0 want: ^1.1.0
374 silly reify moves {}
375 silly audit bulk request {
375 silly audit   'body-parser': [ '2.2.2' ],
375 silly audit   express: [ '5.2.1' ],
375 silly audit   bytes: [ '3.1.2' ],
375 silly audit   'content-type': [ '1.0.5', '2.0.0' ],
375 silly audit   debug: [ '4.4.3' ],
375 silly audit   'http-errors': [ '2.0.1' ],
375 silly audit   'iconv-lite': [ '0.7.2' ],
375 silly audit   'on-finished': [ '2.4.1' ],
375 silly audit   qs: [ '6.15.2' ],
375 silly audit   'raw-body': [ '3.0.2' ],
375 silly audit   'type-is': [ '2.1.0' ],
375 silly audit   ms: [ '2.1.3' ],
375 silly audit   accepts: [ '2.0.0' ],
375 silly audit   'content-disposition': [ '1.1.0' ],
375 silly audit   cookie: [ '0.7.2' ],
375 silly audit   'cookie-signature': [ '1.2.2' ],
375 silly audit   depd: [ '2.0.0' ],
375 silly audit   encodeurl: [ '2.0.0' ],
375 silly audit   'escape-html': [ '1.0.3' ],
375 silly audit   etag: [ '1.8.1' ],
375 silly audit   finalhandler: [ '2.1.1' ],
375 silly audit   fresh: [ '2.0.0' ],
375 silly audit   'merge-descriptors': [ '2.0.0' ],
375 silly audit   'mime-types': [ '3.0.2' ],
375 silly audit   once: [ '1.4.0' ],
375 silly audit   parseurl: [ '1.3.3' ],
375 silly audit   'proxy-addr': [ '2.0.7' ],
375 silly audit   'range-parser': [ '1.2.1' ],
375 silly audit   router: [ '2.2.0' ],
375 silly audit   send: [ '1.2.1' ],
375 silly audit   'serve-static': [ '2.2.1' ],
375 silly audit   statuses: [ '2.0.2' ],
375 silly audit   vary: [ '1.1.2' ],
375 silly audit   negotiator: [ '1.0.0' ],
375 silly audit   inherits: [ '2.0.4' ],
375 silly audit   setprototypeof: [ '1.2.0' ],
375 silly audit   toidentifier: [ '1.0.1' ],
375 silly audit   'safer-buffer': [ '2.1.2' ],
375 silly audit   'mime-db': [ '1.54.0' ],
375 silly audit   'ee-first': [ '1.1.1' ],
375 silly audit   wrappy: [ '1.0.2' ],
375 silly audit   forwarded: [ '0.2.0' ],
375 silly audit   'ipaddr.js': [ '1.9.1' ],
375 silly audit   'side-channel': [ '1.1.0' ],
375 silly audit   unpipe: [ '1.0.0' ],
375 silly audit   'is-promise': [ '4.0.0' ],
375 silly audit   'path-to-regexp': [ '8.4.2' ],
375 silly audit   'es-errors': [ '1.3.0' ],
375 silly audit   'object-inspect': [ '1.13.4' ],
375 silly audit   'side-channel-list': [ '1.0.1' ],
375 silly audit   'side-channel-map': [ '1.0.1' ],
375 silly audit   'side-channel-weakmap': [ '1.0.2' ],
375 silly audit   'call-bound': [ '1.0.4' ],
375 silly audit   'get-intrinsic': [ '1.3.0' ],
375 silly audit   'call-bind-apply-helpers': [ '1.0.2' ],
375 silly audit   'function-bind': [ '1.1.2' ],
375 silly audit   'es-define-property': [ '1.0.1' ],
375 silly audit   'es-object-atoms': [ '1.1.2' ],
375 silly audit   'get-proto': [ '1.0.1' ],
375 silly audit   gopd: [ '1.2.0' ],
375 silly audit   'has-symbols': [ '1.1.0' ],
375 silly audit   hasown: [ '2.0.4' ],
375 silly audit   'math-intrinsics': [ '1.1.0' ],
375 silly audit   'dunder-proto': [ '1.0.1' ],
375 silly audit   'media-typer': [ '1.1.0' ]
375 silly audit }
376 http cache media-typer@https://registry.npmjs.org/media-typer/-/media-typer-1.1.0.tgz 0ms (cache hit)
377 http cache dunder-proto@https://registry.npmjs.org/dunder-proto/-/dunder-proto-1.0.1.tgz 0ms (cache hit)
378 http cache math-intrinsics@https://registry.npmjs.org/math-intrinsics/-/math-intrinsics-1.1.0.tgz 0ms (cache hit)
379 http cache hasown@https://registry.npmjs.org/hasown/-/hasown-2.0.4.tgz 1ms (cache hit)
380 http cache has-symbols@https://registry.npmjs.org/has-symbols/-/has-symbols-1.1.0.tgz 0ms (cache hit)
381 http cache gopd@https://registry.npmjs.org/gopd/-/gopd-1.2.0.tgz 0ms (cache hit)
382 http cache get-proto@https://registry.npmjs.org/get-proto/-/get-proto-1.0.1.tgz 0ms (cache hit)
383 http cache es-object-atoms@https://registry.npmjs.org/es-object-atoms/-/es-object-atoms-1.1.2.tgz 0ms (cache hit)
384 http cache es-define-property@https://registry.npmjs.org/es-define-property/-/es-define-property-1.0.1.tgz 0ms (cache hit)
385 http cache call-bind-apply-helpers@https://registry.npmjs.org/call-bind-apply-helpers/-/call-bind-apply-helpers-1.0.2.tgz 0ms (cache hit)
386 http cache get-intrinsic@https://registry.npmjs.org/get-intrinsic/-/get-intrinsic-1.3.0.tgz 0ms (cache hit)
387 http cache call-bound@https://registry.npmjs.org/call-bound/-/call-bound-1.0.4.tgz 0ms (cache hit)
388 http cache side-channel-weakmap@https://registry.npmjs.org/side-channel-weakmap/-/side-channel-weakmap-1.0.2.tgz 0ms (cache hit)
389 http cache side-channel-map@https://registry.npmjs.org/side-channel-map/-/side-channel-map-1.0.1.tgz 0ms (cache hit)
390 http cache side-channel-list@https://registry.npmjs.org/side-channel-list/-/side-channel-list-1.0.1.tgz 0ms (cache hit)
391 http cache object-inspect@https://registry.npmjs.org/object-inspect/-/object-inspect-1.13.4.tgz 0ms (cache hit)
392 http cache es-errors@https://registry.npmjs.org/es-errors/-/es-errors-1.3.0.tgz 1ms (cache hit)
393 http cache path-to-regexp@https://registry.npmjs.org/path-to-regexp/-/path-to-regexp-8.4.2.tgz 0ms (cache hit)
394 http cache is-promise@https://registry.npmjs.org/is-promise/-/is-promise-4.0.0.tgz 0ms (cache hit)
395 http cache unpipe@https://registry.npmjs.org/unpipe/-/unpipe-1.0.0.tgz 0ms (cache hit)
396 http cache side-channel@https://registry.npmjs.org/side-channel/-/side-channel-1.1.0.tgz 0ms (cache hit)
397 http cache ipaddr.js@https://registry.npmjs.org/ipaddr.js/-/ipaddr.js-1.9.1.tgz 0ms (cache hit)
398 http cache forwarded@https://registry.npmjs.org/forwarded/-/forwarded-0.2.0.tgz 0ms (cache hit)
399 http cache wrappy@https://registry.npmjs.org/wrappy/-/wrappy-1.0.2.tgz 0ms (cache hit)
400 http cache ee-first@https://registry.npmjs.org/ee-first/-/ee-first-1.1.1.tgz 0ms (cache hit)
401 http cache mime-db@https://registry.npmjs.org/mime-db/-/mime-db-1.54.0.tgz 0ms (cache hit)
402 http cache safer-buffer@https://registry.npmjs.org/safer-buffer/-/safer-buffer-2.1.2.tgz 0ms (cache hit)
403 http cache toidentifier@https://registry.npmjs.org/toidentifier/-/toidentifier-1.0.1.tgz 0ms (cache hit)
404 http cache setprototypeof@https://registry.npmjs.org/setprototypeof/-/setprototypeof-1.2.0.tgz 0ms (cache hit)
405 http cache inherits@https://registry.npmjs.org/inherits/-/inherits-2.0.4.tgz 0ms (cache hit)
406 http cache negotiator@https://registry.npmjs.org/negotiator/-/negotiator-1.0.0.tgz 0ms (cache hit)
407 http cache vary@https://registry.npmjs.org/vary/-/vary-1.1.2.tgz 0ms (cache hit)
408 http cache statuses@https://registry.npmjs.org/statuses/-/statuses-2.0.2.tgz 0ms (cache hit)
409 http cache serve-static@https://registry.npmjs.org/serve-static/-/serve-static-2.2.1.tgz 0ms (cache hit)
410 http cache send@https://registry.npmjs.org/send/-/send-1.2.1.tgz 0ms (cache hit)
411 http cache router@https://registry.npmjs.org/router/-/router-2.2.0.tgz 0ms (cache hit)
412 http cache range-parser@https://registry.npmjs.org/range-parser/-/range-parser-1.2.1.tgz 0ms (cache hit)
413 http cache proxy-addr@https://registry.npmjs.org/proxy-addr/-/proxy-addr-2.0.7.tgz 0ms (cache hit)
414 http cache parseurl@https://registry.npmjs.org/parseurl/-/parseurl-1.3.3.tgz 0ms (cache hit)
415 http cache once@https://registry.npmjs.org/once/-/once-1.4.0.tgz 0ms (cache hit)
416 http cache mime-types@https://registry.npmjs.org/mime-types/-/mime-types-3.0.2.tgz 0ms (cache hit)
417 http cache merge-descriptors@https://registry.npmjs.org/merge-descriptors/-/merge-descriptors-2.0.0.tgz 0ms (cache hit)
418 http cache fresh@https://registry.npmjs.org/fresh/-/fresh-2.0.0.tgz 0ms (cache hit)
419 http cache finalhandler@https://registry.npmjs.org/finalhandler/-/finalhandler-2.1.1.tgz 0ms (cache hit)
420 http cache etag@https://registry.npmjs.org/etag/-/etag-1.8.1.tgz 0ms (cache hit)
421 http cache escape-html@https://registry.npmjs.org/escape-html/-/escape-html-1.0.3.tgz 0ms (cache hit)
422 http cache encodeurl@https://registry.npmjs.org/encodeurl/-/encodeurl-2.0.0.tgz 0ms (cache hit)
423 http cache depd@https://registry.npmjs.org/depd/-/depd-2.0.0.tgz 0ms (cache hit)
424 http cache cookie-signature@https://registry.npmjs.org/cookie-signature/-/cookie-signature-1.2.2.tgz 0ms (cache hit)
425 http cache cookie@https://registry.npmjs.org/cookie/-/cookie-0.7.2.tgz 0ms (cache hit)
426 http cache content-disposition@https://registry.npmjs.org/content-disposition/-/content-disposition-1.1.0.tgz 0ms (cache hit)
427 http cache accepts@https://registry.npmjs.org/accepts/-/accepts-2.0.0.tgz 0ms (cache hit)
428 http cache ms@https://registry.npmjs.org/ms/-/ms-2.1.3.tgz 0ms (cache hit)
429 http cache type-is@https://registry.npmjs.org/type-is/-/type-is-2.1.0.tgz 0ms (cache hit)
430 http cache raw-body@https://registry.npmjs.org/raw-body/-/raw-body-3.0.2.tgz 0ms (cache hit)
431 http cache qs@https://registry.npmjs.org/qs/-/qs-6.15.2.tgz 0ms (cache hit)
432 http cache on-finished@https://registry.npmjs.org/on-finished/-/on-finished-2.4.1.tgz 0ms (cache hit)
433 http cache iconv-lite@https://registry.npmjs.org/iconv-lite/-/iconv-lite-0.7.2.tgz 0ms (cache hit)
434 http cache http-errors@https://registry.npmjs.org/http-errors/-/http-errors-2.0.1.tgz 0ms (cache hit)
435 http cache debug@https://registry.npmjs.org/debug/-/debug-4.4.3.tgz 0ms (cache hit)
436 http cache content-type@https://registry.npmjs.org/content-type/-/content-type-1.0.5.tgz 0ms (cache hit)
437 http cache bytes@https://registry.npmjs.org/bytes/-/bytes-3.1.2.tgz 0ms (cache hit)
438 http cache express@https://registry.npmjs.org/express/-/express-5.2.1.tgz 0ms (cache hit)
439 http cache body-parser@https://registry.npmjs.org/body-parser/-/body-parser-2.2.2.tgz 0ms (cache hit)
440 http cache content-type@https://registry.npmjs.org/content-type/-/content-type-2.0.0.tgz 0ms (cache hit)
441 http cache function-bind@https://registry.npmjs.org/function-bind/-/function-bind-1.1.2.tgz 0ms (cache hit)
442 silly tarball no local data for hasown@https://registry.npmjs.org/hasown/-/hasown-2.0.4.tgz. Extracting by manifest.
443 silly tarball no local data for type-is@https://registry.npmjs.org/type-is/-/type-is-2.1.0.tgz. Extracting by manifest.
444 silly tarball no local data for content-type@https://registry.npmjs.org/content-type/-/content-type-2.0.0.tgz. Extracting by manifest.
445 http fetch GET 200 https://registry.npmjs.org/type-is/-/type-is-2.1.0.tgz 318ms (cache miss)
446 http fetch GET 200 https://registry.npmjs.org/hasown/-/hasown-2.0.4.tgz 339ms (cache miss)
447 http fetch GET 200 https://registry.npmjs.org/content-type/-/content-type-2.0.0.tgz 333ms (cache miss)
448 http fetch POST 200 https://registry.npmjs.org/-/npm/v1/security/advisories/bulk 619ms
449 silly audit report {}
450 silly ADD node_modules/media-typer
451 silly ADD node_modules/dunder-proto
452 silly ADD node_modules/math-intrinsics
453 silly ADD node_modules/hasown
454 silly ADD node_modules/has-symbols
455 silly ADD node_modules/gopd
456 silly ADD node_modules/get-proto
457 silly ADD node_modules/es-object-atoms
458 silly ADD node_modules/es-define-property
459 silly ADD node_modules/function-bind
460 silly ADD node_modules/call-bind-apply-helpers
461 silly ADD node_modules/get-intrinsic
462 silly ADD node_modules/call-bound
463 silly ADD node_modules/side-channel-weakmap
464 silly ADD node_modules/side-channel-map
465 silly ADD node_modules/side-channel-list
466 silly ADD node_modules/object-inspect
467 silly ADD node_modules/es-errors
468 silly ADD node_modules/path-to-regexp
469 silly ADD node_modules/is-promise
470 silly ADD node_modules/unpipe
471 silly ADD node_modules/side-channel
472 silly ADD node_modules/ipaddr.js
473 silly ADD node_modules/forwarded
474 silly ADD node_modules/wrappy
475 silly ADD node_modules/ee-first
476 silly ADD node_modules/mime-db
477 silly ADD node_modules/safer-buffer
478 silly ADD node_modules/toidentifier
479 silly ADD node_modules/setprototypeof
480 silly ADD node_modules/inherits
481 silly ADD node_modules/negotiator
482 silly ADD node_modules/vary
483 silly ADD node_modules/statuses
484 silly ADD node_modules/serve-static
485 silly ADD node_modules/send
486 silly ADD node_modules/router
487 silly ADD node_modules/range-parser
488 silly ADD node_modules/proxy-addr
489 silly ADD node_modules/parseurl
490 silly ADD node_modules/once
491 silly ADD node_modules/mime-types
492 silly ADD node_modules/merge-descriptors
493 silly ADD node_modules/fresh
494 silly ADD node_modules/finalhandler
495 silly ADD node_modules/etag
496 silly ADD node_modules/escape-html
497 silly ADD node_modules/encodeurl
498 silly ADD node_modules/depd
499 silly ADD node_modules/cookie-signature
500 silly ADD node_modules/cookie
501 silly ADD node_modules/content-disposition
502 silly ADD node_modules/accepts
503 silly ADD node_modules/ms
504 silly ADD node_modules/type-is
505 silly ADD node_modules/type-is/node_modules/content-type
506 silly ADD node_modules/raw-body
507 silly ADD node_modules/qs
508 silly ADD node_modules/on-finished
509 silly ADD node_modules/iconv-lite
510 silly ADD node_modules/http-errors
511 silly ADD node_modules/debug
512 silly ADD node_modules/content-type
513 silly ADD node_modules/bytes
514 silly ADD node_modules/express
515 silly ADD node_modules/body-parser
516 verbose cwd /data/data/com.termux/files/home/sofa-shop
517 verbose os Linux 6.1.145-android14-11-gfa1d6308d1fe-ab14691759
518 verbose node v26.2.0
519 verbose npm  v11.16.0
520 verbose exit 0
521 info ok
