0 verbose cli /data/data/com.termux/files/usr/bin/node /data/data/com.termux/files/usr/bin/npm
1 info using npm@11.14.1
2 info using node@v24.14.1
3 silly config load:file:/data/data/com.termux/files/usr/lib/node_modules/npm/npmrc
4 silly config load:file:/data/data/com.termux/files/home/my-bot/.npmrc
5 silly config load:file:/data/data/com.termux/files/home/.npmrc
6 silly config load:file:/data/data/com.termux/files/usr/etc/npmrc
7 verbose title npm install @whiskeysockets/baileys pino
8 verbose argv "install" "@whiskeysockets/baileys" "pino"
9 verbose logfile logs-max:10 dir:/data/data/com.termux/files/home/.npm/_logs/2026-05-11T09_20_01_091Z-
10 verbose logfile /data/data/com.termux/files/home/.npm/_logs/2026-05-11T09_20_01_091Z-debug-0.log
11 silly logfile done cleaning log files
12 silly packumentCache heap:1174405120 maxSize:293601280 maxEntrySize:146800640
13 silly idealTree buildDeps
14 silly fetch manifest @whiskeysockets/baileys@*
15 silly packumentCache full:https://registry.npmjs.org/@whiskeysockets%2fbaileys cache-miss
16 http fetch GET 200 https://registry.npmjs.org/npm 800ms
17 http fetch GET 200 https://registry.npmjs.org/@whiskeysockets%2fbaileys 1530ms (cache miss)
18 silly packumentCache full:https://registry.npmjs.org/@whiskeysockets%2fbaileys set size:undefined disposed:false
19 silly fetch manifest audio-decode@^2.1.3
20 silly packumentCache full:https://registry.npmjs.org/audio-decode cache-miss
21 http fetch GET 200 https://registry.npmjs.org/audio-decode 603ms (cache miss)
22 silly packumentCache full:https://registry.npmjs.org/audio-decode set size:undefined disposed:false
23 silly fetch manifest jimp@^1.6.1
24 silly packumentCache full:https://registry.npmjs.org/jimp cache-miss
25 http fetch GET 200 https://registry.npmjs.org/jimp 950ms (cache miss)
26 silly packumentCache full:https://registry.npmjs.org/jimp set size:undefined disposed:false
27 silly fetch manifest link-preview-js@^3.0.0
28 silly packumentCache full:https://registry.npmjs.org/link-preview-js cache-miss
29 http fetch GET 200 https://registry.npmjs.org/link-preview-js 513ms (cache miss)
30 silly packumentCache full:https://registry.npmjs.org/link-preview-js set size:undefined disposed:false
31 silly fetch manifest sharp@*
32 silly packumentCache full:https://registry.npmjs.org/sharp cache-miss
33 http fetch GET 200 https://registry.npmjs.org/sharp 531ms (cache miss)
34 silly packumentCache full:https://registry.npmjs.org/sharp set size:undefined disposed:false
35 silly fetch manifest pino@*
36 silly packumentCache full:https://registry.npmjs.org/pino cache-miss
37 http fetch GET 200 https://registry.npmjs.org/pino 501ms (cache miss)
38 silly packumentCache full:https://registry.npmjs.org/pino set size:undefined disposed:false
39 silly placeDep ROOT @whiskeysockets/baileys@7.0.0-rc10 OK for:  want: *
40 silly placeDep ROOT sharp@0.34.5 OK for: @whiskeysockets/baileys@7.0.0-rc10 want: *
41 silly placeDep ROOT pino@10.3.1 OK for:  want: *
42 silly fetch manifest ws@^8.13.0
43 silly packumentCache full:https://registry.npmjs.org/ws cache-miss
44 silly fetch manifest pino@^9.6
45 silly packumentCache full:https://registry.npmjs.org/pino cache-miss
46 silly fetch manifest p-queue@^9.0.0
47 silly packumentCache full:https://registry.npmjs.org/p-queue cache-miss
48 silly fetch manifest libsignal@git+https://github.com/whiskeysockets/libsignal-node.git
49 silly fetch manifest lru-cache@^11.1.0
50 silly packumentCache full:https://registry.npmjs.org/lru-cache cache-miss
51 silly fetch manifest @hapi/boom@^9.1.3
52 silly packumentCache full:https://registry.npmjs.org/@hapi%2fboom cache-miss
53 silly fetch manifest protobufjs@^7.5.6
54 silly packumentCache full:https://registry.npmjs.org/protobufjs cache-miss
55 http cache https://registry.npmjs.org/pino 97ms (cache hit)
56 silly packumentCache full:https://registry.npmjs.org/pino set size:1274379 disposed:false
57 silly fetch manifest async-mutex@^0.5.0
58 silly packumentCache full:https://registry.npmjs.org/async-mutex cache-miss
59 http fetch GET 200 https://registry.npmjs.org/ws 393ms (cache miss)
60 silly packumentCache full:https://registry.npmjs.org/ws set size:undefined disposed:false
61 silly fetch manifest music-metadata@^11.12.3
62 silly packumentCache full:https://registry.npmjs.org/music-metadata cache-miss
63 http fetch GET 200 https://registry.npmjs.org/p-queue 571ms (cache miss)
64 silly packumentCache full:https://registry.npmjs.org/p-queue set size:undefined disposed:false
65 silly fetch manifest whatsapp-rust-bridge@0.5.3
66 silly packumentCache full:https://registry.npmjs.org/whatsapp-rust-bridge cache-miss
67 http fetch GET 200 https://registry.npmjs.org/music-metadata 466ms (cache miss)
68 silly packumentCache full:https://registry.npmjs.org/music-metadata set size:undefined disposed:false
69 silly fetch manifest @cacheable/node-cache@^1.4.0
70 silly packumentCache full:https://registry.npmjs.org/@cacheable%2fnode-cache cache-miss
71 http fetch GET 200 https://registry.npmjs.org/@hapi%2fboom 926ms (cache miss)
72 silly packumentCache full:https://registry.npmjs.org/@hapi%2fboom set size:undefined disposed:false
73 silly fetch manifest semver@^7.7.3
74 silly packumentCache full:https://registry.npmjs.org/semver cache-miss
75 http fetch GET 200 https://registry.npmjs.org/async-mutex 835ms (cache miss)
76 silly packumentCache full:https://registry.npmjs.org/async-mutex set size:undefined disposed:false
77 silly fetch manifest @img/colour@^1.0.0
78 silly packumentCache full:https://registry.npmjs.org/@img%2fcolour cache-miss
79 http fetch GET 200 https://registry.npmjs.org/whatsapp-rust-bridge 394ms (cache miss)
80 silly packumentCache full:https://registry.npmjs.org/whatsapp-rust-bridge set size:undefined disposed:false
81 silly fetch manifest detect-libc@^2.1.2
82 silly packumentCache full:https://registry.npmjs.org/detect-libc cache-miss
83 http fetch GET 200 https://registry.npmjs.org/lru-cache 1018ms (cache miss)
84 silly packumentCache full:https://registry.npmjs.org/lru-cache set size:undefined disposed:false
85 silly fetch manifest @img/sharp-wasm32@0.34.5
86 silly packumentCache full:https://registry.npmjs.org/@img%2fsharp-wasm32 cache-miss
87 http fetch GET 200 https://registry.npmjs.org/protobufjs 1040ms (cache miss)
88 silly packumentCache full:https://registry.npmjs.org/protobufjs set size:undefined disposed:false
89 silly fetch manifest @img/sharp-linux-arm@0.34.5
90 silly packumentCache full:https://registry.npmjs.org/@img%2fsharp-linux-arm cache-miss
91 http fetch GET 200 https://registry.npmjs.org/@img%2fcolour 244ms (cache miss)
92 silly packumentCache full:https://registry.npmjs.org/@img%2fcolour set size:undefined disposed:false
93 silly fetch manifest @img/sharp-linux-x64@0.34.5
94 silly packumentCache full:https://registry.npmjs.org/@img%2fsharp-linux-x64 cache-miss
95 http fetch GET 200 https://registry.npmjs.org/semver 267ms (cache miss)
96 silly packumentCache full:https://registry.npmjs.org/semver set size:undefined disposed:false
97 silly fetch manifest @img/sharp-win32-x64@0.34.5
98 silly packumentCache full:https://registry.npmjs.org/@img%2fsharp-win32-x64 cache-miss
99 http fetch GET 200 https://registry.npmjs.org/@img%2fsharp-wasm32 225ms (cache miss)
100 silly packumentCache full:https://registry.npmjs.org/@img%2fsharp-wasm32 set size:undefined disposed:false
101 silly fetch manifest @img/sharp-darwin-x64@0.34.5
102 silly packumentCache full:https://registry.npmjs.org/@img%2fsharp-darwin-x64 cache-miss
103 http fetch GET 200 https://registry.npmjs.org/@img%2fsharp-linux-arm 280ms (cache miss)
104 silly packumentCache full:https://registry.npmjs.org/@img%2fsharp-linux-arm set size:undefined disposed:false
105 silly fetch manifest @img/sharp-win32-ia32@0.34.5
106 silly packumentCache full:https://registry.npmjs.org/@img%2fsharp-win32-ia32 cache-miss
107 http fetch GET 200 https://registry.npmjs.org/detect-libc 383ms (cache miss)
108 silly packumentCache full:https://registry.npmjs.org/detect-libc set size:undefined disposed:false
109 silly fetch manifest @img/sharp-linux-arm64@0.34.5
110 silly packumentCache full:https://registry.npmjs.org/@img%2fsharp-linux-arm64 cache-miss
111 http fetch GET 200 https://registry.npmjs.org/@cacheable%2fnode-cache 480ms (cache miss)
112 silly packumentCache full:https://registry.npmjs.org/@cacheable%2fnode-cache set size:undefined disposed:false
113 silly fetch manifest @img/sharp-linux-ppc64@0.34.5
114 silly packumentCache full:https://registry.npmjs.org/@img%2fsharp-linux-ppc64 cache-miss
115 http fetch GET 200 https://registry.npmjs.org/@img%2fsharp-win32-x64 251ms (cache miss)
116 silly packumentCache full:https://registry.npmjs.org/@img%2fsharp-win32-x64 set size:undefined disposed:false
117 silly fetch manifest @img/sharp-linux-s390x@0.34.5
118 silly packumentCache full:https://registry.npmjs.org/@img%2fsharp-linux-s390x cache-miss
119 http fetch GET 200 https://registry.npmjs.org/@img%2fsharp-linux-x64 278ms (cache miss)
120 silly packumentCache full:https://registry.npmjs.org/@img%2fsharp-linux-x64 set size:undefined disposed:false
121 silly fetch manifest @img/sharp-win32-arm64@0.34.5
122 silly packumentCache full:https://registry.npmjs.org/@img%2fsharp-win32-arm64 cache-miss
123 http fetch GET 200 https://registry.npmjs.org/@img%2fsharp-darwin-x64 231ms (cache miss)
124 silly packumentCache full:https://registry.npmjs.org/@img%2fsharp-darwin-x64 set size:undefined disposed:false
125 silly fetch manifest @img/sharp-darwin-arm64@0.34.5
126 silly packumentCache full:https://registry.npmjs.org/@img%2fsharp-darwin-arm64 cache-miss
127 http fetch GET 200 https://registry.npmjs.org/@img%2fsharp-linux-ppc64 254ms (cache miss)
128 silly packumentCache full:https://registry.npmjs.org/@img%2fsharp-linux-ppc64 set size:undefined disposed:false
129 silly fetch manifest @img/sharp-linux-riscv64@0.34.5
130 silly packumentCache full:https://registry.npmjs.org/@img%2fsharp-linux-riscv64 cache-miss
131 http fetch GET 200 https://registry.npmjs.org/@img%2fsharp-win32-ia32 290ms (cache miss)
132 silly packumentCache full:https://registry.npmjs.org/@img%2fsharp-win32-ia32 set size:undefined disposed:false
133 silly fetch manifest @img/sharp-linuxmusl-x64@0.34.5
134 silly packumentCache full:https://registry.npmjs.org/@img%2fsharp-linuxmusl-x64 cache-miss
135 http fetch GET 200 https://registry.npmjs.org/@img%2fsharp-linux-s390x 233ms (cache miss)
136 silly packumentCache full:https://registry.npmjs.org/@img%2fsharp-linux-s390x set size:undefined disposed:false
137 silly fetch manifest @img/sharp-linuxmusl-arm64@0.34.5
138 silly packumentCache full:https://registry.npmjs.org/@img%2fsharp-linuxmusl-arm64 cache-miss
139 http fetch GET 200 https://registry.npmjs.org/@img%2fsharp-win32-arm64 241ms (cache miss)
140 silly packumentCache full:https://registry.npmjs.org/@img%2fsharp-win32-arm64 set size:undefined disposed:false
141 silly fetch manifest @img/sharp-libvips-linux-arm@1.2.4
142 silly packumentCache full:https://registry.npmjs.org/@img%2fsharp-libvips-linux-arm cache-miss
143 http fetch GET 200 https://registry.npmjs.org/@img%2fsharp-darwin-arm64 225ms (cache miss)
144 silly packumentCache full:https://registry.npmjs.org/@img%2fsharp-darwin-arm64 set size:undefined disposed:false
145 silly fetch manifest @img/sharp-libvips-linux-x64@1.2.4
146 silly packumentCache full:https://registry.npmjs.org/@img%2fsharp-libvips-linux-x64 cache-miss
147 http fetch GET 200 https://registry.npmjs.org/@img%2fsharp-linux-riscv64 276ms (cache miss)
148 silly packumentCache full:https://registry.npmjs.org/@img%2fsharp-linux-riscv64 set size:undefined disposed:false
149 silly fetch manifest @img/sharp-libvips-darwin-x64@1.2.4
150 silly packumentCache full:https://registry.npmjs.org/@img%2fsharp-libvips-darwin-x64 cache-miss
151 http fetch GET 200 https://registry.npmjs.org/@img%2fsharp-linuxmusl-x64 286ms (cache miss)
152 silly packumentCache full:https://registry.npmjs.org/@img%2fsharp-linuxmusl-x64 set size:undefined disposed:false
153 silly fetch manifest @img/sharp-libvips-linux-arm64@1.2.4
154 silly packumentCache full:https://registry.npmjs.org/@img%2fsharp-libvips-linux-arm64 cache-miss
155 http fetch GET 200 https://registry.npmjs.org/@img%2fsharp-linuxmusl-arm64 269ms (cache miss)
156 silly packumentCache full:https://registry.npmjs.org/@img%2fsharp-linuxmusl-arm64 set size:undefined disposed:false
157 silly fetch manifest @img/sharp-libvips-linux-ppc64@1.2.4
158 silly packumentCache full:https://registry.npmjs.org/@img%2fsharp-libvips-linux-ppc64 cache-miss
159 http fetch GET 200 https://registry.npmjs.org/@img%2fsharp-libvips-linux-x64 247ms (cache miss)
160 silly packumentCache full:https://registry.npmjs.org/@img%2fsharp-libvips-linux-x64 set size:undefined disposed:false
161 silly fetch manifest @img/sharp-libvips-linux-s390x@1.2.4
162 silly packumentCache full:https://registry.npmjs.org/@img%2fsharp-libvips-linux-s390x cache-miss
163 http fetch GET 200 https://registry.npmjs.org/@img%2fsharp-libvips-linux-arm 262ms (cache miss)
164 silly packumentCache full:https://registry.npmjs.org/@img%2fsharp-libvips-linux-arm set size:undefined disposed:false
165 silly fetch manifest @img/sharp-libvips-darwin-arm64@1.2.4
166 silly packumentCache full:https://registry.npmjs.org/@img%2fsharp-libvips-darwin-arm64 cache-miss
167 http fetch GET 200 https://registry.npmjs.org/@img%2fsharp-libvips-linux-s390x 255ms (cache miss)
168 silly packumentCache full:https://registry.npmjs.org/@img%2fsharp-libvips-linux-s390x set size:undefined disposed:false
169 silly fetch manifest @img/sharp-libvips-linux-riscv64@1.2.4
170 silly packumentCache full:https://registry.npmjs.org/@img%2fsharp-libvips-linux-riscv64 cache-miss
171 http fetch GET 200 https://registry.npmjs.org/@img%2fsharp-libvips-darwin-x64 328ms (cache miss)
172 silly packumentCache full:https://registry.npmjs.org/@img%2fsharp-libvips-darwin-x64 set size:undefined disposed:false
173 silly fetch manifest @img/sharp-libvips-linuxmusl-x64@1.2.4
174 silly packumentCache full:https://registry.npmjs.org/@img%2fsharp-libvips-linuxmusl-x64 cache-miss
175 http fetch GET 200 https://registry.npmjs.org/@img%2fsharp-libvips-linux-arm64 314ms (cache miss)
176 silly packumentCache full:https://registry.npmjs.org/@img%2fsharp-libvips-linux-arm64 set size:undefined disposed:false
177 silly fetch manifest @img/sharp-libvips-linuxmusl-arm64@1.2.4
178 silly packumentCache full:https://registry.npmjs.org/@img%2fsharp-libvips-linuxmusl-arm64 cache-miss
179 http fetch GET 200 https://registry.npmjs.org/@img%2fsharp-libvips-linux-ppc64 285ms (cache miss)
180 silly packumentCache full:https://registry.npmjs.org/@img%2fsharp-libvips-linux-ppc64 set size:undefined disposed:false
181 silly fetch manifest atomic-sleep@^1.0.0
182 silly packumentCache full:https://registry.npmjs.org/atomic-sleep cache-miss
183 http fetch GET 200 https://registry.npmjs.org/@img%2fsharp-libvips-darwin-arm64 285ms (cache miss)
184 silly packumentCache full:https://registry.npmjs.org/@img%2fsharp-libvips-darwin-arm64 set size:undefined disposed:false
185 silly fetch manifest on-exit-leak-free@^2.1.0
186 silly packumentCache full:https://registry.npmjs.org/on-exit-leak-free cache-miss
187 http fetch GET 200 https://registry.npmjs.org/@img%2fsharp-linux-arm64 908ms (cache miss)
188 silly packumentCache full:https://registry.npmjs.org/@img%2fsharp-linux-arm64 set size:undefined disposed:false
189 silly fetch manifest pino-abstract-transport@^3.0.0
190 silly packumentCache full:https://registry.npmjs.org/pino-abstract-transport cache-miss
191 http fetch GET 200 https://registry.npmjs.org/atomic-sleep 204ms (cache miss)
192 silly packumentCache full:https://registry.npmjs.org/atomic-sleep set size:undefined disposed:false
193 silly fetch manifest pino-std-serializers@^7.0.0
194 silly packumentCache full:https://registry.npmjs.org/pino-std-serializers cache-miss
195 http fetch GET 200 https://registry.npmjs.org/@img%2fsharp-libvips-linux-riscv64 228ms (cache miss)
196 silly packumentCache full:https://registry.npmjs.org/@img%2fsharp-libvips-linux-riscv64 set size:undefined disposed:false
197 silly fetch manifest process-warning@^5.0.0
198 silly packumentCache full:https://registry.npmjs.org/process-warning cache-miss
199 http fetch GET 200 https://registry.npmjs.org/@img%2fsharp-libvips-linuxmusl-x64 256ms (cache miss)
200 silly packumentCache full:https://registry.npmjs.org/@img%2fsharp-libvips-linuxmusl-x64 set size:undefined disposed:false
201 silly fetch manifest quick-format-unescaped@^4.0.3
202 silly packumentCache full:https://registry.npmjs.org/quick-format-unescaped cache-miss
203 http fetch GET 200 https://registry.npmjs.org/on-exit-leak-free 236ms (cache miss)
204 silly packumentCache full:https://registry.npmjs.org/on-exit-leak-free set size:undefined disposed:false
205 silly fetch manifest real-require@^0.2.0
206 silly packumentCache full:https://registry.npmjs.org/real-require cache-miss
207 http fetch GET 200 https://registry.npmjs.org/@img%2fsharp-libvips-linuxmusl-arm64 262ms (cache miss)
208 silly packumentCache full:https://registry.npmjs.org/@img%2fsharp-libvips-linuxmusl-arm64 set size:undefined disposed:false
209 silly fetch manifest safe-stable-stringify@^2.3.1
210 silly packumentCache full:https://registry.npmjs.org/safe-stable-stringify cache-miss
211 http fetch GET 200 https://registry.npmjs.org/pino-abstract-transport 408ms (cache miss)
212 silly packumentCache full:https://registry.npmjs.org/pino-abstract-transport set size:undefined disposed:false
213 silly fetch manifest @pinojs/redact@^0.4.0
214 silly packumentCache full:https://registry.npmjs.org/@pinojs%2fredact cache-miss
215 http fetch GET 200 https://registry.npmjs.org/quick-format-unescaped 289ms (cache miss)
216 silly packumentCache full:https://registry.npmjs.org/quick-format-unescaped set size:undefined disposed:false
217 silly fetch manifest sonic-boom@^4.0.1
218 silly packumentCache full:https://registry.npmjs.org/sonic-boom cache-miss
219 http fetch GET 200 https://registry.npmjs.org/real-require 299ms (cache miss)
220 silly packumentCache full:https://registry.npmjs.org/real-require set size:undefined disposed:false
221 silly fetch manifest thread-stream@^4.0.0
222 silly packumentCache full:https://registry.npmjs.org/thread-stream cache-miss
223 http fetch GET 200 https://registry.npmjs.org/process-warning 350ms (cache miss)
224 silly packumentCache full:https://registry.npmjs.org/process-warning set size:undefined disposed:false
225 http fetch GET 200 https://registry.npmjs.org/pino-std-serializers 360ms (cache miss)
226 silly packumentCache full:https://registry.npmjs.org/pino-std-serializers set size:undefined disposed:false
227 http fetch GET 200 https://registry.npmjs.org/safe-stable-stringify 312ms (cache miss)
228 silly packumentCache full:https://registry.npmjs.org/safe-stable-stringify set size:undefined disposed:false
229 http fetch GET 200 https://registry.npmjs.org/thread-stream 404ms (cache miss)
230 silly packumentCache full:https://registry.npmjs.org/thread-stream set size:undefined disposed:false
231 http fetch GET 200 https://registry.npmjs.org/sonic-boom 421ms (cache miss)
232 silly packumentCache full:https://registry.npmjs.org/sonic-boom set size:undefined disposed:false
233 http fetch GET 200 https://registry.npmjs.org/@pinojs%2fredact 859ms (cache miss)
234 silly packumentCache full:https://registry.npmjs.org/@pinojs%2fredact set size:undefined disposed:false
235 silly fetch manifest bufferutil@^4.0.1
236 silly packumentCache full:https://registry.npmjs.org/bufferutil cache-miss
237 http fetch GET 200 https://registry.npmjs.org/bufferutil 291ms (cache miss)
238 silly packumentCache full:https://registry.npmjs.org/bufferutil set size:undefined disposed:false
239 silly fetch manifest utf-8-validate@>=5.0.2
240 silly packumentCache full:https://registry.npmjs.org/utf-8-validate cache-miss
241 http fetch GET 200 https://registry.npmjs.org/utf-8-validate 248ms (cache miss)
242 silly packumentCache full:https://registry.npmjs.org/utf-8-validate set size:undefined disposed:false
243 silly placeDep ROOT @cacheable/node-cache@1.7.6 OK for: @whiskeysockets/baileys@7.0.0-rc10 want: ^1.4.0
244 silly placeDep ROOT @hapi/boom@9.1.4 OK for: @whiskeysockets/baileys@7.0.0-rc10 want: ^9.1.3
245 silly placeDep ROOT async-mutex@0.5.0 OK for: @whiskeysockets/baileys@7.0.0-rc10 want: ^0.5.0
246 silly placeDep ROOT libsignal@2.0.1 OK for: @whiskeysockets/baileys@7.0.0-rc10 want: git+https://github.com/whiskeysockets/libsignal-node.git
247 silly placeDep ROOT lru-cache@11.3.6 OK for: @whiskeysockets/baileys@7.0.0-rc10 want: ^11.1.0
248 silly placeDep ROOT music-metadata@11.12.3 OK for: @whiskeysockets/baileys@7.0.0-rc10 want: ^11.12.3
249 silly placeDep ROOT p-queue@9.2.0 OK for: @whiskeysockets/baileys@7.0.0-rc10 want: ^9.0.0
250 silly placeDep node_modules/@whiskeysockets/baileys pino@9.14.0 OK for: @whiskeysockets/baileys@7.0.0-rc10 want: ^9.6
251 silly placeDep ROOT protobufjs@7.5.7 OK for: @whiskeysockets/baileys@7.0.0-rc10 want: ^7.5.6
252 silly placeDep ROOT whatsapp-rust-bridge@0.5.3 OK for: @whiskeysockets/baileys@7.0.0-rc10 want: 0.5.3
253 silly placeDep ROOT ws@8.20.0 OK for: @whiskeysockets/baileys@7.0.0-rc10 want: ^8.13.0
254 silly fetch manifest keyv@^5.5.5
255 silly packumentCache full:https://registry.npmjs.org/keyv cache-miss
256 silly fetch manifest cacheable@^2.3.1
257 silly packumentCache full:https://registry.npmjs.org/cacheable cache-miss
258 silly fetch manifest hookified@^1.14.0
259 silly packumentCache full:https://registry.npmjs.org/hookified cache-miss
260 silly fetch manifest @hapi/hoek@9.x.x
261 silly packumentCache full:https://registry.npmjs.org/@hapi%2fhoek cache-miss
262 silly fetch manifest tslib@^2.4.0
263 silly packumentCache full:https://registry.npmjs.org/tslib cache-miss
264 silly fetch manifest curve25519-js@^0.0.4
265 silly packumentCache full:https://registry.npmjs.org/curve25519-js cache-miss
266 silly fetch manifest protobufjs@6.8.8
267 silly packumentCache full:https://registry.npmjs.org/protobufjs cache-miss
268 http cache https://registry.npmjs.org/protobufjs 16ms (cache hit)
269 silly packumentCache full:https://registry.npmjs.org/protobufjs set size:661291 disposed:false
270 silly fetch manifest debug@^4.4.3
271 silly packumentCache full:https://registry.npmjs.org/debug cache-miss
272 http fetch GET 200 https://registry.npmjs.org/curve25519-js 319ms (cache miss)
273 silly packumentCache full:https://registry.npmjs.org/curve25519-js set size:undefined disposed:false
274 silly fetch manifest strtok3@^10.3.4
275 silly packumentCache full:https://registry.npmjs.org/strtok3 cache-miss
276 http fetch GET 200 https://registry.npmjs.org/cacheable 330ms (cache miss)
277 silly packumentCache full:https://registry.npmjs.org/cacheable set size:undefined disposed:false
278 silly fetch manifest win-guid@^0.2.1
279 silly packumentCache full:https://registry.npmjs.org/win-guid cache-miss
280 http fetch GET 200 https://registry.npmjs.org/hookified 338ms (cache miss)
281 silly packumentCache full:https://registry.npmjs.org/hookified set size:undefined disposed:false
282 silly fetch manifest file-type@^21.3.1
283 silly packumentCache full:https://registry.npmjs.org/file-type cache-miss
284 http fetch GET 200 https://registry.npmjs.org/tslib 341ms (cache miss)
285 silly packumentCache full:https://registry.npmjs.org/tslib set size:undefined disposed:false
286 silly fetch manifest media-typer@^1.1.0
287 silly packumentCache full:https://registry.npmjs.org/media-typer cache-miss
288 http fetch GET 200 https://registry.npmjs.org/keyv 351ms (cache miss)
289 silly packumentCache full:https://registry.npmjs.org/keyv set size:undefined disposed:false
290 silly fetch manifest token-types@^6.1.2
291 silly packumentCache full:https://registry.npmjs.org/token-types cache-miss
292 http fetch GET 200 https://registry.npmjs.org/media-typer 284ms (cache miss)
293 silly packumentCache full:https://registry.npmjs.org/media-typer set size:undefined disposed:false
294 silly fetch manifest content-type@^1.0.5
295 silly packumentCache full:https://registry.npmjs.org/content-type cache-miss
296 http fetch GET 200 https://registry.npmjs.org/token-types 288ms (cache miss)
297 silly packumentCache full:https://registry.npmjs.org/token-types set size:undefined disposed:false
298 silly fetch manifest @tokenizer/token@^0.3.0
299 silly packumentCache full:https://registry.npmjs.org/@tokenizer%2ftoken cache-miss
300 http fetch GET 200 https://registry.npmjs.org/file-type 335ms (cache miss)
301 silly packumentCache full:https://registry.npmjs.org/file-type set size:undefined disposed:false
302 silly fetch manifest uint8array-extras@^1.5.0
303 silly packumentCache full:https://registry.npmjs.org/uint8array-extras cache-miss
304 http fetch GET 200 https://registry.npmjs.org/win-guid 383ms (cache miss)
305 silly packumentCache full:https://registry.npmjs.org/win-guid set size:undefined disposed:false
306 silly fetch manifest @borewit/text-codec@^0.2.2
307 silly packumentCache full:https://registry.npmjs.org/@borewit%2ftext-codec cache-miss
308 http fetch GET 200 https://registry.npmjs.org/strtok3 409ms (cache miss)
309 silly packumentCache full:https://registry.npmjs.org/strtok3 set size:undefined disposed:false
310 silly fetch manifest eventemitter3@^5.0.4
311 silly packumentCache full:https://registry.npmjs.org/eventemitter3 cache-miss
312 http fetch GET 200 https://registry.npmjs.org/content-type 292ms (cache miss)
313 silly packumentCache full:https://registry.npmjs.org/content-type set size:undefined disposed:false
314 silly fetch manifest p-timeout@^7.0.0
315 silly packumentCache full:https://registry.npmjs.org/p-timeout cache-miss
316 http fetch GET 200 https://registry.npmjs.org/@tokenizer%2ftoken 275ms (cache miss)
317 silly packumentCache full:https://registry.npmjs.org/@tokenizer%2ftoken set size:undefined disposed:false
318 silly fetch manifest thread-stream@^3.0.0
319 silly packumentCache full:https://registry.npmjs.org/thread-stream cache-miss
320 http fetch GET 200 https://registry.npmjs.org/uint8array-extras 230ms (cache miss)
321 silly packumentCache full:https://registry.npmjs.org/uint8array-extras set size:undefined disposed:false
322 silly fetch manifest pino-abstract-transport@^2.0.0
323 silly packumentCache full:https://registry.npmjs.org/pino-abstract-transport cache-miss
324 http fetch GET 200 https://registry.npmjs.org/@hapi%2fhoek 937ms (cache miss)
325 silly packumentCache full:https://registry.npmjs.org/@hapi%2fhoek set size:undefined disposed:false
326 silly fetch manifest long@^5.0.0
327 silly packumentCache full:https://registry.npmjs.org/long cache-miss
328 http cache https://registry.npmjs.org/thread-stream 21ms (cache hit)
329 silly packumentCache full:https://registry.npmjs.org/thread-stream set size:130122 disposed:false
330 silly fetch manifest @types/node@>=13.7.0
331 silly packumentCache full:https://registry.npmjs.org/@types%2fnode cache-miss
332 http fetch GET 200 https://registry.npmjs.org/@borewit%2ftext-codec 236ms (cache miss)
333 silly packumentCache full:https://registry.npmjs.org/@borewit%2ftext-codec set size:undefined disposed:false
334 silly fetch manifest @protobufjs/path@^1.1.2
335 silly packumentCache full:https://registry.npmjs.org/@protobufjs%2fpath cache-miss
336 http cache https://registry.npmjs.org/pino-abstract-transport 24ms (cache hit)
337 silly packumentCache full:https://registry.npmjs.org/pino-abstract-transport set size:28687 disposed:false
338 silly fetch manifest @protobufjs/pool@^1.1.0
339 silly packumentCache full:https://registry.npmjs.org/@protobufjs%2fpool cache-miss
340 http fetch GET 200 https://registry.npmjs.org/debug 923ms (cache miss)
341 silly packumentCache full:https://registry.npmjs.org/debug set size:undefined disposed:false
342 silly fetch manifest @protobufjs/utf8@^1.1.1
343 silly packumentCache full:https://registry.npmjs.org/@protobufjs%2futf8 cache-miss
344 http fetch GET 200 https://registry.npmjs.org/eventemitter3 241ms (cache miss)
345 silly packumentCache full:https://registry.npmjs.org/eventemitter3 set size:undefined disposed:false
346 silly fetch manifest @protobufjs/fetch@^1.1.0
347 silly packumentCache full:https://registry.npmjs.org/@protobufjs%2ffetch cache-miss
348 http fetch GET 200 https://registry.npmjs.org/@protobufjs%2fpool 232ms (cache miss)
349 silly packumentCache full:https://registry.npmjs.org/@protobufjs%2fpool set size:undefined disposed:false
350 silly fetch manifest @protobufjs/float@^1.0.2
351 silly packumentCache full:https://registry.npmjs.org/@protobufjs%2ffloat cache-miss
352 http fetch GET 200 https://registry.npmjs.org/@protobufjs%2futf8 231ms (cache miss)
353 silly packumentCache full:https://registry.npmjs.org/@protobufjs%2futf8 set size:undefined disposed:false
354 silly fetch manifest @protobufjs/base64@^1.1.2
355 silly packumentCache full:https://registry.npmjs.org/@protobufjs%2fbase64 cache-miss
356 http fetch GET 200 https://registry.npmjs.org/p-timeout 274ms (cache miss)
357 silly packumentCache full:https://registry.npmjs.org/p-timeout set size:undefined disposed:false
358 silly fetch manifest @protobufjs/codegen@^2.0.5
359 silly packumentCache full:https://registry.npmjs.org/@protobufjs%2fcodegen cache-miss
360 http fetch GET 200 https://registry.npmjs.org/long 280ms (cache miss)
361 silly packumentCache full:https://registry.npmjs.org/long set size:undefined disposed:false
362 silly fetch manifest @protobufjs/inquire@^1.1.1
363 silly packumentCache full:https://registry.npmjs.org/@protobufjs%2finquire cache-miss
364 http fetch GET 200 https://registry.npmjs.org/@protobufjs%2ffetch 244ms (cache miss)
365 silly packumentCache full:https://registry.npmjs.org/@protobufjs%2ffetch set size:undefined disposed:false
366 silly fetch manifest @protobufjs/aspromise@^1.1.2
367 silly packumentCache full:https://registry.npmjs.org/@protobufjs%2faspromise cache-miss
368 http fetch GET 200 https://registry.npmjs.org/@protobufjs%2ffloat 272ms (cache miss)
369 silly packumentCache full:https://registry.npmjs.org/@protobufjs%2ffloat set size:undefined disposed:false
370 silly fetch manifest @protobufjs/eventemitter@^1.1.0
371 silly packumentCache full:https://registry.npmjs.org/@protobufjs%2feventemitter cache-miss
372 http fetch GET 200 https://registry.npmjs.org/@protobufjs%2fcodegen 271ms (cache miss)
373 silly packumentCache full:https://registry.npmjs.org/@protobufjs%2fcodegen set size:undefined disposed:false
374 http fetch GET 200 https://registry.npmjs.org/@protobufjs%2fbase64 281ms (cache miss)
375 silly packumentCache full:https://registry.npmjs.org/@protobufjs%2fbase64 set size:undefined disposed:false
376 http fetch GET 200 https://registry.npmjs.org/@protobufjs%2finquire 260ms (cache miss)
377 silly packumentCache full:https://registry.npmjs.org/@protobufjs%2finquire set size:undefined disposed:false
378 http fetch GET 200 https://registry.npmjs.org/@protobufjs%2faspromise 255ms (cache miss)
379 silly packumentCache full:https://registry.npmjs.org/@protobufjs%2faspromise set size:undefined disposed:false
380 http fetch GET 200 https://registry.npmjs.org/@protobufjs%2feventemitter 232ms (cache miss)
381 silly packumentCache full:https://registry.npmjs.org/@protobufjs%2feventemitter set size:undefined disposed:false
382 http fetch GET 200 https://registry.npmjs.org/@protobufjs%2fpath 830ms (cache miss)
383 silly packumentCache full:https://registry.npmjs.org/@protobufjs%2fpath set size:undefined disposed:false
384 http fetch GET 200 https://registry.npmjs.org/@types%2fnode 2178ms (cache miss)
385 silly packumentCache full:https://registry.npmjs.org/@types%2fnode set size:undefined disposed:false
386 silly placeDep ROOT cacheable@2.3.5 OK for: @cacheable/node-cache@1.7.6 want: ^2.3.1
387 silly placeDep ROOT hookified@1.15.1 OK for: @cacheable/node-cache@1.7.6 want: ^1.14.0
388 silly placeDep ROOT keyv@5.6.0 OK for: @cacheable/node-cache@1.7.6 want: ^5.5.5
389 silly fetch manifest hookified@^1.15.0
390 silly packumentCache full:https://registry.npmjs.org/hookified cache-miss
391 silly fetch manifest keyv@^5.6.0
392 silly packumentCache full:https://registry.npmjs.org/keyv cache-miss
393 silly fetch manifest qified@^0.10.1
394 silly packumentCache full:https://registry.npmjs.org/qified cache-miss
395 silly fetch manifest @cacheable/memory@^2.0.8
396 silly packumentCache full:https://registry.npmjs.org/@cacheable%2fmemory cache-miss
397 silly fetch manifest @cacheable/utils@^2.4.1
398 silly packumentCache full:https://registry.npmjs.org/@cacheable%2futils cache-miss
399 silly fetch manifest @keyv/serialize@^1.1.1
400 silly packumentCache full:https://registry.npmjs.org/@keyv%2fserialize cache-miss
401 http cache https://registry.npmjs.org/hookified 11ms (cache hit)
402 silly packumentCache full:https://registry.npmjs.org/hookified set size:150549 disposed:false
403 http cache https://registry.npmjs.org/keyv 14ms (cache hit)
404 silly packumentCache full:https://registry.npmjs.org/keyv set size:215840 disposed:false
405 http fetch GET 200 https://registry.npmjs.org/qified 397ms (cache miss)
406 silly packumentCache full:https://registry.npmjs.org/qified set size:undefined disposed:false
407 http fetch GET 200 https://registry.npmjs.org/@cacheable%2fmemory 403ms (cache miss)
408 silly packumentCache full:https://registry.npmjs.org/@cacheable%2fmemory set size:undefined disposed:false
409 http fetch GET 200 https://registry.npmjs.org/@cacheable%2futils 407ms (cache miss)
410 silly packumentCache full:https://registry.npmjs.org/@cacheable%2futils set size:undefined disposed:false
411 http fetch GET 200 https://registry.npmjs.org/@keyv%2fserialize 675ms (cache miss)
412 silly packumentCache full:https://registry.npmjs.org/@keyv%2fserialize set size:undefined disposed:false
413 silly placeDep ROOT @hapi/hoek@9.3.0 OK for: @hapi/boom@9.1.4 want: 9.x.x
414 silly placeDep ROOT tslib@2.8.1 OK for: async-mutex@0.5.0 want: ^2.4.0
415 silly placeDep ROOT @cacheable/memory@2.0.8 OK for: cacheable@2.3.5 want: ^2.0.8
416 silly placeDep ROOT @cacheable/utils@2.4.1 OK for: cacheable@2.3.5 want: ^2.4.1
417 silly placeDep ROOT qified@0.10.1 OK for: cacheable@2.3.5 want: ^0.10.1
418 silly fetch manifest @keyv/bigmap@^1.3.1
419 silly packumentCache full:https://registry.npmjs.org/@keyv%2fbigmap cache-miss
420 silly fetch manifest @cacheable/utils@^2.4.0
421 silly packumentCache full:https://registry.npmjs.org/@cacheable%2futils cache-miss
422 silly fetch manifest hashery@^1.5.1
423 silly packumentCache full:https://registry.npmjs.org/hashery cache-miss
424 silly fetch manifest hookified@^2.1.1
425 silly packumentCache full:https://registry.npmjs.org/hookified cache-hit
426 http cache https://registry.npmjs.org/@cacheable%2futils 16ms (cache hit)
427 silly packumentCache full:https://registry.npmjs.org/@cacheable%2futils set size:60483 disposed:false
428 http fetch GET 200 https://registry.npmjs.org/@keyv%2fbigmap 307ms (cache miss)
429 silly packumentCache full:https://registry.npmjs.org/@keyv%2fbigmap set size:undefined disposed:false
430 http fetch GET 200 https://registry.npmjs.org/hashery 476ms (cache miss)
431 silly packumentCache full:https://registry.npmjs.org/hashery set size:undefined disposed:false
432 silly placeDep ROOT @keyv/bigmap@1.3.1 OK for: @cacheable/memory@2.0.8 want: ^1.3.1
433 silly fetch manifest hashery@^1.4.0
434 silly packumentCache full:https://registry.npmjs.org/hashery cache-miss
435 http cache https://registry.npmjs.org/hashery 12ms (cache hit)
436 silly packumentCache full:https://registry.npmjs.org/hashery set size:75282 disposed:false
437 silly placeDep ROOT hashery@1.5.1 OK for: @cacheable/utils@2.4.1 want: ^1.5.1
438 silly placeDep ROOT @keyv/serialize@1.1.1 OK for: keyv@5.6.0 want: ^1.1.1
439 silly placeDep ROOT curve25519-js@0.0.4 OK for: @whiskeysockets/libsignal-node@2.0.1 want: ^0.0.4
440 silly placeDep node_modules/libsignal protobufjs@6.8.8 OK for: @whiskeysockets/libsignal-node@2.0.1 want: 6.8.8
441 silly fetch manifest long@^4.0.0
442 silly packumentCache full:https://registry.npmjs.org/long cache-miss
443 silly fetch manifest @types/long@^4.0.0
444 silly packumentCache full:https://registry.npmjs.org/@types%2flong cache-miss
445 silly fetch manifest @types/node@^10.1.0
446 silly packumentCache full:https://registry.npmjs.org/@types%2fnode cache-miss
447 silly fetch manifest @protobufjs/utf8@^1.1.0
448 silly packumentCache full:https://registry.npmjs.org/@protobufjs%2futf8 cache-miss
449 silly fetch manifest @protobufjs/codegen@^2.0.4
450 silly packumentCache full:https://registry.npmjs.org/@protobufjs%2fcodegen cache-miss
451 silly fetch manifest @protobufjs/inquire@^1.1.0
452 silly packumentCache full:https://registry.npmjs.org/@protobufjs%2finquire cache-miss
453 http cache https://registry.npmjs.org/long 28ms (cache hit)
454 silly packumentCache full:https://registry.npmjs.org/long set size:80704 disposed:false
455 http cache https://registry.npmjs.org/@protobufjs%2fcodegen 25ms (cache hit)
456 silly packumentCache full:https://registry.npmjs.org/@protobufjs%2fcodegen set size:23820 disposed:false
457 http cache https://registry.npmjs.org/@protobufjs%2futf8 32ms (cache hit)
458 silly packumentCache full:https://registry.npmjs.org/@protobufjs%2futf8 set size:15634 disposed:false
459 http cache https://registry.npmjs.org/@protobufjs%2finquire 30ms (cache hit)
460 silly packumentCache full:https://registry.npmjs.org/@protobufjs%2finquire set size:8827 disposed:false
461 http cache https://registry.npmjs.org/@types%2fnode 73ms (cache hit)
462 silly packumentCache full:https://registry.npmjs.org/@types%2fnode set size:10990115 disposed:false
463 http fetch GET 200 https://registry.npmjs.org/@types%2flong 301ms (cache miss)
464 silly packumentCache full:https://registry.npmjs.org/@types%2flong set size:undefined disposed:false
465 silly placeDep ROOT @borewit/text-codec@0.2.2 OK for: music-metadata@11.12.3 want: ^0.2.2
466 silly placeDep ROOT @tokenizer/token@0.3.0 OK for: music-metadata@11.12.3 want: ^0.3.0
467 silly placeDep ROOT content-type@1.0.5 OK for: music-metadata@11.12.3 want: ^1.0.5
468 silly placeDep ROOT debug@4.4.3 OK for: music-metadata@11.12.3 want: ^4.4.3
469 silly placeDep ROOT file-type@21.3.4 OK for: music-metadata@11.12.3 want: ^21.3.1
470 silly placeDep ROOT media-typer@1.1.0 OK for: music-metadata@11.12.3 want: ^1.1.0
471 silly placeDep ROOT strtok3@10.3.5 OK for: music-metadata@11.12.3 want: ^10.3.4
472 silly placeDep ROOT token-types@6.1.2 OK for: music-metadata@11.12.3 want: ^6.1.2
473 silly placeDep ROOT uint8array-extras@1.5.0 OK for: music-metadata@11.12.3 want: ^1.5.0
474 silly placeDep ROOT win-guid@0.2.1 OK for: music-metadata@11.12.3 want: ^0.2.1
475 silly fetch manifest ms@^2.1.3
476 silly packumentCache full:https://registry.npmjs.org/ms cache-miss
477 silly fetch manifest token-types@^6.1.1
478 silly packumentCache full:https://registry.npmjs.org/token-types cache-miss
479 silly fetch manifest uint8array-extras@^1.4.0
480 silly packumentCache full:https://registry.npmjs.org/uint8array-extras cache-miss
481 silly fetch manifest @tokenizer/inflate@^0.4.1
482 silly packumentCache full:https://registry.npmjs.org/@tokenizer%2finflate cache-miss
483 silly fetch manifest ieee754@^1.2.1
484 silly packumentCache full:https://registry.npmjs.org/ieee754 cache-miss
485 http cache https://registry.npmjs.org/uint8array-extras 10ms (cache hit)
486 silly packumentCache full:https://registry.npmjs.org/uint8array-extras set size:36606 disposed:false
487 http cache https://registry.npmjs.org/token-types 12ms (cache hit)
488 silly packumentCache full:https://registry.npmjs.org/token-types set size:155133 disposed:false
489 http fetch GET 200 https://registry.npmjs.org/ieee754 229ms (cache miss)
490 silly packumentCache full:https://registry.npmjs.org/ieee754 set size:undefined disposed:false
491 http fetch GET 200 https://registry.npmjs.org/ms 250ms (cache miss)
492 silly packumentCache full:https://registry.npmjs.org/ms set size:undefined disposed:false
493 http fetch GET 200 https://registry.npmjs.org/@tokenizer%2finflate 390ms (cache miss)
494 silly packumentCache full:https://registry.npmjs.org/@tokenizer%2finflate set size:undefined disposed:false
495 silly placeDep ROOT ms@2.1.3 OK for: debug@4.4.3 want: ^2.1.3
496 silly placeDep ROOT @tokenizer/inflate@0.4.1 OK for: file-type@21.3.4 want: ^0.4.1
497 silly placeDep ROOT eventemitter3@5.0.4 OK for: p-queue@9.2.0 want: ^5.0.4
498 silly placeDep ROOT p-timeout@7.0.1 OK for: p-queue@9.2.0 want: ^7.0.0
499 silly placeDep ROOT @pinojs/redact@0.4.0 OK for: pino@10.3.1 want: ^0.4.0
500 silly placeDep ROOT atomic-sleep@1.0.0 OK for: pino@10.3.1 want: ^1.0.0
501 silly placeDep ROOT on-exit-leak-free@2.1.2 OK for: pino@10.3.1 want: ^2.1.0
502 silly placeDep ROOT pino-abstract-transport@3.0.0 OK for: pino@10.3.1 want: ^3.0.0
503 silly placeDep ROOT pino-std-serializers@7.1.0 OK for: pino@10.3.1 want: ^7.0.0
504 silly placeDep ROOT process-warning@5.0.0 OK for: pino@10.3.1 want: ^5.0.0
505 silly placeDep ROOT quick-format-unescaped@4.0.4 OK for: pino@10.3.1 want: ^4.0.3
506 silly placeDep ROOT real-require@0.2.0 OK for: pino@10.3.1 want: ^0.2.0
507 silly placeDep ROOT safe-stable-stringify@2.5.0 OK for: pino@10.3.1 want: ^2.3.1
508 silly placeDep ROOT sonic-boom@4.2.1 OK for: pino@10.3.1 want: ^4.0.1
509 silly placeDep ROOT thread-stream@4.1.0 OK for: pino@10.3.1 want: ^4.0.0
510 silly fetch manifest split2@^4.0.0
511 silly packumentCache full:https://registry.npmjs.org/split2 cache-miss
512 silly fetch manifest real-require@^1.0.0
513 silly packumentCache full:https://registry.npmjs.org/real-require cache-miss
514 http cache https://registry.npmjs.org/real-require 9ms (cache hit)
515 silly packumentCache full:https://registry.npmjs.org/real-require set size:10884 disposed:false
516 http fetch GET 200 https://registry.npmjs.org/split2 288ms (cache miss)
517 silly packumentCache full:https://registry.npmjs.org/split2 set size:undefined disposed:false
518 silly placeDep ROOT split2@4.2.0 OK for: pino-abstract-transport@3.0.0 want: ^4.0.0
519 silly placeDep ROOT @protobufjs/aspromise@1.1.2 OK for: protobufjs@7.5.7 want: ^1.1.2
520 silly placeDep ROOT @protobufjs/base64@1.1.2 OK for: protobufjs@7.5.7 want: ^1.1.2
521 silly placeDep ROOT @protobufjs/codegen@2.0.5 OK for: protobufjs@7.5.7 want: ^2.0.5
522 silly placeDep ROOT @protobufjs/eventemitter@1.1.0 OK for: protobufjs@7.5.7 want: ^1.1.0
523 silly placeDep ROOT @protobufjs/fetch@1.1.0 OK for: protobufjs@7.5.7 want: ^1.1.0
524 silly placeDep ROOT @protobufjs/float@1.0.2 OK for: protobufjs@7.5.7 want: ^1.0.2
525 silly placeDep ROOT @protobufjs/inquire@1.1.1 OK for: protobufjs@7.5.7 want: ^1.1.1
526 silly placeDep ROOT @protobufjs/path@1.1.2 OK for: protobufjs@7.5.7 want: ^1.1.2
527 silly placeDep ROOT @protobufjs/pool@1.1.0 OK for: protobufjs@7.5.7 want: ^1.1.0
528 silly placeDep ROOT @protobufjs/utf8@1.1.1 OK for: protobufjs@7.5.7 want: ^1.1.1
529 silly placeDep ROOT @types/node@25.6.2 OK for: protobufjs@7.5.7 want: >=13.7.0
530 silly placeDep ROOT long@5.3.2 OK for: protobufjs@7.5.7 want: ^5.0.0
531 silly fetch manifest undici-types@~7.19.0
532 silly packumentCache full:https://registry.npmjs.org/undici-types cache-miss
533 http fetch GET 200 https://registry.npmjs.org/undici-types 352ms (cache miss)
534 silly packumentCache full:https://registry.npmjs.org/undici-types set size:undefined disposed:false
535 silly placeDep ROOT undici-types@7.19.2 OK for: @types/node@25.6.2 want: ~7.19.0
536 silly placeDep node_modules/qified hookified@2.2.0 OK for: qified@0.10.1 want: ^2.1.1
537 silly placeDep ROOT @img/colour@1.1.0 OK for: sharp@0.34.5 want: ^1.0.0
538 silly placeDep ROOT @img/sharp-darwin-arm64@0.34.5 OK for: sharp@0.34.5 want: 0.34.5
539 silly placeDep ROOT @img/sharp-darwin-x64@0.34.5 OK for: sharp@0.34.5 want: 0.34.5
540 silly placeDep ROOT @img/sharp-libvips-darwin-arm64@1.2.4 OK for: sharp@0.34.5 want: 1.2.4
541 silly placeDep ROOT @img/sharp-libvips-darwin-x64@1.2.4 OK for: sharp@0.34.5 want: 1.2.4
542 silly placeDep ROOT @img/sharp-libvips-linux-arm@1.2.4 OK for: sharp@0.34.5 want: 1.2.4
543 silly placeDep ROOT @img/sharp-libvips-linux-arm64@1.2.4 OK for: sharp@0.34.5 want: 1.2.4
544 silly placeDep ROOT @img/sharp-libvips-linux-ppc64@1.2.4 OK for: sharp@0.34.5 want: 1.2.4
545 silly placeDep ROOT @img/sharp-libvips-linux-riscv64@1.2.4 OK for: sharp@0.34.5 want: 1.2.4
546 silly placeDep ROOT @img/sharp-libvips-linux-s390x@1.2.4 OK for: sharp@0.34.5 want: 1.2.4
547 silly placeDep ROOT @img/sharp-libvips-linux-x64@1.2.4 OK for: sharp@0.34.5 want: 1.2.4
548 silly placeDep ROOT @img/sharp-libvips-linuxmusl-arm64@1.2.4 OK for: sharp@0.34.5 want: 1.2.4
549 silly placeDep ROOT @img/sharp-libvips-linuxmusl-x64@1.2.4 OK for: sharp@0.34.5 want: 1.2.4
550 silly placeDep ROOT @img/sharp-linux-arm@0.34.5 OK for: sharp@0.34.5 want: 0.34.5
551 silly placeDep ROOT @img/sharp-linux-arm64@0.34.5 OK for: sharp@0.34.5 want: 0.34.5
552 silly placeDep ROOT @img/sharp-linux-ppc64@0.34.5 OK for: sharp@0.34.5 want: 0.34.5
553 silly placeDep ROOT @img/sharp-linux-riscv64@0.34.5 OK for: sharp@0.34.5 want: 0.34.5
554 silly placeDep ROOT @img/sharp-linux-s390x@0.34.5 OK for: sharp@0.34.5 want: 0.34.5
555 silly placeDep ROOT @img/sharp-linux-x64@0.34.5 OK for: sharp@0.34.5 want: 0.34.5
556 silly placeDep ROOT @img/sharp-linuxmusl-arm64@0.34.5 OK for: sharp@0.34.5 want: 0.34.5
557 silly placeDep ROOT @img/sharp-linuxmusl-x64@0.34.5 OK for: sharp@0.34.5 want: 0.34.5
558 silly placeDep ROOT @img/sharp-wasm32@0.34.5 OK for: sharp@0.34.5 want: 0.34.5
559 silly placeDep ROOT @img/sharp-win32-arm64@0.34.5 OK for: sharp@0.34.5 want: 0.34.5
560 silly placeDep ROOT @img/sharp-win32-ia32@0.34.5 OK for: sharp@0.34.5 want: 0.34.5
561 silly placeDep ROOT @img/sharp-win32-x64@0.34.5 OK for: sharp@0.34.5 want: 0.34.5
562 silly placeDep ROOT detect-libc@2.1.2 OK for: sharp@0.34.5 want: ^2.1.2
563 silly placeDep ROOT semver@7.8.0 OK for: sharp@0.34.5 want: ^7.7.3
564 silly fetch manifest @emnapi/runtime@^1.7.0
565 silly packumentCache full:https://registry.npmjs.org/@emnapi%2fruntime cache-miss
566 http fetch GET 200 https://registry.npmjs.org/@emnapi%2fruntime 843ms (cache miss)
567 silly packumentCache full:https://registry.npmjs.org/@emnapi%2fruntime set size:undefined disposed:false
568 silly placeDep ROOT @emnapi/runtime@1.10.0 OK for: @img/sharp-wasm32@0.34.5 want: ^1.7.0
569 silly placeDep node_modules/thread-stream real-require@1.0.0 OK for: thread-stream@4.1.0 want: ^1.0.0
570 silly placeDep ROOT ieee754@1.2.1 OK for: token-types@6.1.2 want: ^1.2.1
571 silly placeDep node_modules/@whiskeysockets/baileys pino-abstract-transport@2.0.0 OK for: pino@9.14.0 want: ^2.0.0
572 silly placeDep node_modules/@whiskeysockets/baileys thread-stream@3.1.0 OK for: pino@9.14.0 want: ^3.0.0
573 silly placeDep ROOT @types/long@4.0.2 OK for: protobufjs@6.8.8 want: ^4.0.0
574 silly placeDep node_modules/libsignal @types/node@10.17.60 OK for: protobufjs@6.8.8 want: ^10.1.0
575 silly placeDep node_modules/libsignal long@4.0.0 OK for: protobufjs@6.8.8 want: ^4.0.0
576 silly reify moves {}
577 http cache ieee754@https://registry.npmjs.org/ieee754/-/ieee754-1.2.1.tgz 0ms (cache hit)
578 http cache semver@https://registry.npmjs.org/semver/-/semver-7.8.0.tgz 0ms (cache hit)
579 http cache detect-libc@https://registry.npmjs.org/detect-libc/-/detect-libc-2.1.2.tgz 0ms (cache hit)
580 http cache @img/colour@https://registry.npmjs.org/@img/colour/-/colour-1.1.0.tgz 0ms (cache hit)
581 http cache @types/long@https://registry.npmjs.org/@types/long/-/long-4.0.2.tgz 0ms (cache hit)
582 http cache long@https://registry.npmjs.org/long/-/long-5.3.2.tgz 0ms (cache hit)
583 http cache undici-types@https://registry.npmjs.org/undici-types/-/undici-types-7.19.2.tgz 0ms (cache hit)
584 http cache @types/node@https://registry.npmjs.org/@types/node/-/node-25.6.2.tgz 0ms (cache hit)
585 http cache @protobufjs/path@https://registry.npmjs.org/@protobufjs/path/-/path-1.1.2.tgz 0ms (cache hit)
586 http cache @protobufjs/utf8@https://registry.npmjs.org/@protobufjs/utf8/-/utf8-1.1.1.tgz 0ms (cache hit)
587 http cache @protobufjs/pool@https://registry.npmjs.org/@protobufjs/pool/-/pool-1.1.0.tgz 0ms (cache hit)
588 http cache @protobufjs/float@https://registry.npmjs.org/@protobufjs/float/-/float-1.0.2.tgz 0ms (cache hit)
589 http cache @protobufjs/inquire@https://registry.npmjs.org/@protobufjs/inquire/-/inquire-1.1.1.tgz 0ms (cache hit)
590 http cache @protobufjs/fetch@https://registry.npmjs.org/@protobufjs/fetch/-/fetch-1.1.0.tgz 0ms (cache hit)
591 http cache @protobufjs/codegen@https://registry.npmjs.org/@protobufjs/codegen/-/codegen-2.0.5.tgz 0ms (cache hit)
592 http cache @protobufjs/base64@https://registry.npmjs.org/@protobufjs/base64/-/base64-1.1.2.tgz 0ms (cache hit)
593 http cache @protobufjs/eventemitter@https://registry.npmjs.org/@protobufjs/eventemitter/-/eventemitter-1.1.0.tgz 0ms (cache hit)
594 http cache @protobufjs/aspromise@https://registry.npmjs.org/@protobufjs/aspromise/-/aspromise-1.1.2.tgz 0ms (cache hit)
595 http cache thread-stream@https://registry.npmjs.org/thread-stream/-/thread-stream-4.1.0.tgz 0ms (cache hit)
596 http cache sonic-boom@https://registry.npmjs.org/sonic-boom/-/sonic-boom-4.2.1.tgz 0ms (cache hit)
597 http cache split2@https://registry.npmjs.org/split2/-/split2-4.2.0.tgz 0ms (cache hit)
598 http cache safe-stable-stringify@https://registry.npmjs.org/safe-stable-stringify/-/safe-stable-stringify-2.5.0.tgz 0ms (cache hit)
599 http cache quick-format-unescaped@https://registry.npmjs.org/quick-format-unescaped/-/quick-format-unescaped-4.0.4.tgz 0ms (cache hit)
600 http cache pino-std-serializers@https://registry.npmjs.org/pino-std-serializers/-/pino-std-serializers-7.1.0.tgz 0ms (cache hit)
601 http cache real-require@https://registry.npmjs.org/real-require/-/real-require-0.2.0.tgz 0ms (cache hit)
602 http cache pino-abstract-transport@https://registry.npmjs.org/pino-abstract-transport/-/pino-abstract-transport-3.0.0.tgz 0ms (cache hit)
603 http cache on-exit-leak-free@https://registry.npmjs.org/on-exit-leak-free/-/on-exit-leak-free-2.1.2.tgz 0ms (cache hit)
604 http cache @pinojs/redact@https://registry.npmjs.org/@pinojs/redact/-/redact-0.4.0.tgz 0ms (cache hit)
605 http cache p-timeout@https://registry.npmjs.org/p-timeout/-/p-timeout-7.0.1.tgz 0ms (cache hit)
606 http cache eventemitter3@https://registry.npmjs.org/eventemitter3/-/eventemitter3-5.0.4.tgz 1ms (cache hit)
607 http cache @tokenizer/inflate@https://registry.npmjs.org/@tokenizer/inflate/-/inflate-0.4.1.tgz 0ms (cache hit)
608 http cache ms@https://registry.npmjs.org/ms/-/ms-2.1.3.tgz 0ms (cache hit)
609 http cache win-guid@https://registry.npmjs.org/win-guid/-/win-guid-0.2.1.tgz 0ms (cache hit)
610 http cache uint8array-extras@https://registry.npmjs.org/uint8array-extras/-/uint8array-extras-1.5.0.tgz 0ms (cache hit)
611 http cache strtok3@https://registry.npmjs.org/strtok3/-/strtok3-10.3.5.tgz 0ms (cache hit)
612 http cache media-typer@https://registry.npmjs.org/media-typer/-/media-typer-1.1.0.tgz 0ms (cache hit)
613 http cache file-type@https://registry.npmjs.org/file-type/-/file-type-21.3.4.tgz 0ms (cache hit)
614 http cache atomic-sleep@https://registry.npmjs.org/atomic-sleep/-/atomic-sleep-1.0.0.tgz 0ms (cache hit)
615 http cache token-types@https://registry.npmjs.org/token-types/-/token-types-6.1.2.tgz 0ms (cache hit)
616 http cache process-warning@https://registry.npmjs.org/process-warning/-/process-warning-5.0.0.tgz 0ms (cache hit)
617 http cache @tokenizer/token@https://registry.npmjs.org/@tokenizer/token/-/token-0.3.0.tgz 0ms (cache hit)
618 http cache @borewit/text-codec@https://registry.npmjs.org/@borewit/text-codec/-/text-codec-0.2.2.tgz 0ms (cache hit)
619 http cache content-type@https://registry.npmjs.org/content-type/-/content-type-1.0.5.tgz 0ms (cache hit)
620 http cache curve25519-js@https://registry.npmjs.org/curve25519-js/-/curve25519-js-0.0.4.tgz 0ms (cache hit)
621 http cache hashery@https://registry.npmjs.org/hashery/-/hashery-1.5.1.tgz 0ms (cache hit)
622 http cache @keyv/bigmap@https://registry.npmjs.org/@keyv/bigmap/-/bigmap-1.3.1.tgz 0ms (cache hit)
623 http cache @keyv/serialize@https://registry.npmjs.org/@keyv/serialize/-/serialize-1.1.1.tgz 0ms (cache hit)
624 http cache qified@https://registry.npmjs.org/qified/-/qified-0.10.1.tgz 0ms (cache hit)
625 http cache @cacheable/memory@https://registry.npmjs.org/@cacheable/memory/-/memory-2.0.8.tgz 0ms (cache hit)
626 http cache tslib@https://registry.npmjs.org/tslib/-/tslib-2.8.1.tgz 0ms (cache hit)
627 http cache @hapi/hoek@https://registry.npmjs.org/@hapi/hoek/-/hoek-9.3.0.tgz 0ms (cache hit)
628 http cache @cacheable/utils@https://registry.npmjs.org/@cacheable/utils/-/utils-2.4.1.tgz 0ms (cache hit)
629 http cache keyv@https://registry.npmjs.org/keyv/-/keyv-5.6.0.tgz 0ms (cache hit)
630 http cache cacheable@https://registry.npmjs.org/cacheable/-/cacheable-2.3.5.tgz 0ms (cache hit)
631 http cache ws@https://registry.npmjs.org/ws/-/ws-8.20.0.tgz 0ms (cache hit)
632 http cache whatsapp-rust-bridge@https://registry.npmjs.org/whatsapp-rust-bridge/-/whatsapp-rust-bridge-0.5.3.tgz 0ms (cache hit)
633 http cache hookified@https://registry.npmjs.org/hookified/-/hookified-1.15.1.tgz 0ms (cache hit)
634 http cache protobufjs@https://registry.npmjs.org/protobufjs/-/protobufjs-7.5.7.tgz 0ms (cache hit)
635 http cache music-metadata@https://registry.npmjs.org/music-metadata/-/music-metadata-11.12.3.tgz 0ms (cache hit)
636 http cache lru-cache@https://registry.npmjs.org/lru-cache/-/lru-cache-11.3.6.tgz 0ms (cache hit)
637 http cache p-queue@https://registry.npmjs.org/p-queue/-/p-queue-9.2.0.tgz 0ms (cache hit)
638 http cache async-mutex@https://registry.npmjs.org/async-mutex/-/async-mutex-0.5.0.tgz 0ms (cache hit)
639 http cache @cacheable/node-cache@https://registry.npmjs.org/@cacheable/node-cache/-/node-cache-1.7.6.tgz 0ms (cache hit)
640 http cache pino@https://registry.npmjs.org/pino/-/pino-10.3.1.tgz 0ms (cache hit)
641 http cache sharp@https://registry.npmjs.org/sharp/-/sharp-0.34.5.tgz 0ms (cache hit)
642 http cache @hapi/boom@https://registry.npmjs.org/@hapi/boom/-/boom-9.1.4.tgz 0ms (cache hit)
643 http cache @whiskeysockets/baileys@https://registry.npmjs.org/@whiskeysockets/baileys/-/baileys-7.0.0-rc10.tgz 0ms (cache hit)
644 http cache hookified@https://registry.npmjs.org/hookified/-/hookified-2.2.0.tgz 0ms (cache hit)
645 http cache long@https://registry.npmjs.org/long/-/long-4.0.0.tgz 0ms (cache hit)
646 http cache real-require@https://registry.npmjs.org/real-require/-/real-require-1.0.0.tgz 0ms (cache hit)
647 http cache @types/node@https://registry.npmjs.org/@types/node/-/node-10.17.60.tgz 0ms (cache hit)
648 http cache thread-stream@https://registry.npmjs.org/thread-stream/-/thread-stream-3.1.0.tgz 0ms (cache hit)
649 http cache pino-abstract-transport@https://registry.npmjs.org/pino-abstract-transport/-/pino-abstract-transport-2.0.0.tgz 0ms (cache hit)
650 http cache pino@https://registry.npmjs.org/pino/-/pino-9.14.0.tgz 0ms (cache hit)
651 http cache protobufjs@https://registry.npmjs.org/protobufjs/-/protobufjs-6.8.8.tgz 0ms (cache hit)
652 http cache debug@https://registry.npmjs.org/debug/-/debug-4.4.3.tgz 0ms (cache hit)
653 silly tarball no local data for ieee754@https://registry.npmjs.org/ieee754/-/ieee754-1.2.1.tgz. Extracting by manifest.
654 silly tarball no local data for semver@https://registry.npmjs.org/semver/-/semver-7.8.0.tgz. Extracting by manifest.
655 silly tarball no local data for detect-libc@https://registry.npmjs.org/detect-libc/-/detect-libc-2.1.2.tgz. Extracting by manifest.
656 silly tarball no local data for @img/colour@https://registry.npmjs.org/@img/colour/-/colour-1.1.0.tgz. Extracting by manifest.
657 silly tarball no local data for @types/long@https://registry.npmjs.org/@types/long/-/long-4.0.2.tgz. Extracting by manifest.
658 silly tarball no local data for long@https://registry.npmjs.org/long/-/long-5.3.2.tgz. Extracting by manifest.
659 silly tarball no local data for @types/node@https://registry.npmjs.org/@types/node/-/node-25.6.2.tgz. Extracting by manifest.
660 silly tarball no local data for @protobufjs/path@https://registry.npmjs.org/@protobufjs/path/-/path-1.1.2.tgz. Extracting by manifest.
661 silly tarball no local data for @protobufjs/utf8@https://registry.npmjs.org/@protobufjs/utf8/-/utf8-1.1.1.tgz. Extracting by manifest.
662 silly tarball no local data for undici-types@https://registry.npmjs.org/undici-types/-/undici-types-7.19.2.tgz. Extracting by manifest.
663 silly tarball no local data for @protobufjs/fetch@https://registry.npmjs.org/@protobufjs/fetch/-/fetch-1.1.0.tgz. Extracting by manifest.
664 silly tarball no local data for @protobufjs/codegen@https://registry.npmjs.org/@protobufjs/codegen/-/codegen-2.0.5.tgz. Extracting by manifest.
665 silly tarball no local data for @protobufjs/base64@https://registry.npmjs.org/@protobufjs/base64/-/base64-1.1.2.tgz. Extracting by manifest.
666 silly tarball no local data for @protobufjs/pool@https://registry.npmjs.org/@protobufjs/pool/-/pool-1.1.0.tgz. Extracting by manifest.
667 silly tarball no local data for @protobufjs/float@https://registry.npmjs.org/@protobufjs/float/-/float-1.0.2.tgz. Extracting by manifest.
668 silly tarball no local data for thread-stream@https://registry.npmjs.org/thread-stream/-/thread-stream-4.1.0.tgz. Extracting by manifest.
669 silly tarball no local data for sonic-boom@https://registry.npmjs.org/sonic-boom/-/sonic-boom-4.2.1.tgz. Extracting by manifest.
670 silly tarball no local data for split2@https://registry.npmjs.org/split2/-/split2-4.2.0.tgz. Extracting by manifest.
671 silly tarball no local data for safe-stable-stringify@https://registry.npmjs.org/safe-stable-stringify/-/safe-stable-stringify-2.5.0.tgz. Extracting by manifest.
672 silly tarball no local data for quick-format-unescaped@https://registry.npmjs.org/quick-format-unescaped/-/quick-format-unescaped-4.0.4.tgz. Extracting by manifest.
673 silly tarball no local data for pino-std-serializers@https://registry.npmjs.org/pino-std-serializers/-/pino-std-serializers-7.1.0.tgz. Extracting by manifest.
674 silly tarball no local data for real-require@https://registry.npmjs.org/real-require/-/real-require-0.2.0.tgz. Extracting by manifest.
675 silly tarball no local data for pino-abstract-transport@https://registry.npmjs.org/pino-abstract-transport/-/pino-abstract-transport-3.0.0.tgz. Extracting by manifest.
676 silly tarball no local data for @protobufjs/eventemitter@https://registry.npmjs.org/@protobufjs/eventemitter/-/eventemitter-1.1.0.tgz. Extracting by manifest.
677 silly tarball no local data for @protobufjs/aspromise@https://registry.npmjs.org/@protobufjs/aspromise/-/aspromise-1.1.2.tgz. Extracting by manifest.
678 silly tarball no local data for @protobufjs/inquire@https://registry.npmjs.org/@protobufjs/inquire/-/inquire-1.1.1.tgz. Extracting by manifest.
679 silly tarball no local data for @pinojs/redact@https://registry.npmjs.org/@pinojs/redact/-/redact-0.4.0.tgz. Extracting by manifest.
680 silly tarball no local data for p-timeout@https://registry.npmjs.org/p-timeout/-/p-timeout-7.0.1.tgz. Extracting by manifest.
681 silly tarball no local data for eventemitter3@https://registry.npmjs.org/eventemitter3/-/eventemitter3-5.0.4.tgz. Extracting by manifest.
682 silly tarball no local data for @tokenizer/inflate@https://registry.npmjs.org/@tokenizer/inflate/-/inflate-0.4.1.tgz. Extracting by manifest.
683 silly tarball no local data for ms@https://registry.npmjs.org/ms/-/ms-2.1.3.tgz. Extracting by manifest.
684 silly tarball no local data for win-guid@https://registry.npmjs.org/win-guid/-/win-guid-0.2.1.tgz. Extracting by manifest.
685 silly tarball no local data for uint8array-extras@https://registry.npmjs.org/uint8array-extras/-/uint8array-extras-1.5.0.tgz. Extracting by manifest.
686 silly tarball no local data for strtok3@https://registry.npmjs.org/strtok3/-/strtok3-10.3.5.tgz. Extracting by manifest.
687 silly tarball no local data for on-exit-leak-free@https://registry.npmjs.org/on-exit-leak-free/-/on-exit-leak-free-2.1.2.tgz. Extracting by manifest.
688 silly tarball no local data for file-type@https://registry.npmjs.org/file-type/-/file-type-21.3.4.tgz. Extracting by manifest.
689 silly tarball no local data for atomic-sleep@https://registry.npmjs.org/atomic-sleep/-/atomic-sleep-1.0.0.tgz. Extracting by manifest.
690 silly tarball no local data for token-types@https://registry.npmjs.org/token-types/-/token-types-6.1.2.tgz. Extracting by manifest.
691 silly tarball no local data for media-typer@https://registry.npmjs.org/media-typer/-/media-typer-1.1.0.tgz. Extracting by manifest.
692 silly tarball no local data for process-warning@https://registry.npmjs.org/process-warning/-/process-warning-5.0.0.tgz. Extracting by manifest.
693 silly tarball no local data for @tokenizer/token@https://registry.npmjs.org/@tokenizer/token/-/token-0.3.0.tgz. Extracting by manifest.
694 silly tarball no local data for @borewit/text-codec@https://registry.npmjs.org/@borewit/text-codec/-/text-codec-0.2.2.tgz. Extracting by manifest.
695 silly tarball no local data for curve25519-js@https://registry.npmjs.org/curve25519-js/-/curve25519-js-0.0.4.tgz. Extracting by manifest.
696 silly tarball no local data for hashery@https://registry.npmjs.org/hashery/-/hashery-1.5.1.tgz. Extracting by manifest.
697 silly tarball no local data for content-type@https://registry.npmjs.org/content-type/-/content-type-1.0.5.tgz. Extracting by manifest.
698 silly tarball no local data for @keyv/bigmap@https://registry.npmjs.org/@keyv/bigmap/-/bigmap-1.3.1.tgz. Extracting by manifest.
699 silly tarball no local data for @keyv/serialize@https://registry.npmjs.org/@keyv/serialize/-/serialize-1.1.1.tgz. Extracting by manifest.
700 silly tarball no local data for qified@https://registry.npmjs.org/qified/-/qified-0.10.1.tgz. Extracting by manifest.
701 silly tarball no local data for @cacheable/memory@https://registry.npmjs.org/@cacheable/memory/-/memory-2.0.8.tgz. Extracting by manifest.
702 silly tarball no local data for tslib@https://registry.npmjs.org/tslib/-/tslib-2.8.1.tgz. Extracting by manifest.
703 silly tarball no local data for @hapi/hoek@https://registry.npmjs.org/@hapi/hoek/-/hoek-9.3.0.tgz. Extracting by manifest.
704 silly tarball no local data for @cacheable/utils@https://registry.npmjs.org/@cacheable/utils/-/utils-2.4.1.tgz. Extracting by manifest.
705 silly tarball no local data for keyv@https://registry.npmjs.org/keyv/-/keyv-5.6.0.tgz. Extracting by manifest.
706 silly tarball no local data for cacheable@https://registry.npmjs.org/cacheable/-/cacheable-2.3.5.tgz. Extracting by manifest.
707 silly tarball no local data for whatsapp-rust-bridge@https://registry.npmjs.org/whatsapp-rust-bridge/-/whatsapp-rust-bridge-0.5.3.tgz. Extracting by manifest.
708 silly tarball no local data for hookified@https://registry.npmjs.org/hookified/-/hookified-1.15.1.tgz. Extracting by manifest.
709 silly tarball no local data for ws@https://registry.npmjs.org/ws/-/ws-8.20.0.tgz. Extracting by manifest.
710 silly tarball no local data for protobufjs@https://registry.npmjs.org/protobufjs/-/protobufjs-7.5.7.tgz. Extracting by manifest.
711 silly tarball no local data for music-metadata@https://registry.npmjs.org/music-metadata/-/music-metadata-11.12.3.tgz. Extracting by manifest.
712 silly tarball no local data for lru-cache@https://registry.npmjs.org/lru-cache/-/lru-cache-11.3.6.tgz. Extracting by manifest.
713 silly tarball no local data for p-queue@https://registry.npmjs.org/p-queue/-/p-queue-9.2.0.tgz. Extracting by manifest.
714 silly tarball no local data for async-mutex@https://registry.npmjs.org/async-mutex/-/async-mutex-0.5.0.tgz. Extracting by manifest.
715 silly tarball no local data for @cacheable/node-cache@https://registry.npmjs.org/@cacheable/node-cache/-/node-cache-1.7.6.tgz. Extracting by manifest.
716 silly tarball no local data for sharp@https://registry.npmjs.org/sharp/-/sharp-0.34.5.tgz. Extracting by manifest.
717 silly tarball no local data for pino@https://registry.npmjs.org/pino/-/pino-10.3.1.tgz. Extracting by manifest.
718 silly tarball no local data for @hapi/boom@https://registry.npmjs.org/@hapi/boom/-/boom-9.1.4.tgz. Extracting by manifest.
719 silly tarball no local data for @whiskeysockets/baileys@https://registry.npmjs.org/@whiskeysockets/baileys/-/baileys-7.0.0-rc10.tgz. Extracting by manifest.
720 silly tarball no local data for long@https://registry.npmjs.org/long/-/long-4.0.0.tgz. Extracting by manifest.
721 silly tarball no local data for real-require@https://registry.npmjs.org/real-require/-/real-require-1.0.0.tgz. Extracting by manifest.
722 silly tarball no local data for @types/node@https://registry.npmjs.org/@types/node/-/node-10.17.60.tgz. Extracting by manifest.
723 silly tarball no local data for hookified@https://registry.npmjs.org/hookified/-/hookified-2.2.0.tgz. Extracting by manifest.
724 silly tarball no local data for thread-stream@https://registry.npmjs.org/thread-stream/-/thread-stream-3.1.0.tgz. Extracting by manifest.
725 silly tarball no local data for pino-abstract-transport@https://registry.npmjs.org/pino-abstract-transport/-/pino-abstract-transport-2.0.0.tgz. Extracting by manifest.
726 silly tarball no local data for pino@https://registry.npmjs.org/pino/-/pino-9.14.0.tgz. Extracting by manifest.
727 silly tarball no local data for protobufjs@https://registry.npmjs.org/protobufjs/-/protobufjs-6.8.8.tgz. Extracting by manifest.
728 silly tarball no local data for debug@https://registry.npmjs.org/debug/-/debug-4.4.3.tgz. Extracting by manifest.
729 http fetch GET 200 https://registry.npmjs.org/detect-libc/-/detect-libc-2.1.2.tgz 434ms (cache miss)
730 http fetch GET 200 https://registry.npmjs.org/ieee754/-/ieee754-1.2.1.tgz 440ms (cache miss)
731 http fetch GET 200 https://registry.npmjs.org/@types/long/-/long-4.0.2.tgz 438ms (cache miss)
732 http fetch GET 200 https://registry.npmjs.org/@img/colour/-/colour-1.1.0.tgz 440ms (cache miss)
733 http fetch GET 200 https://registry.npmjs.org/long/-/long-5.3.2.tgz 444ms (cache miss)
734 http fetch GET 200 https://registry.npmjs.org/semver/-/semver-7.8.0.tgz 494ms (cache miss)
735 http fetch GET 200 https://registry.npmjs.org/@types/node/-/node-25.6.2.tgz 516ms (cache miss)
736 http fetch GET 200 https://registry.npmjs.org/sonic-boom/-/sonic-boom-4.2.1.tgz 623ms (cache miss)
737 http fetch GET 200 https://registry.npmjs.org/real-require/-/real-require-0.2.0.tgz 621ms (cache miss)
738 http fetch GET 200 https://registry.npmjs.org/pino-std-serializers/-/pino-std-serializers-7.1.0.tgz 623ms (cache miss)
739 http fetch GET 200 https://registry.npmjs.org/quick-format-unescaped/-/quick-format-unescaped-4.0.4.tgz 624ms (cache miss)
740 http fetch GET 200 https://registry.npmjs.org/split2/-/split2-4.2.0.tgz 627ms (cache miss)
741 http fetch GET 200 https://registry.npmjs.org/safe-stable-stringify/-/safe-stable-stringify-2.5.0.tgz 626ms (cache miss)
742 http fetch GET 200 https://registry.npmjs.org/pino-abstract-transport/-/pino-abstract-transport-3.0.0.tgz 652ms (cache miss)
743 http fetch GET 200 https://registry.npmjs.org/thread-stream/-/thread-stream-4.1.0.tgz 658ms (cache miss)
744 http fetch GET 200 https://registry.npmjs.org/p-timeout/-/p-timeout-7.0.1.tgz 830ms (cache miss)
745 http fetch GET 200 https://registry.npmjs.org/@protobufjs/eventemitter/-/eventemitter-1.1.0.tgz 834ms (cache miss)
746 http fetch GET 200 https://registry.npmjs.org/@protobufjs/aspromise/-/aspromise-1.1.2.tgz 834ms (cache miss)
747 http fetch GET 200 https://registry.npmjs.org/@protobufjs/inquire/-/inquire-1.1.1.tgz 848ms (cache miss)
748 http fetch GET 200 https://registry.npmjs.org/@pinojs/redact/-/redact-0.4.0.tgz 854ms (cache miss)
749 http fetch GET 200 https://registry.npmjs.org/eventemitter3/-/eventemitter3-5.0.4.tgz 872ms (cache miss)
750 http fetch GET 200 https://registry.npmjs.org/win-guid/-/win-guid-0.2.1.tgz 1117ms (cache miss)
751 http fetch GET 200 https://registry.npmjs.org/on-exit-leak-free/-/on-exit-leak-free-2.1.2.tgz 1116ms (cache miss)
752 http fetch GET 200 https://registry.npmjs.org/strtok3/-/strtok3-10.3.5.tgz 1119ms (cache miss)
753 http fetch GET 200 https://registry.npmjs.org/ms/-/ms-2.1.3.tgz 1121ms (cache miss)
754 http fetch GET 200 https://registry.npmjs.org/uint8array-extras/-/uint8array-extras-1.5.0.tgz 1121ms (cache miss)
755 http fetch GET 200 https://registry.npmjs.org/@protobufjs/base64/-/base64-1.1.2.tgz 1134ms (cache miss)
756 http fetch GET 200 https://registry.npmjs.org/@protobufjs/float/-/float-1.0.2.tgz 1133ms (cache miss)
757 http fetch GET 200 https://registry.npmjs.org/@protobufjs/pool/-/pool-1.1.0.tgz 1135ms (cache miss)
758 http fetch GET 200 https://registry.npmjs.org/@protobufjs/fetch/-/fetch-1.1.0.tgz 1138ms (cache miss)
759 http fetch GET 200 https://registry.npmjs.org/@protobufjs/codegen/-/codegen-2.0.5.tgz 1137ms (cache miss)
760 http fetch GET 200 https://registry.npmjs.org/file-type/-/file-type-21.3.4.tgz 1126ms (cache miss)
761 http fetch GET 200 https://registry.npmjs.org/@protobufjs/utf8/-/utf8-1.1.1.tgz 1152ms (cache miss)
762 http fetch GET 200 https://registry.npmjs.org/undici-types/-/undici-types-7.19.2.tgz 1166ms (cache miss)
763 http fetch GET 200 https://codeload.github.com/whiskeysockets/libsignal-node/tar.gz/1c30d7d7e76a3b0aa120b04dc6a26f5a12dccf67 1078ms (cache miss)
764 silly packumentCache heap:1174405120 maxSize:293601280 maxEntrySize:146800640
765 http fetch GET 200 https://registry.npmjs.org/@tokenizer/inflate/-/inflate-0.4.1.tgz 1241ms (cache miss)
766 http fetch GET 200 https://registry.npmjs.org/token-types/-/token-types-6.1.2.tgz 1251ms (cache miss)
767 http fetch GET 200 https://registry.npmjs.org/atomic-sleep/-/atomic-sleep-1.0.0.tgz 1253ms (cache miss)
768 http fetch GET 200 https://registry.npmjs.org/media-typer/-/media-typer-1.1.0.tgz 1256ms (cache miss)
769 http fetch GET 200 https://registry.npmjs.org/@borewit/text-codec/-/text-codec-0.2.2.tgz 1272ms (cache miss)
770 http fetch GET 200 https://registry.npmjs.org/@tokenizer/token/-/token-0.3.0.tgz 1273ms (cache miss)
771 http fetch GET 200 https://registry.npmjs.org/process-warning/-/process-warning-5.0.0.tgz 1290ms (cache miss)
772 http fetch GET 200 https://registry.npmjs.org/curve25519-js/-/curve25519-js-0.0.4.tgz 1289ms (cache miss)
773 http fetch GET 200 https://registry.npmjs.org/content-type/-/content-type-1.0.5.tgz 1290ms (cache miss)
774 http fetch GET 200 https://registry.npmjs.org/qified/-/qified-0.10.1.tgz 1297ms (cache miss)
775 http fetch GET 200 https://registry.npmjs.org/@cacheable/memory/-/memory-2.0.8.tgz 1310ms (cache miss)
776 http fetch GET 200 https://registry.npmjs.org/@keyv/bigmap/-/bigmap-1.3.1.tgz 1313ms (cache miss)
777 http fetch GET 200 https://registry.npmjs.org/hashery/-/hashery-1.5.1.tgz 1326ms (cache miss)
778 http fetch GET 200 https://registry.npmjs.org/tslib/-/tslib-2.8.1.tgz 1327ms (cache miss)
779 http fetch GET 200 https://registry.npmjs.org/@cacheable/utils/-/utils-2.4.1.tgz 1607ms (cache miss)
780 http fetch GET 200 https://registry.npmjs.org/cacheable/-/cacheable-2.3.5.tgz 1613ms (cache miss)
781 http fetch GET 200 https://registry.npmjs.org/@cacheable/node-cache/-/node-cache-1.7.6.tgz 1610ms (cache miss)
782 http fetch GET 200 https://registry.npmjs.org/@protobufjs/path/-/path-1.1.2.tgz 1648ms (cache miss)
783 http fetch GET 200 https://registry.npmjs.org/keyv/-/keyv-5.6.0.tgz 1637ms (cache miss)
784 http fetch GET 200 https://registry.npmjs.org/p-queue/-/p-queue-9.2.0.tgz 1635ms (cache miss)
785 http fetch GET 200 https://registry.npmjs.org/hookified/-/hookified-1.15.1.tgz 1641ms (cache miss)
786 http fetch GET 200 https://registry.npmjs.org/ws/-/ws-8.20.0.tgz 1654ms (cache miss)
787 http fetch GET 200 https://registry.npmjs.org/async-mutex/-/async-mutex-0.5.0.tgz 1651ms (cache miss)
788 http fetch GET 200 https://registry.npmjs.org/@hapi/hoek/-/hoek-9.3.0.tgz 1658ms (cache miss)
789 http fetch GET 200 https://registry.npmjs.org/@hapi/boom/-/boom-9.1.4.tgz 1733ms (cache miss)
790 http fetch GET 200 https://registry.npmjs.org/@keyv/serialize/-/serialize-1.1.1.tgz 1746ms (cache miss)
791 http fetch GET 200 https://registry.npmjs.org/long/-/long-4.0.0.tgz 1741ms (cache miss)
792 http fetch GET 200 https://registry.npmjs.org/real-require/-/real-require-1.0.0.tgz 1740ms (cache miss)
793 http fetch GET 200 https://registry.npmjs.org/sharp/-/sharp-0.34.5.tgz 1808ms (cache miss)
794 http fetch GET 200 https://registry.npmjs.org/pino-abstract-transport/-/pino-abstract-transport-2.0.0.tgz 1806ms (cache miss)
795 http fetch GET 200 https://registry.npmjs.org/hookified/-/hookified-2.2.0.tgz 1809ms (cache miss)
796 http fetch GET 200 https://registry.npmjs.org/@types/node/-/node-10.17.60.tgz 1817ms (cache miss)
797 http fetch GET 200 https://registry.npmjs.org/thread-stream/-/thread-stream-3.1.0.tgz 1838ms (cache miss)
798 http fetch GET 200 https://registry.npmjs.org/lru-cache/-/lru-cache-11.3.6.tgz 1877ms (cache miss)
799 http fetch GET 200 https://registry.npmjs.org/music-metadata/-/music-metadata-11.12.3.tgz 1936ms (cache miss)
800 http fetch GET 200 https://registry.npmjs.org/pino/-/pino-10.3.1.tgz 1942ms (cache miss)
801 http fetch GET 200 https://registry.npmjs.org/debug/-/debug-4.4.3.tgz 1981ms (cache miss)
802 http fetch GET 200 https://registry.npmjs.org/whatsapp-rust-bridge/-/whatsapp-rust-bridge-0.5.3.tgz 2025ms (cache miss)
803 http fetch GET 200 https://registry.npmjs.org/pino/-/pino-9.14.0.tgz 2033ms (cache miss)
804 http fetch GET 200 https://registry.npmjs.org/protobufjs/-/protobufjs-7.5.7.tgz 2340ms (cache miss)
805 http fetch GET 200 https://registry.npmjs.org/protobufjs/-/protobufjs-6.8.8.tgz 2752ms (cache miss)
806 http fetch GET 200 https://registry.npmjs.org/@whiskeysockets/baileys/-/baileys-7.0.0-rc10.tgz 2918ms (cache miss)
807 info run @whiskeysockets/baileys@7.0.0-rc10 preinstall node_modules/@whiskeysockets/baileys node ./engine-requirements.js
808 info run @whiskeysockets/baileys@7.0.0-rc10 preinstall { code: 0, signal: null }
809 info run sharp@0.34.5 install node_modules/sharp node install/check.js || npm run build
810 info run sharp@0.34.5 install { code: 0, signal: null }
811 info run protobufjs@7.5.7 postinstall node_modules/protobufjs node scripts/postinstall
812 info run protobufjs@6.8.8 postinstall node_modules/libsignal/node_modules/protobufjs node scripts/postinstall
813 info run protobufjs@7.5.7 postinstall { code: 0, signal: null }
814 info run protobufjs@6.8.8 postinstall { code: 0, signal: null }
815 silly ADD node_modules/@types/long
816 silly ADD node_modules/ieee754
817 silly ADD node_modules/semver
818 silly ADD node_modules/detect-libc
819 silly ADD node_modules/@img/colour
820 silly ADD node_modules/undici-types
821 silly ADD node_modules/long
822 silly ADD node_modules/@types/node
823 silly ADD node_modules/@protobufjs/utf8
824 silly ADD node_modules/@protobufjs/pool
825 silly ADD node_modules/@protobufjs/path
826 silly ADD node_modules/@protobufjs/inquire
827 silly ADD node_modules/@protobufjs/float
828 silly ADD node_modules/@protobufjs/fetch
829 silly ADD node_modules/@protobufjs/eventemitter
830 silly ADD node_modules/@protobufjs/codegen
831 silly ADD node_modules/@protobufjs/base64
832 silly ADD node_modules/@protobufjs/aspromise
833 silly ADD node_modules/split2
834 silly ADD node_modules/thread-stream
835 silly ADD node_modules/thread-stream/node_modules/real-require
836 silly ADD node_modules/sonic-boom
837 silly ADD node_modules/safe-stable-stringify
838 silly ADD node_modules/real-require
839 silly ADD node_modules/quick-format-unescaped
840 silly ADD node_modules/process-warning
841 silly ADD node_modules/pino-std-serializers
842 silly ADD node_modules/pino-abstract-transport
843 silly ADD node_modules/on-exit-leak-free
844 silly ADD node_modules/atomic-sleep
845 silly ADD node_modules/@pinojs/redact
846 silly ADD node_modules/p-timeout
847 silly ADD node_modules/eventemitter3
848 silly ADD node_modules/@tokenizer/inflate
849 silly ADD node_modules/ms
850 silly ADD node_modules/win-guid
851 silly ADD node_modules/uint8array-extras
852 silly ADD node_modules/token-types
853 silly ADD node_modules/strtok3
854 silly ADD node_modules/media-typer
855 silly ADD node_modules/file-type
856 silly ADD node_modules/debug
857 silly ADD node_modules/content-type
858 silly ADD node_modules/@tokenizer/token
859 silly ADD node_modules/@borewit/text-codec
860 silly ADD node_modules/curve25519-js
861 silly ADD node_modules/@keyv/serialize
862 silly ADD node_modules/hashery
863 silly ADD node_modules/@keyv/bigmap
864 silly ADD node_modules/qified
865 silly ADD node_modules/qified/node_modules/hookified
866 silly ADD node_modules/@cacheable/utils
867 silly ADD node_modules/@cacheable/memory
868 silly ADD node_modules/tslib
869 silly ADD node_modules/@hapi/hoek
870 silly ADD node_modules/keyv
871 silly ADD node_modules/hookified
872 silly ADD node_modules/cacheable
873 silly ADD node_modules/ws
874 silly ADD node_modules/whatsapp-rust-bridge
875 silly ADD node_modules/protobufjs
876 silly ADD node_modules/p-queue
877 silly ADD node_modules/music-metadata
878 silly ADD node_modules/lru-cache
879 silly ADD node_modules/libsignal
880 silly ADD node_modules/libsignal/node_modules/long
881 silly ADD node_modules/libsignal/node_modules/@types/node
882 silly ADD node_modules/libsignal/node_modules/protobufjs
883 silly ADD node_modules/async-mutex
884 silly ADD node_modules/@hapi/boom
885 silly ADD node_modules/@cacheable/node-cache
886 silly ADD node_modules/pino
887 silly ADD node_modules/sharp
888 silly ADD node_modules/@whiskeysockets/baileys
889 silly ADD node_modules/@whiskeysockets/baileys/node_modules/thread-stream
890 silly ADD node_modules/@whiskeysockets/baileys/node_modules/pino-abstract-transport
891 silly ADD node_modules/@whiskeysockets/baileys/node_modules/pino
892 verbose cwd /data/data/com.termux/files/home/my-bot
893 verbose os Linux 6.1.145-android14-11-gfa1d6308d1fe-ab14691759
894 verbose node v24.14.1
895 verbose npm  v11.14.1
896 verbose exit 0
897 info ok
