0 verbose cli /data/data/com.termux/files/usr/bin/node /data/data/com.termux/files/usr/lib/node_modules/npm/bin/npm-cli.js
1 info using npm@11.15.0
2 info using node@v26.2.0
3 silly config load:file:/data/data/com.termux/files/usr/lib/node_modules/npm/npmrc
4 silly config load:file:/data/data/com.termux/files/home/121_web_mic/.npmrc
5 silly config load:file:/data/data/com.termux/files/home/.npmrc
6 silly config load:file:/data/data/com.termux/files/usr/etc/npmrc
7 verbose title npm exec http-server -p 8080
8 verbose argv "exec" "--" "http-server" "-p" "8080"
9 verbose logfile logs-max:10 dir:/data/data/com.termux/files/home/.npm/_logs/2026-05-25T06_31_53_611Z-
10 verbose logfile /data/data/com.termux/files/home/.npm/_logs/2026-05-25T06_31_53_611Z-debug-0.log
11 silly logfile done cleaning log files
12 silly packumentCache heap:1174405120 maxSize:293601280 maxEntrySize:146800640
13 http fetch GET 200 https://registry.npmjs.org/http-server 1079ms (cache revalidated)
14 silly packumentCache heap:1174405120 maxSize:293601280 maxEntrySize:146800640
15 silly packumentCache heap:1174405120 maxSize:293601280 maxEntrySize:146800640
16 verbose cwd /data/data/com.termux/files/home/121_web_mic
17 verbose os Linux 6.1.145-android14-11-gfa1d6308d1fe-ab14691759
18 verbose node v26.2.0
19 verbose npm  v11.15.0
20 verbose exit 0
21 info ok
