0 verbose cli /data/data/com.termux/files/usr/bin/node /data/data/com.termux/files/usr/bin/npm
1 info using npm@11.16.0
2 info using node@v26.2.0
3 silly config load:file:/data/data/com.termux/files/usr/lib/node_modules/npm/npmrc
4 silly config load:file:/data/data/com.termux/files/home/sofa-shop/.npmrc
5 silly config load:file:/data/data/com.termux/files/home/.npmrc
6 silly config load:file:/data/data/com.termux/files/usr/etc/npmrc
7 verbose title npm install multer
8 verbose argv "install" "multer"
9 verbose logfile logs-max:10 dir:/data/data/com.termux/files/home/.npm/_logs/2026-05-31T01_36_46_584Z-
10 verbose logfile /data/data/com.termux/files/home/.npm/_logs/2026-05-31T01_36_46_584Z-debug-0.log
11 silly logfile done cleaning log files
12 silly packumentCache heap:1174405120 maxSize:293601280 maxEntrySize:146800640
13 silly idealTree buildDeps
14 silly fetch manifest multer@*
15 silly packumentCache full:https://registry.npmjs.org/multer cache-miss
16 http fetch GET 200 https://registry.npmjs.org/multer 692ms (cache miss)
17 silly packumentCache full:https://registry.npmjs.org/multer set size:undefined disposed:false
18 silly placeDep ROOT multer@2.1.1 OK for: sofa-shop@1.0.0 want: *
19 silly fetch manifest append-field@^1.0.0
20 silly packumentCache full:https://registry.npmjs.org/append-field cache-miss
21 silly fetch manifest busboy@^1.6.0
22 silly packumentCache full:https://registry.npmjs.org/busboy cache-miss
23 silly fetch manifest concat-stream@^2.0.0
24 silly packumentCache full:https://registry.npmjs.org/concat-stream cache-miss
25 silly fetch manifest type-is@^1.6.18
26 silly packumentCache full:https://registry.npmjs.org/type-is cache-miss
27 http fetch GET 200 https://registry.npmjs.org/append-field 424ms (cache miss)
28 silly packumentCache full:https://registry.npmjs.org/append-field set size:undefined disposed:false
29 http fetch GET 200 https://registry.npmjs.org/type-is 560ms (cache revalidated)
30 silly packumentCache full:https://registry.npmjs.org/type-is set size:88614 disposed:false
31 http fetch GET 200 https://registry.npmjs.org/concat-stream 575ms (cache miss)
32 silly packumentCache full:https://registry.npmjs.org/concat-stream set size:undefined disposed:false
33 http fetch GET 200 https://registry.npmjs.org/busboy 590ms (cache miss)
34 silly packumentCache full:https://registry.npmjs.org/busboy set size:undefined disposed:false
35 silly placeDep ROOT append-field@1.0.0 OK for: multer@2.1.1 want: ^1.0.0
36 silly placeDep ROOT busboy@1.6.0 OK for: multer@2.1.1 want: ^1.6.0
37 silly placeDep ROOT concat-stream@2.0.0 OK for: multer@2.1.1 want: ^2.0.0
38 silly placeDep node_modules/multer type-is@1.6.18 OK for: multer@2.1.1 want: ^1.6.18
39 silly fetch manifest streamsearch@^1.1.0
40 silly packumentCache full:https://registry.npmjs.org/streamsearch cache-miss
41 silly fetch manifest buffer-from@^1.0.0
42 silly packumentCache full:https://registry.npmjs.org/buffer-from cache-miss
43 silly fetch manifest readable-stream@^3.0.2
44 silly packumentCache full:https://registry.npmjs.org/readable-stream cache-miss
45 silly fetch manifest typedarray@^0.0.6
46 silly packumentCache full:https://registry.npmjs.org/typedarray cache-miss
47 silly fetch manifest mime-types@~2.1.24
48 silly packumentCache full:https://registry.npmjs.org/mime-types cache-miss
49 silly fetch manifest media-typer@0.3.0
50 silly packumentCache full:https://registry.npmjs.org/media-typer cache-miss
51 http fetch GET 200 https://registry.npmjs.org/typedarray 440ms (cache miss)
52 silly packumentCache full:https://registry.npmjs.org/typedarray set size:undefined disposed:false
53 http fetch GET 200 https://registry.npmjs.org/streamsearch 450ms (cache miss)
54 silly packumentCache full:https://registry.npmjs.org/streamsearch set size:undefined disposed:false
55 http fetch GET 200 https://registry.npmjs.org/buffer-from 453ms (cache miss)
56 silly packumentCache full:https://registry.npmjs.org/buffer-from set size:undefined disposed:false
57 http fetch GET 200 https://registry.npmjs.org/readable-stream 469ms (cache miss)
58 silly packumentCache full:https://registry.npmjs.org/readable-stream set size:undefined disposed:false
59 http fetch GET 200 https://registry.npmjs.org/mime-types 618ms (cache revalidated)
60 silly packumentCache full:https://registry.npmjs.org/mime-types set size:139110 disposed:false
61 http fetch GET 200 https://registry.npmjs.org/media-typer 631ms (cache revalidated)
62 silly packumentCache full:https://registry.npmjs.org/media-typer set size:22678 disposed:false
63 silly placeDep ROOT streamsearch@1.1.0 OK for: busboy@1.6.0 want: ^1.1.0
64 silly placeDep ROOT buffer-from@1.1.2 OK for: concat-stream@2.0.0 want: ^1.0.0
65 silly placeDep ROOT readable-stream@3.6.2 OK for: concat-stream@2.0.0 want: ^3.0.2
66 silly placeDep ROOT typedarray@0.0.6 OK for: concat-stream@2.0.0 want: ^0.0.6
67 silly fetch manifest string_decoder@^1.1.1
68 silly packumentCache full:https://registry.npmjs.org/string_decoder cache-miss
69 silly fetch manifest util-deprecate@^1.0.1
70 silly packumentCache full:https://registry.npmjs.org/util-deprecate cache-miss
71 http fetch GET 200 https://registry.npmjs.org/util-deprecate 446ms (cache miss)
72 silly packumentCache full:https://registry.npmjs.org/util-deprecate set size:undefined disposed:false
73 http fetch GET 200 https://registry.npmjs.org/string_decoder 454ms (cache miss)
74 silly packumentCache full:https://registry.npmjs.org/string_decoder set size:undefined disposed:false
75 silly placeDep ROOT string_decoder@1.3.0 OK for: readable-stream@3.6.2 want: ^1.1.1
76 silly placeDep ROOT util-deprecate@1.0.2 OK for: readable-stream@3.6.2 want: ^1.0.1
77 silly fetch manifest safe-buffer@~5.2.0
78 silly packumentCache full:https://registry.npmjs.org/safe-buffer cache-miss
79 http fetch GET 200 https://registry.npmjs.org/safe-buffer 383ms (cache revalidated)
80 silly packumentCache full:https://registry.npmjs.org/safe-buffer set size:41183 disposed:false
81 silly placeDep ROOT safe-buffer@5.2.1 OK for: string_decoder@1.3.0 want: ~5.2.0
82 silly placeDep node_modules/multer media-typer@0.3.0 OK for: type-is@1.6.18 want: 0.3.0
83 silly placeDep node_modules/multer mime-types@2.1.35 OK for: type-is@1.6.18 want: ~2.1.24
84 silly fetch manifest mime-db@1.52.0
85 silly packumentCache full:https://registry.npmjs.org/mime-db cache-miss
86 http fetch GET 200 https://registry.npmjs.org/mime-db 418ms (cache revalidated)
87 silly packumentCache full:https://registry.npmjs.org/mime-db set size:164953 disposed:false
88 silly placeDep node_modules/multer mime-db@1.52.0 OK for: mime-types@2.1.35 want: 1.52.0
89 silly reify moves {}
90 silly audit bulk request {
90 silly audit   accepts: [ '2.0.0' ],
90 silly audit   'body-parser': [ '2.2.2' ],
90 silly audit   bytes: [ '3.1.2' ],
90 silly audit   'call-bind-apply-helpers': [ '1.0.2' ],
90 silly audit   'call-bound': [ '1.0.4' ],
90 silly audit   'content-disposition': [ '1.1.0' ],
90 silly audit   'content-type': [ '1.0.5', '2.0.0' ],
90 silly audit   cookie: [ '0.7.2' ],
90 silly audit   'cookie-signature': [ '1.2.2' ],
90 silly audit   debug: [ '4.4.3' ],
90 silly audit   depd: [ '2.0.0' ],
90 silly audit   'dunder-proto': [ '1.0.1' ],
90 silly audit   'ee-first': [ '1.1.1' ],
90 silly audit   encodeurl: [ '2.0.0' ],
90 silly audit   'es-define-property': [ '1.0.1' ],
90 silly audit   'es-errors': [ '1.3.0' ],
90 silly audit   'es-object-atoms': [ '1.1.2' ],
90 silly audit   'escape-html': [ '1.0.3' ],
90 silly audit   etag: [ '1.8.1' ],
90 silly audit   express: [ '5.2.1' ],
90 silly audit   finalhandler: [ '2.1.1' ],
90 silly audit   forwarded: [ '0.2.0' ],
90 silly audit   fresh: [ '2.0.0' ],
90 silly audit   'function-bind': [ '1.1.2' ],
90 silly audit   'get-intrinsic': [ '1.3.0' ],
90 silly audit   'get-proto': [ '1.0.1' ],
90 silly audit   gopd: [ '1.2.0' ],
90 silly audit   'has-symbols': [ '1.1.0' ],
90 silly audit   hasown: [ '2.0.4' ],
90 silly audit   'http-errors': [ '2.0.1' ],
90 silly audit   'iconv-lite': [ '0.7.2' ],
90 silly audit   inherits: [ '2.0.4' ],
90 silly audit   'ipaddr.js': [ '1.9.1' ],
90 silly audit   'is-promise': [ '4.0.0' ],
90 silly audit   'math-intrinsics': [ '1.1.0' ],
90 silly audit   'media-typer': [ '1.1.0', '0.3.0' ],
90 silly audit   'merge-descriptors': [ '2.0.0' ],
90 silly audit   'mime-db': [ '1.54.0', '1.52.0' ],
90 silly audit   'mime-types': [ '3.0.2', '2.1.35' ],
90 silly audit   ms: [ '2.1.3' ],
90 silly audit   negotiator: [ '1.0.0' ],
90 silly audit   'object-inspect': [ '1.13.4' ],
90 silly audit   'on-finished': [ '2.4.1' ],
90 silly audit   once: [ '1.4.0' ],
90 silly audit   parseurl: [ '1.3.3' ],
90 silly audit   'path-to-regexp': [ '8.4.2' ],
90 silly audit   'proxy-addr': [ '2.0.7' ],
90 silly audit   qs: [ '6.15.2' ],
90 silly audit   'range-parser': [ '1.2.1' ],
90 silly audit   'raw-body': [ '3.0.2' ],
90 silly audit   router: [ '2.2.0' ],
90 silly audit   'safer-buffer': [ '2.1.2' ],
90 silly audit   send: [ '1.2.1' ],
90 silly audit   'serve-static': [ '2.2.1' ],
90 silly audit   setprototypeof: [ '1.2.0' ],
90 silly audit   'side-channel': [ '1.1.0' ],
90 silly audit   'side-channel-list': [ '1.0.1' ],
90 silly audit   'side-channel-map': [ '1.0.1' ],
90 silly audit   'side-channel-weakmap': [ '1.0.2' ],
90 silly audit   statuses: [ '2.0.2' ],
90 silly audit   toidentifier: [ '1.0.1' ],
90 silly audit   'type-is': [ '2.1.0', '1.6.18' ],
90 silly audit   unpipe: [ '1.0.0' ],
90 silly audit   vary: [ '1.1.2' ],
90 silly audit   wrappy: [ '1.0.2' ],
90 silly audit   multer: [ '2.1.1' ],
90 silly audit   'append-field': [ '1.0.0' ],
90 silly audit   busboy: [ '1.6.0' ],
90 silly audit   'concat-stream': [ '2.0.0' ],
90 silly audit   streamsearch: [ '1.1.0' ],
90 silly audit   'buffer-from': [ '1.1.2' ],
90 silly audit   'readable-stream': [ '3.6.2' ],
90 silly audit   typedarray: [ '0.0.6' ],
90 silly audit   string_decoder: [ '1.3.0' ],
90 silly audit   'util-deprecate': [ '1.0.2' ],
90 silly audit   'safe-buffer': [ '5.2.1' ]
90 silly audit }
91 http cache safe-buffer@https://registry.npmjs.org/safe-buffer/-/safe-buffer-5.2.1.tgz 0ms (cache hit)
92 http cache util-deprecate@https://registry.npmjs.org/util-deprecate/-/util-deprecate-1.0.2.tgz 0ms (cache hit)
93 http cache string_decoder@https://registry.npmjs.org/string_decoder/-/string_decoder-1.3.0.tgz 0ms (cache hit)
94 http cache typedarray@https://registry.npmjs.org/typedarray/-/typedarray-0.0.6.tgz 0ms (cache hit)
95 http cache readable-stream@https://registry.npmjs.org/readable-stream/-/readable-stream-3.6.2.tgz 0ms (cache hit)
96 http cache streamsearch@https://registry.npmjs.org/streamsearch/-/streamsearch-1.1.0.tgz 0ms (cache hit)
97 http cache concat-stream@https://registry.npmjs.org/concat-stream/-/concat-stream-2.0.0.tgz 0ms (cache hit)
98 http cache buffer-from@https://registry.npmjs.org/buffer-from/-/buffer-from-1.1.2.tgz 0ms (cache hit)
99 http cache busboy@https://registry.npmjs.org/busboy/-/busboy-1.6.0.tgz 0ms (cache hit)
100 http cache multer@https://registry.npmjs.org/multer/-/multer-2.1.1.tgz 0ms (cache hit)
101 http cache append-field@https://registry.npmjs.org/append-field/-/append-field-1.0.0.tgz 0ms (cache hit)
102 http cache mime-db@https://registry.npmjs.org/mime-db/-/mime-db-1.52.0.tgz 0ms (cache hit)
103 http cache mime-types@https://registry.npmjs.org/mime-types/-/mime-types-2.1.35.tgz 0ms (cache hit)
104 http cache media-typer@https://registry.npmjs.org/media-typer/-/media-typer-0.3.0.tgz 0ms (cache hit)
105 http cache type-is@https://registry.npmjs.org/type-is/-/type-is-1.6.18.tgz 0ms (cache hit)
106 silly tarball no local data for typedarray@https://registry.npmjs.org/typedarray/-/typedarray-0.0.6.tgz. Extracting by manifest.
107 silly tarball no local data for string_decoder@https://registry.npmjs.org/string_decoder/-/string_decoder-1.3.0.tgz. Extracting by manifest.
108 silly tarball no local data for util-deprecate@https://registry.npmjs.org/util-deprecate/-/util-deprecate-1.0.2.tgz. Extracting by manifest.
109 silly tarball no local data for readable-stream@https://registry.npmjs.org/readable-stream/-/readable-stream-3.6.2.tgz. Extracting by manifest.
110 silly tarball no local data for buffer-from@https://registry.npmjs.org/buffer-from/-/buffer-from-1.1.2.tgz. Extracting by manifest.
111 silly tarball no local data for busboy@https://registry.npmjs.org/busboy/-/busboy-1.6.0.tgz. Extracting by manifest.
112 silly tarball no local data for streamsearch@https://registry.npmjs.org/streamsearch/-/streamsearch-1.1.0.tgz. Extracting by manifest.
113 silly tarball no local data for concat-stream@https://registry.npmjs.org/concat-stream/-/concat-stream-2.0.0.tgz. Extracting by manifest.
114 silly tarball no local data for multer@https://registry.npmjs.org/multer/-/multer-2.1.1.tgz. Extracting by manifest.
115 silly tarball no local data for append-field@https://registry.npmjs.org/append-field/-/append-field-1.0.0.tgz. Extracting by manifest.
116 silly tarball no local data for mime-db@https://registry.npmjs.org/mime-db/-/mime-db-1.52.0.tgz. Extracting by manifest.
117 silly tarball no local data for mime-types@https://registry.npmjs.org/mime-types/-/mime-types-2.1.35.tgz. Extracting by manifest.
118 silly tarball no local data for media-typer@https://registry.npmjs.org/media-typer/-/media-typer-0.3.0.tgz. Extracting by manifest.
119 silly tarball no local data for type-is@https://registry.npmjs.org/type-is/-/type-is-1.6.18.tgz. Extracting by manifest.
120 http fetch GET 200 https://registry.npmjs.org/util-deprecate/-/util-deprecate-1.0.2.tgz 127ms (cache miss)
121 http fetch GET 200 https://registry.npmjs.org/string_decoder/-/string_decoder-1.3.0.tgz 136ms (cache miss)
122 http fetch GET 200 https://registry.npmjs.org/buffer-from/-/buffer-from-1.1.2.tgz 135ms (cache miss)
123 http fetch GET 200 https://registry.npmjs.org/typedarray/-/typedarray-0.0.6.tgz 141ms (cache miss)
124 http fetch GET 200 https://registry.npmjs.org/readable-stream/-/readable-stream-3.6.2.tgz 155ms (cache miss)
125 http fetch GET 200 https://registry.npmjs.org/concat-stream/-/concat-stream-2.0.0.tgz 216ms (cache miss)
126 http fetch GET 200 https://registry.npmjs.org/streamsearch/-/streamsearch-1.1.0.tgz 223ms (cache miss)
127 http fetch GET 200 https://registry.npmjs.org/multer/-/multer-2.1.1.tgz 229ms (cache miss)
128 http fetch GET 200 https://registry.npmjs.org/append-field/-/append-field-1.0.0.tgz 260ms (cache miss)
129 http fetch GET 200 https://registry.npmjs.org/media-typer/-/media-typer-0.3.0.tgz 258ms (cache miss)
130 http fetch GET 200 https://registry.npmjs.org/mime-types/-/mime-types-2.1.35.tgz 259ms (cache miss)
131 http fetch GET 200 https://registry.npmjs.org/type-is/-/type-is-1.6.18.tgz 259ms (cache miss)
132 http fetch GET 200 https://registry.npmjs.org/mime-db/-/mime-db-1.52.0.tgz 262ms (cache miss)
133 http fetch GET 200 https://registry.npmjs.org/busboy/-/busboy-1.6.0.tgz 268ms (cache miss)
134 http fetch POST 200 https://registry.npmjs.org/-/npm/v1/security/advisories/bulk 395ms
135 silly audit report {}
136 silly ADD node_modules/safe-buffer
137 silly ADD node_modules/util-deprecate
138 silly ADD node_modules/string_decoder
139 silly ADD node_modules/typedarray
140 silly ADD node_modules/readable-stream
141 silly ADD node_modules/buffer-from
142 silly ADD node_modules/streamsearch
143 silly ADD node_modules/concat-stream
144 silly ADD node_modules/busboy
145 silly ADD node_modules/append-field
146 silly ADD node_modules/multer
147 silly ADD node_modules/multer/node_modules/mime-db
148 silly ADD node_modules/multer/node_modules/mime-types
149 silly ADD node_modules/multer/node_modules/media-typer
150 silly ADD node_modules/multer/node_modules/type-is
151 verbose cwd /data/data/com.termux/files/home/sofa-shop
152 verbose os Linux 6.1.145-android14-11-gfa1d6308d1fe-ab14691759
153 verbose node v26.2.0
154 verbose npm  v11.16.0
155 verbose exit 0
156 info ok
