0 verbose cli /data/data/com.termux/files/usr/bin/node /data/data/com.termux/files/usr/bin/npm
1 info using npm@11.16.0
2 info using node@v26.2.0
3 silly config load:file:/data/data/com.termux/files/usr/lib/node_modules/npm/npmrc
4 silly config load:file:/data/data/com.termux/files/home/.npmrc
5 silly config load:file:/data/data/com.termux/files/usr/etc/npmrc
6 verbose title npm install pm2
7 verbose argv "install" "--global" "pm2"
8 verbose logfile logs-max:10 dir:/data/data/com.termux/files/home/.npm/_logs/2026-05-31T01_29_38_492Z-
9 verbose logfile /data/data/com.termux/files/home/.npm/_logs/2026-05-31T01_29_38_492Z-debug-0.log
10 silly packumentCache heap:1174405120 maxSize:293601280 maxEntrySize:146800640
11 silly logfile done cleaning log files
12 silly idealTree buildDeps
13 silly fetch manifest pm2@*
14 silly packumentCache full:https://registry.npmjs.org/pm2 cache-miss
15 http fetch GET 200 https://registry.npmjs.org/pm2 1038ms (cache miss)
16 silly packumentCache full:https://registry.npmjs.org/pm2 set size:undefined disposed:false
17 silly placeDep ROOT pm2@7.0.1 OK for:  want: *
18 silly fetch manifest @pm2/js-api@0.8.0
19 silly packumentCache full:https://registry.npmjs.org/@pm2%2fjs-api cache-miss
20 silly fetch manifest @pm2/pm2-version-check@1.0.4
21 silly packumentCache full:https://registry.npmjs.org/@pm2%2fpm2-version-check cache-miss
22 silly fetch manifest amp@0.3.1
23 silly packumentCache full:https://registry.npmjs.org/amp cache-miss
24 silly fetch manifest amp-message@0.1.2
25 silly packumentCache full:https://registry.npmjs.org/amp-message cache-miss
26 silly fetch manifest ansis@4.0.0-node10
27 silly packumentCache full:https://registry.npmjs.org/ansis cache-miss
28 silly fetch manifest async@3.2.6
29 silly packumentCache full:https://registry.npmjs.org/async cache-miss
30 silly fetch manifest @pm2/blessed@0.1.81
31 silly packumentCache full:https://registry.npmjs.org/@pm2%2fblessed cache-miss
32 http fetch GET 200 https://registry.npmjs.org/async 643ms (cache revalidated)
33 silly packumentCache full:https://registry.npmjs.org/async set size:230496 disposed:false
34 silly fetch manifest chokidar@3.6.0
35 silly packumentCache full:https://registry.npmjs.org/chokidar cache-miss
36 http fetch GET 200 https://registry.npmjs.org/amp-message 681ms (cache miss)
37 silly packumentCache full:https://registry.npmjs.org/amp-message set size:undefined disposed:false
38 silly fetch manifest cli-tableau@2.0.1
39 silly packumentCache full:https://registry.npmjs.org/cli-tableau cache-miss
40 http fetch GET 200 https://registry.npmjs.org/amp 688ms (cache miss)
41 silly packumentCache full:https://registry.npmjs.org/amp set size:undefined disposed:false
42 silly fetch manifest commander@2.15.1
43 silly packumentCache full:https://registry.npmjs.org/commander cache-miss
44 http fetch GET 200 https://registry.npmjs.org/ansis 902ms (cache miss)
45 silly packumentCache full:https://registry.npmjs.org/ansis set size:undefined disposed:false
46 silly fetch manifest croner@4.1.97
47 silly packumentCache full:https://registry.npmjs.org/croner cache-miss
48 http fetch GET 200 https://registry.npmjs.org/chokidar 260ms (cache miss)
49 silly packumentCache full:https://registry.npmjs.org/chokidar set size:undefined disposed:false
50 silly fetch manifest dayjs@1.11.15
51 silly packumentCache full:https://registry.npmjs.org/dayjs cache-miss
52 http fetch GET 200 https://registry.npmjs.org/@pm2%2fjs-api 972ms (cache miss)
53 silly packumentCache full:https://registry.npmjs.org/@pm2%2fjs-api set size:undefined disposed:false
54 silly fetch manifest debug@4.4.3
55 silly packumentCache full:https://registry.npmjs.org/debug cache-miss
56 http fetch GET 200 https://registry.npmjs.org/@pm2%2fpm2-version-check 982ms (cache miss)
57 silly packumentCache full:https://registry.npmjs.org/@pm2%2fpm2-version-check set size:undefined disposed:false
58 silly fetch manifest eventemitter2@6.4.9
59 silly packumentCache full:https://registry.npmjs.org/eventemitter2 cache-miss
60 http cache https://registry.npmjs.org/debug 17ms (cache hit)
61 silly packumentCache full:https://registry.npmjs.org/debug set size:195840 disposed:false
62 silly fetch manifest fast-json-patch@3.1.1
63 silly packumentCache full:https://registry.npmjs.org/fast-json-patch cache-miss
64 http fetch GET 200 https://registry.npmjs.org/@pm2%2fblessed 1011ms (cache miss)
65 silly packumentCache full:https://registry.npmjs.org/@pm2%2fblessed set size:undefined disposed:false
66 silly fetch manifest pidusage@4.0.1
67 silly packumentCache full:https://registry.npmjs.org/pidusage cache-miss
68 http fetch GET 200 https://registry.npmjs.org/cli-tableau 565ms (cache miss)
69 silly packumentCache full:https://registry.npmjs.org/cli-tableau set size:undefined disposed:false
70 silly fetch manifest pm2-deploy@1.0.2
71 silly packumentCache full:https://registry.npmjs.org/pm2-deploy cache-miss
72 http fetch GET 200 https://registry.npmjs.org/commander 600ms (cache updated)
73 silly packumentCache full:https://registry.npmjs.org/commander set size:undefined disposed:false
74 silly fetch manifest proxy-agent@6.5.0
75 silly packumentCache full:https://registry.npmjs.org/proxy-agent cache-miss
76 http fetch GET 200 https://registry.npmjs.org/eventemitter2 388ms (cache miss)
77 silly packumentCache full:https://registry.npmjs.org/eventemitter2 set size:undefined disposed:false
78 silly fetch manifest semver@7.7.2
79 silly packumentCache full:https://registry.npmjs.org/semver cache-miss
80 http fetch GET 200 https://registry.npmjs.org/fast-json-patch 378ms (cache miss)
81 silly packumentCache full:https://registry.npmjs.org/fast-json-patch set size:undefined disposed:false
82 silly fetch manifest vizion@2.2.1
83 silly packumentCache full:https://registry.npmjs.org/vizion cache-miss
84 http fetch GET 200 https://registry.npmjs.org/croner 473ms (cache miss)
85 silly packumentCache full:https://registry.npmjs.org/croner set size:undefined disposed:false
86 silly fetch manifest ws@8.20.0
87 silly packumentCache full:https://registry.npmjs.org/ws cache-miss
88 http fetch GET 200 https://registry.npmjs.org/dayjs 464ms (cache miss)
89 silly packumentCache full:https://registry.npmjs.org/dayjs set size:undefined disposed:false
90 silly fetch manifest js-yaml@4.1.1
91 silly packumentCache full:https://registry.npmjs.org/js-yaml cache-miss
92 http fetch GET 200 https://registry.npmjs.org/pidusage 408ms (cache miss)
93 silly packumentCache full:https://registry.npmjs.org/pidusage set size:undefined disposed:false
94 silly fetch manifest pm2-sysmonit@^1.2.8
95 silly packumentCache full:https://registry.npmjs.org/pm2-sysmonit cache-miss
96 http fetch GET 200 https://registry.npmjs.org/proxy-agent 392ms (cache miss)
97 silly packumentCache full:https://registry.npmjs.org/proxy-agent set size:undefined disposed:false
98 http fetch GET 200 https://registry.npmjs.org/pm2-deploy 456ms (cache miss)
99 silly packumentCache full:https://registry.npmjs.org/pm2-deploy set size:undefined disposed:false
100 http fetch GET 200 https://registry.npmjs.org/vizion 356ms (cache miss)
101 silly packumentCache full:https://registry.npmjs.org/vizion set size:undefined disposed:false
102 http fetch GET 200 https://registry.npmjs.org/js-yaml 503ms (cache miss)
103 silly packumentCache full:https://registry.npmjs.org/js-yaml set size:undefined disposed:false
104 http fetch GET 200 https://registry.npmjs.org/ws 546ms (cache updated)
105 silly packumentCache full:https://registry.npmjs.org/ws set size:undefined disposed:false
106 http fetch GET 200 https://registry.npmjs.org/semver 719ms (cache updated)
107 silly packumentCache full:https://registry.npmjs.org/semver set size:undefined disposed:false
108 http fetch GET 200 https://registry.npmjs.org/pm2-sysmonit 1169ms (cache miss)
109 silly packumentCache full:https://registry.npmjs.org/pm2-sysmonit set size:undefined disposed:false
110 silly fetch manifest bufferutil@^4.0.1
111 silly packumentCache full:https://registry.npmjs.org/bufferutil cache-miss
112 http fetch GET 200 https://registry.npmjs.org/bufferutil 504ms (cache revalidated)
113 silly packumentCache full:https://registry.npmjs.org/bufferutil set size:52763 disposed:false
114 silly fetch manifest utf-8-validate@>=5.0.2
115 silly packumentCache full:https://registry.npmjs.org/utf-8-validate cache-miss
116 http fetch GET 200 https://registry.npmjs.org/utf-8-validate 534ms (cache revalidated)
117 silly packumentCache full:https://registry.npmjs.org/utf-8-validate set size:77148 disposed:false
118 silly placeDep node_modules/pm2 @pm2/blessed@0.1.81 OK for: pm2@7.0.1 want: 0.1.81
119 silly placeDep node_modules/pm2 @pm2/js-api@0.8.0 OK for: pm2@7.0.1 want: 0.8.0
120 silly placeDep node_modules/pm2 @pm2/pm2-version-check@1.0.4 OK for: pm2@7.0.1 want: 1.0.4
121 silly placeDep node_modules/pm2 amp@0.3.1 OK for: pm2@7.0.1 want: 0.3.1
122 silly placeDep node_modules/pm2 amp-message@0.1.2 OK for: pm2@7.0.1 want: 0.1.2
123 silly placeDep node_modules/pm2 ansis@4.0.0-node10 OK for: pm2@7.0.1 want: 4.0.0-node10
124 silly placeDep node_modules/pm2 async@3.2.6 OK for: pm2@7.0.1 want: 3.2.6
125 silly placeDep node_modules/pm2 chokidar@3.6.0 OK for: pm2@7.0.1 want: 3.6.0
126 silly placeDep node_modules/pm2 cli-tableau@2.0.1 OK for: pm2@7.0.1 want: 2.0.1
127 silly placeDep node_modules/pm2 commander@2.15.1 OK for: pm2@7.0.1 want: 2.15.1
128 silly placeDep node_modules/pm2 croner@4.1.97 OK for: pm2@7.0.1 want: 4.1.97
129 silly placeDep node_modules/pm2 dayjs@1.11.15 OK for: pm2@7.0.1 want: 1.11.15
130 silly placeDep node_modules/pm2 debug@4.4.3 OK for: pm2@7.0.1 want: 4.4.3
131 silly placeDep node_modules/pm2 eventemitter2@6.4.9 OK for: pm2@7.0.1 want: 6.4.9
132 silly placeDep node_modules/pm2 fast-json-patch@3.1.1 OK for: pm2@7.0.1 want: 3.1.1
133 silly placeDep node_modules/pm2 js-yaml@4.1.1 OK for: pm2@7.0.1 want: 4.1.1
134 silly placeDep node_modules/pm2 pidusage@4.0.1 OK for: pm2@7.0.1 want: 4.0.1
135 silly placeDep node_modules/pm2 pm2-deploy@1.0.2 OK for: pm2@7.0.1 want: 1.0.2
136 silly placeDep node_modules/pm2 pm2-sysmonit@1.2.8 OK for: pm2@7.0.1 want: ^1.2.8
137 silly placeDep node_modules/pm2 proxy-agent@6.5.0 OK for: pm2@7.0.1 want: 6.5.0
138 silly placeDep node_modules/pm2 semver@7.7.2 OK for: pm2@7.0.1 want: 7.7.2
139 silly placeDep node_modules/pm2 vizion@2.2.1 OK for: pm2@7.0.1 want: 2.2.1
140 silly placeDep node_modules/pm2 ws@8.20.0 OK for: pm2@7.0.1 want: 8.20.0
141 silly fetch manifest async@^2.6.3
142 silly packumentCache full:https://registry.npmjs.org/async cache-hit
143 silly fetch manifest extrareqp2@^1.0.0
144 silly packumentCache full:https://registry.npmjs.org/extrareqp2 cache-miss
145 silly fetch manifest debug@~4.3.1
146 silly packumentCache full:https://registry.npmjs.org/debug cache-hit
147 silly fetch manifest eventemitter2@^6.3.1
148 silly packumentCache full:https://registry.npmjs.org/eventemitter2 cache-miss
149 silly fetch manifest ws@^7.0.0
150 silly packumentCache full:https://registry.npmjs.org/ws cache-miss
151 silly fetch manifest debug@^4.3.1
152 silly packumentCache full:https://registry.npmjs.org/debug cache-hit
153 silly fetch manifest braces@~3.0.2
154 silly packumentCache full:https://registry.npmjs.org/braces cache-miss
155 silly fetch manifest is-glob@~4.0.1
156 silly packumentCache full:https://registry.npmjs.org/is-glob cache-miss
157 silly fetch manifest anymatch@~3.1.2
158 silly packumentCache full:https://registry.npmjs.org/anymatch cache-miss
159 silly fetch manifest readdirp@~3.6.0
160 silly packumentCache full:https://registry.npmjs.org/readdirp cache-miss
161 http cache https://registry.npmjs.org/eventemitter2 29ms (cache hit)
162 silly packumentCache full:https://registry.npmjs.org/eventemitter2 set size:172525 disposed:false
163 silly fetch manifest glob-parent@~5.1.2
164 silly packumentCache full:https://registry.npmjs.org/glob-parent cache-miss
165 http cache https://registry.npmjs.org/ws 35ms (cache hit)
166 silly packumentCache full:https://registry.npmjs.org/ws set size:427091 disposed:false
167 silly fetch manifest is-binary-path@~2.1.0
168 silly packumentCache full:https://registry.npmjs.org/is-binary-path cache-miss
169 http fetch GET 200 https://registry.npmjs.org/readdirp 76ms (cache miss)
170 silly packumentCache full:https://registry.npmjs.org/readdirp set size:undefined disposed:false
171 silly fetch manifest normalize-path@~3.0.0
172 silly packumentCache full:https://registry.npmjs.org/normalize-path cache-miss
173 http fetch GET 200 https://registry.npmjs.org/normalize-path 694ms (cache miss)
174 silly packumentCache full:https://registry.npmjs.org/normalize-path set size:undefined disposed:false
175 silly fetch manifest fsevents@~2.3.2
176 silly packumentCache full:https://registry.npmjs.org/fsevents cache-miss
177 http fetch GET 200 https://registry.npmjs.org/is-binary-path 745ms (cache miss)
178 silly packumentCache full:https://registry.npmjs.org/is-binary-path set size:undefined disposed:false
179 silly fetch manifest chalk@3.0.0
180 silly packumentCache full:https://registry.npmjs.org/chalk cache-miss
181 http fetch GET 200 https://registry.npmjs.org/is-glob 789ms (cache miss)
182 silly packumentCache full:https://registry.npmjs.org/is-glob set size:undefined disposed:false
183 silly fetch manifest ms@^2.1.3
184 silly packumentCache full:https://registry.npmjs.org/ms cache-miss
185 http fetch GET 200 https://registry.npmjs.org/extrareqp2 806ms (cache miss)
186 silly packumentCache full:https://registry.npmjs.org/extrareqp2 set size:undefined disposed:false
187 silly fetch manifest argparse@^2.0.1
188 silly packumentCache full:https://registry.npmjs.org/argparse cache-miss
189 http fetch GET 200 https://registry.npmjs.org/anymatch 798ms (cache miss)
190 silly packumentCache full:https://registry.npmjs.org/anymatch set size:undefined disposed:false
191 silly fetch manifest safe-buffer@^5.2.1
192 silly packumentCache full:https://registry.npmjs.org/safe-buffer cache-miss
193 http fetch GET 200 https://registry.npmjs.org/glob-parent 782ms (cache miss)
194 silly packumentCache full:https://registry.npmjs.org/glob-parent set size:undefined disposed:false
195 silly fetch manifest run-series@^1.1.8
196 silly packumentCache full:https://registry.npmjs.org/run-series cache-miss
197 http fetch GET 200 https://registry.npmjs.org/braces 819ms (cache miss)
198 silly packumentCache full:https://registry.npmjs.org/braces set size:undefined disposed:false
199 silly fetch manifest tv4@^1.3.0
200 silly packumentCache full:https://registry.npmjs.org/tv4 cache-miss
201 http cache https://registry.npmjs.org/ms 33ms (cache hit)
202 silly packumentCache full:https://registry.npmjs.org/ms set size:92208 disposed:false
203 silly fetch manifest pidusage@^2.0.21
204 silly packumentCache full:https://registry.npmjs.org/pidusage cache-miss
205 http cache https://registry.npmjs.org/pidusage 12ms (cache hit)
206 silly packumentCache full:https://registry.npmjs.org/pidusage set size:111034 disposed:false
207 silly fetch manifest systeminformation@^5.7
208 silly packumentCache full:https://registry.npmjs.org/systeminformation cache-miss
209 http fetch GET 200 https://registry.npmjs.org/safe-buffer 561ms (cache revalidated)
210 silly packumentCache full:https://registry.npmjs.org/safe-buffer set size:41183 disposed:false
211 silly fetch manifest tx2@~1.0.4
212 silly packumentCache full:https://registry.npmjs.org/tx2 cache-miss
213 http fetch GET 200 https://registry.npmjs.org/chalk 587ms (cache revalidated)
214 silly packumentCache full:https://registry.npmjs.org/chalk set size:117861 disposed:false
215 silly fetch manifest lru-cache@^7.14.1
216 silly packumentCache full:https://registry.npmjs.org/lru-cache cache-miss
217 http fetch GET 200 https://registry.npmjs.org/run-series 591ms (cache miss)
218 silly packumentCache full:https://registry.npmjs.org/run-series set size:undefined disposed:false
219 silly fetch manifest agent-base@^7.1.2
220 silly packumentCache full:https://registry.npmjs.org/agent-base cache-miss
221 http fetch GET 200 https://registry.npmjs.org/argparse 608ms (cache miss)
222 silly packumentCache full:https://registry.npmjs.org/argparse set size:undefined disposed:false
223 silly fetch manifest proxy-from-env@^1.1.0
224 silly packumentCache full:https://registry.npmjs.org/proxy-from-env cache-miss
225 http fetch GET 200 https://registry.npmjs.org/tv4 616ms (cache miss)
226 silly packumentCache full:https://registry.npmjs.org/tv4 set size:undefined disposed:false
227 silly fetch manifest pac-proxy-agent@^7.1.0
228 silly packumentCache full:https://registry.npmjs.org/pac-proxy-agent cache-miss
229 http fetch GET 200 https://registry.npmjs.org/fsevents 659ms (cache miss)
230 silly packumentCache full:https://registry.npmjs.org/fsevents set size:undefined disposed:false
231 silly fetch manifest http-proxy-agent@^7.0.1
232 silly packumentCache full:https://registry.npmjs.org/http-proxy-agent cache-miss
233 http fetch GET 200 https://registry.npmjs.org/systeminformation 618ms (cache miss)
234 silly packumentCache full:https://registry.npmjs.org/systeminformation set size:undefined disposed:false
235 silly fetch manifest https-proxy-agent@^7.0.6
236 silly packumentCache full:https://registry.npmjs.org/https-proxy-agent cache-miss
237 http fetch GET 200 https://registry.npmjs.org/proxy-from-env 418ms (cache miss)
238 silly packumentCache full:https://registry.npmjs.org/proxy-from-env set size:undefined disposed:false
239 silly fetch manifest socks-proxy-agent@^8.0.5
240 silly packumentCache full:https://registry.npmjs.org/socks-proxy-agent cache-miss
241 http fetch GET 200 https://registry.npmjs.org/tx2 483ms (cache miss)
242 silly packumentCache full:https://registry.npmjs.org/tx2 set size:undefined disposed:false
243 silly fetch manifest git-node-fs@^1.0.0
244 silly packumentCache full:https://registry.npmjs.org/git-node-fs cache-miss
245 http fetch GET 200 https://registry.npmjs.org/pac-proxy-agent 421ms (cache miss)
246 silly packumentCache full:https://registry.npmjs.org/pac-proxy-agent set size:undefined disposed:false
247 silly fetch manifest ini@^1.3.5
248 silly packumentCache full:https://registry.npmjs.org/ini cache-miss
249 http fetch GET 200 https://registry.npmjs.org/agent-base 463ms (cache miss)
250 silly packumentCache full:https://registry.npmjs.org/agent-base set size:undefined disposed:false
251 silly fetch manifest js-git@^0.7.8
252 silly packumentCache full:https://registry.npmjs.org/js-git cache-miss
253 http fetch GET 200 https://registry.npmjs.org/http-proxy-agent 430ms (cache miss)
254 silly packumentCache full:https://registry.npmjs.org/http-proxy-agent set size:undefined disposed:false
255 http fetch GET 200 https://registry.npmjs.org/https-proxy-agent 387ms (cache miss)
256 silly packumentCache full:https://registry.npmjs.org/https-proxy-agent set size:undefined disposed:false
257 http fetch GET 200 https://registry.npmjs.org/lru-cache 511ms (cache updated)
258 silly packumentCache full:https://registry.npmjs.org/lru-cache set size:undefined disposed:false
259 http fetch GET 200 https://registry.npmjs.org/js-git 823ms (cache miss)
260 silly packumentCache full:https://registry.npmjs.org/js-git set size:undefined disposed:false
261 http fetch GET 200 https://registry.npmjs.org/git-node-fs 849ms (cache miss)
262 silly packumentCache full:https://registry.npmjs.org/git-node-fs set size:undefined disposed:false
263 http fetch GET 200 https://registry.npmjs.org/ini 845ms (cache miss)
264 silly packumentCache full:https://registry.npmjs.org/ini set size:undefined disposed:false
265 http fetch GET 200 https://registry.npmjs.org/socks-proxy-agent 883ms (cache miss)
266 silly packumentCache full:https://registry.npmjs.org/socks-proxy-agent set size:undefined disposed:false
267 silly fetch manifest utf-8-validate@^5.0.2
268 silly packumentCache full:https://registry.npmjs.org/utf-8-validate cache-hit
269 silly placeDep node_modules/pm2/node_modules/@pm2/js-api async@2.6.4 OK for: @pm2/js-api@0.8.0 want: ^2.6.3
270 silly placeDep node_modules/pm2/node_modules/@pm2/js-api debug@4.3.7 OK for: @pm2/js-api@0.8.0 want: ~4.3.1
271 silly placeDep node_modules/pm2 extrareqp2@1.0.0 OK for: @pm2/js-api@0.8.0 want: ^1.0.0
272 silly placeDep node_modules/pm2/node_modules/@pm2/js-api ws@7.5.11 OK for: @pm2/js-api@0.8.0 want: ^7.0.0
273 silly fetch manifest lodash@^4.17.14
274 silly packumentCache full:https://registry.npmjs.org/lodash cache-miss
275 silly fetch manifest follow-redirects@^1.14.0
276 silly packumentCache full:https://registry.npmjs.org/follow-redirects cache-miss
277 http fetch GET 200 https://registry.npmjs.org/follow-redirects 816ms (cache revalidated)
278 silly packumentCache full:https://registry.npmjs.org/follow-redirects set size:188945 disposed:false
279 http fetch GET 200 https://registry.npmjs.org/lodash 861ms (cache miss)
280 silly packumentCache full:https://registry.npmjs.org/lodash set size:undefined disposed:false
281 silly placeDep node_modules/pm2 anymatch@3.1.3 OK for: chokidar@3.6.0 want: ~3.1.2
282 silly placeDep node_modules/pm2 braces@3.0.3 OK for: chokidar@3.6.0 want: ~3.0.2
283 silly placeDep node_modules/pm2 fsevents@2.3.3 OK for: chokidar@3.6.0 want: ~2.3.2
284 silly placeDep node_modules/pm2 glob-parent@5.1.2 OK for: chokidar@3.6.0 want: ~5.1.2
285 silly placeDep node_modules/pm2 is-binary-path@2.1.0 OK for: chokidar@3.6.0 want: ~2.1.0
286 silly placeDep node_modules/pm2 is-glob@4.0.3 OK for: chokidar@3.6.0 want: ~4.0.1
287 silly placeDep node_modules/pm2 normalize-path@3.0.0 OK for: chokidar@3.6.0 want: ~3.0.0
288 silly placeDep node_modules/pm2 readdirp@3.6.0 OK for: chokidar@3.6.0 want: ~3.6.0
289 silly fetch manifest picomatch@^2.0.4
290 silly packumentCache full:https://registry.npmjs.org/picomatch cache-miss
291 silly fetch manifest normalize-path@^3.0.0
292 silly packumentCache full:https://registry.npmjs.org/normalize-path cache-miss
293 silly fetch manifest fill-range@^7.1.1
294 silly packumentCache full:https://registry.npmjs.org/fill-range cache-miss
295 silly fetch manifest is-glob@^4.0.1
296 silly packumentCache full:https://registry.npmjs.org/is-glob cache-miss
297 silly fetch manifest binary-extensions@^2.0.0
298 silly packumentCache full:https://registry.npmjs.org/binary-extensions cache-miss
299 silly fetch manifest is-extglob@^2.1.1
300 silly packumentCache full:https://registry.npmjs.org/is-extglob cache-miss
301 silly fetch manifest picomatch@^2.2.1
302 silly packumentCache full:https://registry.npmjs.org/picomatch cache-miss
303 http cache https://registry.npmjs.org/normalize-path 22ms (cache hit)
304 silly packumentCache full:https://registry.npmjs.org/normalize-path set size:28713 disposed:false
305 http cache https://registry.npmjs.org/is-glob 24ms (cache hit)
306 silly packumentCache full:https://registry.npmjs.org/is-glob set size:40530 disposed:false
307 http fetch GET 200 https://registry.npmjs.org/is-extglob 492ms (cache miss)
308 silly packumentCache full:https://registry.npmjs.org/is-extglob set size:undefined disposed:false
309 http fetch GET 200 https://registry.npmjs.org/binary-extensions 501ms (cache miss)
310 silly packumentCache full:https://registry.npmjs.org/binary-extensions set size:undefined disposed:false
311 http fetch GET 200 https://registry.npmjs.org/fill-range 510ms (cache miss)
312 silly packumentCache full:https://registry.npmjs.org/fill-range set size:undefined disposed:false
313 http fetch GET 200 https://registry.npmjs.org/picomatch 520ms (cache miss)
314 silly packumentCache full:https://registry.npmjs.org/picomatch set size:undefined disposed:false
315 http fetch GET 200 https://registry.npmjs.org/picomatch 523ms (cache miss)
316 silly packumentCache full:https://registry.npmjs.org/picomatch set size:undefined disposed:false
317 silly placeDep node_modules/pm2 picomatch@2.3.2 OK for: anymatch@3.1.3 want: ^2.0.4
318 silly placeDep node_modules/pm2 fill-range@7.1.1 OK for: braces@3.0.3 want: ^7.1.1
319 silly fetch manifest to-regex-range@^5.0.1
320 silly packumentCache full:https://registry.npmjs.org/to-regex-range cache-miss
321 http fetch GET 200 https://registry.npmjs.org/to-regex-range 436ms (cache miss)
322 silly packumentCache full:https://registry.npmjs.org/to-regex-range set size:undefined disposed:false
323 silly placeDep node_modules/pm2 chalk@3.0.0 OK for: cli-tableau@2.0.1 want: 3.0.0
324 silly fetch manifest ansi-styles@^4.1.0
325 silly packumentCache full:https://registry.npmjs.org/ansi-styles cache-miss
326 silly fetch manifest supports-color@^7.1.0
327 silly packumentCache full:https://registry.npmjs.org/supports-color cache-miss
328 http fetch GET 200 https://registry.npmjs.org/ansi-styles 593ms (cache revalidated)
329 silly packumentCache full:https://registry.npmjs.org/ansi-styles set size:63233 disposed:false
330 http fetch GET 200 https://registry.npmjs.org/supports-color 600ms (cache revalidated)
331 silly packumentCache full:https://registry.npmjs.org/supports-color set size:118680 disposed:false
332 silly placeDep node_modules/pm2 ansi-styles@4.3.0 OK for: chalk@3.0.0 want: ^4.1.0
333 silly placeDep node_modules/pm2 supports-color@7.2.0 OK for: chalk@3.0.0 want: ^7.1.0
334 silly fetch manifest color-convert@^2.0.1
335 silly packumentCache full:https://registry.npmjs.org/color-convert cache-miss
336 silly fetch manifest has-flag@^4.0.0
337 silly packumentCache full:https://registry.npmjs.org/has-flag cache-miss
338 http fetch GET 200 https://registry.npmjs.org/has-flag 443ms (cache revalidated)
339 silly packumentCache full:https://registry.npmjs.org/has-flag set size:15180 disposed:false
340 http fetch GET 200 https://registry.npmjs.org/color-convert 453ms (cache revalidated)
341 silly packumentCache full:https://registry.npmjs.org/color-convert set size:72663 disposed:false
342 silly placeDep node_modules/pm2 color-convert@2.0.1 OK for: ansi-styles@4.3.0 want: ^2.0.1
343 silly fetch manifest color-name@~1.1.4
344 silly packumentCache full:https://registry.npmjs.org/color-name cache-miss
345 http fetch GET 200 https://registry.npmjs.org/color-name 1245ms (cache revalidated)
346 silly packumentCache full:https://registry.npmjs.org/color-name set size:19467 disposed:false
347 silly placeDep node_modules/pm2 color-name@1.1.4 OK for: color-convert@2.0.1 want: ~1.1.4
348 silly placeDep node_modules/pm2 ms@2.1.3 OK for: debug@4.4.3 want: ^2.1.3
349 silly placeDep node_modules/pm2 follow-redirects@1.16.0 OK for: extrareqp2@1.0.0 want: ^1.14.0
350 silly placeDep node_modules/pm2 to-regex-range@5.0.1 OK for: fill-range@7.1.1 want: ^5.0.1
351 silly fetch manifest is-number@^7.0.0
352 silly packumentCache full:https://registry.npmjs.org/is-number cache-miss
353 http fetch GET 200 https://registry.npmjs.org/is-number 524ms (cache miss)
354 silly packumentCache full:https://registry.npmjs.org/is-number set size:undefined disposed:false
355 silly placeDep node_modules/pm2 binary-extensions@2.3.0 OK for: is-binary-path@2.1.0 want: ^2.0.0
356 silly placeDep node_modules/pm2 is-extglob@2.1.1 OK for: is-glob@4.0.3 want: ^2.1.1
357 silly placeDep node_modules/pm2 argparse@2.0.1 OK for: js-yaml@4.1.1 want: ^2.0.1
358 silly placeDep node_modules/pm2 safe-buffer@5.2.1 OK for: pidusage@4.0.1 want: ^5.2.1
359 silly placeDep node_modules/pm2 run-series@1.1.9 OK for: pm2-deploy@1.0.2 want: ^1.1.8
360 silly placeDep node_modules/pm2 tv4@1.3.0 OK for: pm2-deploy@1.0.2 want: ^1.3.0
361 silly placeDep node_modules/pm2/node_modules/pm2-sysmonit pidusage@2.0.21 OK for: pm2-sysmonit@1.2.8 want: ^2.0.21
362 silly placeDep node_modules/pm2 systeminformation@5.31.7 OK for: pm2-sysmonit@1.2.8 want: ^5.7
363 silly placeDep node_modules/pm2 tx2@1.0.5 OK for: pm2-sysmonit@1.2.8 want: ~1.0.4
364 silly fetch manifest json-stringify-safe@^5.0.1
365 silly packumentCache full:https://registry.npmjs.org/json-stringify-safe cache-miss
366 http fetch GET 200 https://registry.npmjs.org/json-stringify-safe 428ms (cache miss)
367 silly packumentCache full:https://registry.npmjs.org/json-stringify-safe set size:undefined disposed:false
368 silly placeDep node_modules/pm2 agent-base@7.1.4 OK for: proxy-agent@6.5.0 want: ^7.1.2
369 silly placeDep node_modules/pm2 http-proxy-agent@7.0.2 OK for: proxy-agent@6.5.0 want: ^7.0.1
370 silly placeDep node_modules/pm2 https-proxy-agent@7.0.6 OK for: proxy-agent@6.5.0 want: ^7.0.6
371 silly placeDep node_modules/pm2 lru-cache@7.18.3 OK for: proxy-agent@6.5.0 want: ^7.14.1
372 silly placeDep node_modules/pm2 pac-proxy-agent@7.2.0 OK for: proxy-agent@6.5.0 want: ^7.1.0
373 silly placeDep node_modules/pm2 proxy-from-env@1.1.0 OK for: proxy-agent@6.5.0 want: ^1.1.0
374 silly placeDep node_modules/pm2 socks-proxy-agent@8.0.5 OK for: proxy-agent@6.5.0 want: ^8.0.5
375 silly fetch manifest get-uri@^6.0.1
376 silly packumentCache full:https://registry.npmjs.org/get-uri cache-miss
377 silly fetch manifest pac-resolver@^7.0.1
378 silly packumentCache full:https://registry.npmjs.org/pac-resolver cache-miss
379 silly fetch manifest @tootallnate/quickjs-emscripten@^0.23.0
380 silly packumentCache full:https://registry.npmjs.org/@tootallnate%2fquickjs-emscripten cache-miss
381 silly fetch manifest socks@^2.8.3
382 silly packumentCache full:https://registry.npmjs.org/socks cache-miss
383 http fetch GET 200 https://registry.npmjs.org/get-uri 675ms (cache miss)
384 silly packumentCache full:https://registry.npmjs.org/get-uri set size:undefined disposed:false
385 http fetch GET 200 https://registry.npmjs.org/pac-resolver 689ms (cache miss)
386 silly packumentCache full:https://registry.npmjs.org/pac-resolver set size:undefined disposed:false
387 http fetch GET 200 https://registry.npmjs.org/socks 691ms (cache miss)
388 silly packumentCache full:https://registry.npmjs.org/socks set size:undefined disposed:false
389 http fetch GET 200 https://registry.npmjs.org/@tootallnate%2fquickjs-emscripten 1232ms (cache miss)
390 silly packumentCache full:https://registry.npmjs.org/@tootallnate%2fquickjs-emscripten set size:undefined disposed:false
391 silly placeDep node_modules/pm2 @tootallnate/quickjs-emscripten@0.23.0 OK for: pac-proxy-agent@7.2.0 want: ^0.23.0
392 silly placeDep node_modules/pm2 get-uri@6.0.5 OK for: pac-proxy-agent@7.2.0 want: ^6.0.1
393 silly placeDep node_modules/pm2 pac-resolver@7.0.1 OK for: pac-proxy-agent@7.2.0 want: ^7.0.1
394 silly fetch manifest basic-ftp@^5.0.2
395 silly packumentCache full:https://registry.npmjs.org/basic-ftp cache-miss
396 silly fetch manifest data-uri-to-buffer@^6.0.2
397 silly packumentCache full:https://registry.npmjs.org/data-uri-to-buffer cache-miss
398 silly fetch manifest netmask@^2.0.2
399 silly packumentCache full:https://registry.npmjs.org/netmask cache-miss
400 silly fetch manifest degenerator@^5.0.0
401 silly packumentCache full:https://registry.npmjs.org/degenerator cache-miss
402 http fetch GET 200 https://registry.npmjs.org/data-uri-to-buffer 490ms (cache miss)
403 silly packumentCache full:https://registry.npmjs.org/data-uri-to-buffer set size:undefined disposed:false
404 http fetch GET 200 https://registry.npmjs.org/degenerator 498ms (cache miss)
405 silly packumentCache full:https://registry.npmjs.org/degenerator set size:undefined disposed:false
406 http fetch GET 200 https://registry.npmjs.org/netmask 1234ms (cache miss)
407 silly packumentCache full:https://registry.npmjs.org/netmask set size:undefined disposed:false
408 http fetch GET 200 https://registry.npmjs.org/basic-ftp 1248ms (cache miss)
409 silly packumentCache full:https://registry.npmjs.org/basic-ftp set size:undefined disposed:false
410 silly placeDep node_modules/pm2 basic-ftp@5.3.1 OK for: get-uri@6.0.5 want: ^5.0.2
411 silly placeDep node_modules/pm2 data-uri-to-buffer@6.0.2 OK for: get-uri@6.0.5 want: ^6.0.2
412 silly placeDep node_modules/pm2 degenerator@5.0.1 OK for: pac-resolver@7.0.1 want: ^5.0.0
413 silly placeDep node_modules/pm2 netmask@2.1.1 OK for: pac-resolver@7.0.1 want: ^2.0.2
414 silly fetch manifest esprima@^4.0.1
415 silly packumentCache full:https://registry.npmjs.org/esprima cache-miss
416 silly fetch manifest ast-types@^0.13.4
417 silly packumentCache full:https://registry.npmjs.org/ast-types cache-miss
418 silly fetch manifest escodegen@^2.1.0
419 silly packumentCache full:https://registry.npmjs.org/escodegen cache-miss
420 http fetch GET 200 https://registry.npmjs.org/esprima 555ms (cache miss)
421 silly packumentCache full:https://registry.npmjs.org/esprima set size:undefined disposed:false
422 http fetch GET 200 https://registry.npmjs.org/ast-types 581ms (cache miss)
423 silly packumentCache full:https://registry.npmjs.org/ast-types set size:undefined disposed:false
424 http fetch GET 200 https://registry.npmjs.org/escodegen 1038ms (cache miss)
425 silly packumentCache full:https://registry.npmjs.org/escodegen set size:undefined disposed:false
426 silly placeDep node_modules/pm2 ast-types@0.13.4 OK for: degenerator@5.0.1 want: ^0.13.4
427 silly placeDep node_modules/pm2 escodegen@2.1.0 OK for: degenerator@5.0.1 want: ^2.1.0
428 silly placeDep node_modules/pm2 esprima@4.0.1 OK for: degenerator@5.0.1 want: ^4.0.1
429 silly fetch manifest tslib@^2.0.1
430 silly packumentCache full:https://registry.npmjs.org/tslib cache-miss
431 silly fetch manifest estraverse@^5.2.0
432 silly packumentCache full:https://registry.npmjs.org/estraverse cache-miss
433 silly fetch manifest esutils@^2.0.2
434 silly packumentCache full:https://registry.npmjs.org/esutils cache-miss
435 silly fetch manifest source-map@~0.6.1
436 silly packumentCache full:https://registry.npmjs.org/source-map cache-miss
437 http fetch GET 200 https://registry.npmjs.org/esutils 546ms (cache miss)
438 silly packumentCache full:https://registry.npmjs.org/esutils set size:undefined disposed:false
439 http fetch GET 200 https://registry.npmjs.org/tslib 556ms (cache revalidated)
440 silly packumentCache full:https://registry.npmjs.org/tslib set size:108760 disposed:false
441 http fetch GET 200 https://registry.npmjs.org/estraverse 562ms (cache miss)
442 silly packumentCache full:https://registry.npmjs.org/estraverse set size:undefined disposed:false
443 http fetch GET 200 https://registry.npmjs.org/source-map 568ms (cache miss)
444 silly packumentCache full:https://registry.npmjs.org/source-map set size:undefined disposed:false
445 silly placeDep node_modules/pm2 tslib@2.8.1 OK for: ast-types@0.13.4 want: ^2.0.1
446 silly placeDep node_modules/pm2 estraverse@5.3.0 OK for: escodegen@2.1.0 want: ^5.2.0
447 silly placeDep node_modules/pm2 esutils@2.0.3 OK for: escodegen@2.1.0 want: ^2.0.2
448 silly placeDep node_modules/pm2 source-map@0.6.1 OK for: escodegen@2.1.0 want: ~0.6.1
449 silly placeDep node_modules/pm2 socks@2.8.9 OK for: socks-proxy-agent@8.0.5 want: ^2.8.3
450 silly fetch manifest ip-address@^10.1.1
451 silly packumentCache full:https://registry.npmjs.org/ip-address cache-miss
452 silly fetch manifest smart-buffer@^4.2.0
453 silly packumentCache full:https://registry.npmjs.org/smart-buffer cache-miss
454 http fetch GET 200 https://registry.npmjs.org/smart-buffer 482ms (cache miss)
455 silly packumentCache full:https://registry.npmjs.org/smart-buffer set size:undefined disposed:false
456 http fetch GET 200 https://registry.npmjs.org/ip-address 493ms (cache miss)
457 silly packumentCache full:https://registry.npmjs.org/ip-address set size:undefined disposed:false
458 silly placeDep node_modules/pm2 ip-address@10.2.0 OK for: socks@2.8.9 want: ^10.1.1
459 silly placeDep node_modules/pm2 smart-buffer@4.2.0 OK for: socks@2.8.9 want: ^4.2.0
460 silly placeDep node_modules/pm2 has-flag@4.0.0 OK for: supports-color@7.2.0 want: ^4.0.0
461 silly placeDep node_modules/pm2 is-number@7.0.0 OK for: to-regex-range@5.0.1 want: ^7.0.0
462 silly placeDep node_modules/pm2 json-stringify-safe@5.0.1 OK for: tx2@1.0.5 want: ^5.0.1
463 silly placeDep node_modules/pm2/node_modules/vizion async@2.6.4 OK for: vizion@2.2.1 want: ^2.6.3
464 silly placeDep node_modules/pm2 git-node-fs@1.0.0 OK for: vizion@2.2.1 want: ^1.0.0
465 silly placeDep node_modules/pm2 ini@1.3.8 OK for: vizion@2.2.1 want: ^1.3.5
466 silly placeDep node_modules/pm2 js-git@0.7.8 OK for: vizion@2.2.1 want: ^0.7.8
467 silly fetch manifest bodec@^0.1.0
468 silly packumentCache full:https://registry.npmjs.org/bodec cache-miss
469 silly fetch manifest culvert@^0.1.2
470 silly packumentCache full:https://registry.npmjs.org/culvert cache-miss
471 silly fetch manifest git-sha1@^0.1.2
472 silly packumentCache full:https://registry.npmjs.org/git-sha1 cache-miss
473 silly fetch manifest pako@^0.2.5
474 silly packumentCache full:https://registry.npmjs.org/pako cache-miss
475 http fetch GET 200 https://registry.npmjs.org/culvert 466ms (cache miss)
476 silly packumentCache full:https://registry.npmjs.org/culvert set size:undefined disposed:false
477 http fetch GET 200 https://registry.npmjs.org/git-sha1 469ms (cache miss)
478 silly packumentCache full:https://registry.npmjs.org/git-sha1 set size:undefined disposed:false
479 http fetch GET 200 https://registry.npmjs.org/bodec 474ms (cache miss)
480 silly packumentCache full:https://registry.npmjs.org/bodec set size:undefined disposed:false
481 http fetch GET 200 https://registry.npmjs.org/pako 479ms (cache miss)
482 silly packumentCache full:https://registry.npmjs.org/pako set size:undefined disposed:false
483 silly placeDep node_modules/pm2 bodec@0.1.0 OK for: js-git@0.7.8 want: ^0.1.0
484 silly placeDep node_modules/pm2 culvert@0.1.2 OK for: js-git@0.7.8 want: ^0.1.2
485 silly placeDep node_modules/pm2 git-sha1@0.1.2 OK for: js-git@0.7.8 want: ^0.1.2
486 silly placeDep node_modules/pm2 pako@0.2.9 OK for: js-git@0.7.8 want: ^0.2.5
487 silly placeDep node_modules/pm2 lodash@4.18.1 OK for: async@2.6.4 want: ^4.17.14
488 silly reify moves {}
489 http cache lodash@https://registry.npmjs.org/lodash/-/lodash-4.18.1.tgz 0ms (cache hit)
490 http cache pako@https://registry.npmjs.org/pako/-/pako-0.2.9.tgz 0ms (cache hit)
491 http cache git-sha1@https://registry.npmjs.org/git-sha1/-/git-sha1-0.1.2.tgz 0ms (cache hit)
492 http cache culvert@https://registry.npmjs.org/culvert/-/culvert-0.1.2.tgz 0ms (cache hit)
493 http cache bodec@https://registry.npmjs.org/bodec/-/bodec-0.1.0.tgz 0ms (cache hit)
494 http cache js-git@https://registry.npmjs.org/js-git/-/js-git-0.7.8.tgz 0ms (cache hit)
495 http cache ini@https://registry.npmjs.org/ini/-/ini-1.3.8.tgz 0ms (cache hit)
496 http cache git-node-fs@https://registry.npmjs.org/git-node-fs/-/git-node-fs-1.0.0.tgz 0ms (cache hit)
497 http cache json-stringify-safe@https://registry.npmjs.org/json-stringify-safe/-/json-stringify-safe-5.0.1.tgz 0ms (cache hit)
498 http cache is-number@https://registry.npmjs.org/is-number/-/is-number-7.0.0.tgz 0ms (cache hit)
499 http cache has-flag@https://registry.npmjs.org/has-flag/-/has-flag-4.0.0.tgz 0ms (cache hit)
500 http cache smart-buffer@https://registry.npmjs.org/smart-buffer/-/smart-buffer-4.2.0.tgz 0ms (cache hit)
501 http cache ip-address@https://registry.npmjs.org/ip-address/-/ip-address-10.2.0.tgz 0ms (cache hit)
502 http cache socks@https://registry.npmjs.org/socks/-/socks-2.8.9.tgz 0ms (cache hit)
503 http cache source-map@https://registry.npmjs.org/source-map/-/source-map-0.6.1.tgz 0ms (cache hit)
504 http cache esutils@https://registry.npmjs.org/esutils/-/esutils-2.0.3.tgz 0ms (cache hit)
505 http cache estraverse@https://registry.npmjs.org/estraverse/-/estraverse-5.3.0.tgz 0ms (cache hit)
506 http cache tslib@https://registry.npmjs.org/tslib/-/tslib-2.8.1.tgz 0ms (cache hit)
507 http cache esprima@https://registry.npmjs.org/esprima/-/esprima-4.0.1.tgz 0ms (cache hit)
508 http cache escodegen@https://registry.npmjs.org/escodegen/-/escodegen-2.1.0.tgz 0ms (cache hit)
509 http cache ast-types@https://registry.npmjs.org/ast-types/-/ast-types-0.13.4.tgz 0ms (cache hit)
510 http cache netmask@https://registry.npmjs.org/netmask/-/netmask-2.1.1.tgz 0ms (cache hit)
511 http cache degenerator@https://registry.npmjs.org/degenerator/-/degenerator-5.0.1.tgz 0ms (cache hit)
512 http cache data-uri-to-buffer@https://registry.npmjs.org/data-uri-to-buffer/-/data-uri-to-buffer-6.0.2.tgz 0ms (cache hit)
513 http cache basic-ftp@https://registry.npmjs.org/basic-ftp/-/basic-ftp-5.3.1.tgz 0ms (cache hit)
514 http cache pac-resolver@https://registry.npmjs.org/pac-resolver/-/pac-resolver-7.0.1.tgz 0ms (cache hit)
515 http cache pm2@https://registry.npmjs.org/pm2/-/pm2-7.0.1.tgz 0ms (cache hit)
516 http cache get-uri@https://registry.npmjs.org/get-uri/-/get-uri-6.0.5.tgz 0ms (cache hit)
517 http cache @tootallnate/quickjs-emscripten@https://registry.npmjs.org/@tootallnate/quickjs-emscripten/-/quickjs-emscripten-0.23.0.tgz 0ms (cache hit)
518 http cache socks-proxy-agent@https://registry.npmjs.org/socks-proxy-agent/-/socks-proxy-agent-8.0.5.tgz 0ms (cache hit)
519 http cache proxy-from-env@https://registry.npmjs.org/proxy-from-env/-/proxy-from-env-1.1.0.tgz 0ms (cache hit)
520 http cache pac-proxy-agent@https://registry.npmjs.org/pac-proxy-agent/-/pac-proxy-agent-7.2.0.tgz 0ms (cache hit)
521 http cache lru-cache@https://registry.npmjs.org/lru-cache/-/lru-cache-7.18.3.tgz 0ms (cache hit)
522 http cache https-proxy-agent@https://registry.npmjs.org/https-proxy-agent/-/https-proxy-agent-7.0.6.tgz 0ms (cache hit)
523 http cache http-proxy-agent@https://registry.npmjs.org/http-proxy-agent/-/http-proxy-agent-7.0.2.tgz 1ms (cache hit)
524 http cache agent-base@https://registry.npmjs.org/agent-base/-/agent-base-7.1.4.tgz 0ms (cache hit)
525 http cache tx2@https://registry.npmjs.org/tx2/-/tx2-1.0.5.tgz 0ms (cache hit)
526 http cache systeminformation@https://registry.npmjs.org/systeminformation/-/systeminformation-5.31.7.tgz 0ms (cache hit)
527 http cache tv4@https://registry.npmjs.org/tv4/-/tv4-1.3.0.tgz 0ms (cache hit)
528 http cache run-series@https://registry.npmjs.org/run-series/-/run-series-1.1.9.tgz 0ms (cache hit)
529 http cache safe-buffer@https://registry.npmjs.org/safe-buffer/-/safe-buffer-5.2.1.tgz 0ms (cache hit)
530 http cache argparse@https://registry.npmjs.org/argparse/-/argparse-2.0.1.tgz 0ms (cache hit)
531 http cache is-extglob@https://registry.npmjs.org/is-extglob/-/is-extglob-2.1.1.tgz 0ms (cache hit)
532 http cache binary-extensions@https://registry.npmjs.org/binary-extensions/-/binary-extensions-2.3.0.tgz 0ms (cache hit)
533 http cache to-regex-range@https://registry.npmjs.org/to-regex-range/-/to-regex-range-5.0.1.tgz 0ms (cache hit)
534 http cache follow-redirects@https://registry.npmjs.org/follow-redirects/-/follow-redirects-1.16.0.tgz 0ms (cache hit)
535 http cache ms@https://registry.npmjs.org/ms/-/ms-2.1.3.tgz 0ms (cache hit)
536 http cache color-name@https://registry.npmjs.org/color-name/-/color-name-1.1.4.tgz 0ms (cache hit)
537 http cache color-convert@https://registry.npmjs.org/color-convert/-/color-convert-2.0.1.tgz 0ms (cache hit)
538 http cache supports-color@https://registry.npmjs.org/supports-color/-/supports-color-7.2.0.tgz 0ms (cache hit)
539 http cache ansi-styles@https://registry.npmjs.org/ansi-styles/-/ansi-styles-4.3.0.tgz 0ms (cache hit)
540 http cache chalk@https://registry.npmjs.org/chalk/-/chalk-3.0.0.tgz 0ms (cache hit)
541 http cache fill-range@https://registry.npmjs.org/fill-range/-/fill-range-7.1.1.tgz 0ms (cache hit)
542 http cache picomatch@https://registry.npmjs.org/picomatch/-/picomatch-2.3.2.tgz 0ms (cache hit)
543 http cache readdirp@https://registry.npmjs.org/readdirp/-/readdirp-3.6.0.tgz 0ms (cache hit)
544 http cache is-glob@https://registry.npmjs.org/is-glob/-/is-glob-4.0.3.tgz 0ms (cache hit)
545 http cache normalize-path@https://registry.npmjs.org/normalize-path/-/normalize-path-3.0.0.tgz 0ms (cache hit)
546 http cache is-binary-path@https://registry.npmjs.org/is-binary-path/-/is-binary-path-2.1.0.tgz 0ms (cache hit)
547 http cache glob-parent@https://registry.npmjs.org/glob-parent/-/glob-parent-5.1.2.tgz 0ms (cache hit)
548 http cache braces@https://registry.npmjs.org/braces/-/braces-3.0.3.tgz 0ms (cache hit)
549 http cache anymatch@https://registry.npmjs.org/anymatch/-/anymatch-3.1.3.tgz 0ms (cache hit)
550 http cache extrareqp2@https://registry.npmjs.org/extrareqp2/-/extrareqp2-1.0.0.tgz 0ms (cache hit)
551 http cache ws@https://registry.npmjs.org/ws/-/ws-8.20.0.tgz 0ms (cache hit)
552 http cache vizion@https://registry.npmjs.org/vizion/-/vizion-2.2.1.tgz 0ms (cache hit)
553 http cache async@https://registry.npmjs.org/async/-/async-2.6.4.tgz 0ms (cache hit)
554 http cache semver@https://registry.npmjs.org/semver/-/semver-7.7.2.tgz 0ms (cache hit)
555 http cache proxy-agent@https://registry.npmjs.org/proxy-agent/-/proxy-agent-6.5.0.tgz 0ms (cache hit)
556 http cache pm2-sysmonit@https://registry.npmjs.org/pm2-sysmonit/-/pm2-sysmonit-1.2.8.tgz 0ms (cache hit)
557 http cache pidusage@https://registry.npmjs.org/pidusage/-/pidusage-2.0.21.tgz 0ms (cache hit)
558 http cache pm2-deploy@https://registry.npmjs.org/pm2-deploy/-/pm2-deploy-1.0.2.tgz 0ms (cache hit)
559 http cache pidusage@https://registry.npmjs.org/pidusage/-/pidusage-4.0.1.tgz 0ms (cache hit)
560 http cache js-yaml@https://registry.npmjs.org/js-yaml/-/js-yaml-4.1.1.tgz 0ms (cache hit)
561 http cache fast-json-patch@https://registry.npmjs.org/fast-json-patch/-/fast-json-patch-3.1.1.tgz 0ms (cache hit)
562 http cache eventemitter2@https://registry.npmjs.org/eventemitter2/-/eventemitter2-6.4.9.tgz 0ms (cache hit)
563 http cache debug@https://registry.npmjs.org/debug/-/debug-4.4.3.tgz 0ms (cache hit)
564 http cache dayjs@https://registry.npmjs.org/dayjs/-/dayjs-1.11.15.tgz 0ms (cache hit)
565 http cache croner@https://registry.npmjs.org/croner/-/croner-4.1.97.tgz 0ms (cache hit)
566 http cache commander@https://registry.npmjs.org/commander/-/commander-2.15.1.tgz 0ms (cache hit)
567 http cache cli-tableau@https://registry.npmjs.org/cli-tableau/-/cli-tableau-2.0.1.tgz 0ms (cache hit)
568 http cache chokidar@https://registry.npmjs.org/chokidar/-/chokidar-3.6.0.tgz 0ms (cache hit)
569 http cache async@https://registry.npmjs.org/async/-/async-3.2.6.tgz 0ms (cache hit)
570 http cache ansis@https://registry.npmjs.org/ansis/-/ansis-4.0.0-node10.tgz 0ms (cache hit)
571 http cache amp-message@https://registry.npmjs.org/amp-message/-/amp-message-0.1.2.tgz 0ms (cache hit)
572 http cache amp@https://registry.npmjs.org/amp/-/amp-0.3.1.tgz 0ms (cache hit)
573 http cache @pm2/pm2-version-check@https://registry.npmjs.org/@pm2/pm2-version-check/-/pm2-version-check-1.0.4.tgz 0ms (cache hit)
574 http cache @pm2/js-api@https://registry.npmjs.org/@pm2/js-api/-/js-api-0.8.0.tgz 0ms (cache hit)
575 http cache ws@https://registry.npmjs.org/ws/-/ws-7.5.11.tgz 0ms (cache hit)
576 http cache debug@https://registry.npmjs.org/debug/-/debug-4.3.7.tgz 0ms (cache hit)
577 http cache async@https://registry.npmjs.org/async/-/async-2.6.4.tgz 0ms (cache hit)
578 http cache @pm2/blessed@https://registry.npmjs.org/@pm2/blessed/-/blessed-0.1.81.tgz 0ms (cache hit)
579 silly tarball no local data for pako@https://registry.npmjs.org/pako/-/pako-0.2.9.tgz. Extracting by manifest.
580 silly tarball no local data for git-sha1@https://registry.npmjs.org/git-sha1/-/git-sha1-0.1.2.tgz. Extracting by manifest.
581 silly tarball no local data for lodash@https://registry.npmjs.org/lodash/-/lodash-4.18.1.tgz. Extracting by manifest.
582 silly tarball no local data for culvert@https://registry.npmjs.org/culvert/-/culvert-0.1.2.tgz. Extracting by manifest.
583 silly tarball no local data for bodec@https://registry.npmjs.org/bodec/-/bodec-0.1.0.tgz. Extracting by manifest.
584 silly tarball no local data for js-git@https://registry.npmjs.org/js-git/-/js-git-0.7.8.tgz. Extracting by manifest.
585 silly tarball no local data for ini@https://registry.npmjs.org/ini/-/ini-1.3.8.tgz. Extracting by manifest.
586 silly tarball no local data for git-node-fs@https://registry.npmjs.org/git-node-fs/-/git-node-fs-1.0.0.tgz. Extracting by manifest.
587 silly tarball no local data for json-stringify-safe@https://registry.npmjs.org/json-stringify-safe/-/json-stringify-safe-5.0.1.tgz. Extracting by manifest.
588 silly tarball no local data for is-number@https://registry.npmjs.org/is-number/-/is-number-7.0.0.tgz. Extracting by manifest.
589 silly tarball no local data for smart-buffer@https://registry.npmjs.org/smart-buffer/-/smart-buffer-4.2.0.tgz. Extracting by manifest.
590 silly tarball no local data for ip-address@https://registry.npmjs.org/ip-address/-/ip-address-10.2.0.tgz. Extracting by manifest.
591 silly tarball no local data for socks@https://registry.npmjs.org/socks/-/socks-2.8.9.tgz. Extracting by manifest.
592 silly tarball no local data for source-map@https://registry.npmjs.org/source-map/-/source-map-0.6.1.tgz. Extracting by manifest.
593 silly tarball no local data for esutils@https://registry.npmjs.org/esutils/-/esutils-2.0.3.tgz. Extracting by manifest.
594 silly tarball no local data for estraverse@https://registry.npmjs.org/estraverse/-/estraverse-5.3.0.tgz. Extracting by manifest.
595 silly tarball no local data for esprima@https://registry.npmjs.org/esprima/-/esprima-4.0.1.tgz. Extracting by manifest.
596 silly tarball no local data for escodegen@https://registry.npmjs.org/escodegen/-/escodegen-2.1.0.tgz. Extracting by manifest.
597 silly tarball no local data for ast-types@https://registry.npmjs.org/ast-types/-/ast-types-0.13.4.tgz. Extracting by manifest.
598 silly tarball no local data for netmask@https://registry.npmjs.org/netmask/-/netmask-2.1.1.tgz. Extracting by manifest.
599 silly tarball no local data for degenerator@https://registry.npmjs.org/degenerator/-/degenerator-5.0.1.tgz. Extracting by manifest.
600 silly tarball no local data for data-uri-to-buffer@https://registry.npmjs.org/data-uri-to-buffer/-/data-uri-to-buffer-6.0.2.tgz. Extracting by manifest.
601 silly tarball no local data for basic-ftp@https://registry.npmjs.org/basic-ftp/-/basic-ftp-5.3.1.tgz. Extracting by manifest.
602 silly tarball no local data for pac-resolver@https://registry.npmjs.org/pac-resolver/-/pac-resolver-7.0.1.tgz. Extracting by manifest.
603 silly tarball no local data for pm2@https://registry.npmjs.org/pm2/-/pm2-7.0.1.tgz. Extracting by manifest.
604 silly tarball no local data for get-uri@https://registry.npmjs.org/get-uri/-/get-uri-6.0.5.tgz. Extracting by manifest.
605 silly tarball no local data for socks-proxy-agent@https://registry.npmjs.org/socks-proxy-agent/-/socks-proxy-agent-8.0.5.tgz. Extracting by manifest.
606 silly tarball no local data for @tootallnate/quickjs-emscripten@https://registry.npmjs.org/@tootallnate/quickjs-emscripten/-/quickjs-emscripten-0.23.0.tgz. Extracting by manifest.
607 silly tarball no local data for proxy-from-env@https://registry.npmjs.org/proxy-from-env/-/proxy-from-env-1.1.0.tgz. Extracting by manifest.
608 silly tarball no local data for pac-proxy-agent@https://registry.npmjs.org/pac-proxy-agent/-/pac-proxy-agent-7.2.0.tgz. Extracting by manifest.
609 silly tarball no local data for lru-cache@https://registry.npmjs.org/lru-cache/-/lru-cache-7.18.3.tgz. Extracting by manifest.
610 silly tarball no local data for https-proxy-agent@https://registry.npmjs.org/https-proxy-agent/-/https-proxy-agent-7.0.6.tgz. Extracting by manifest.
611 silly tarball no local data for http-proxy-agent@https://registry.npmjs.org/http-proxy-agent/-/http-proxy-agent-7.0.2.tgz. Extracting by manifest.
612 silly tarball no local data for agent-base@https://registry.npmjs.org/agent-base/-/agent-base-7.1.4.tgz. Extracting by manifest.
613 silly tarball no local data for tx2@https://registry.npmjs.org/tx2/-/tx2-1.0.5.tgz. Extracting by manifest.
614 silly tarball no local data for systeminformation@https://registry.npmjs.org/systeminformation/-/systeminformation-5.31.7.tgz. Extracting by manifest.
615 silly tarball no local data for tv4@https://registry.npmjs.org/tv4/-/tv4-1.3.0.tgz. Extracting by manifest.
616 silly tarball no local data for run-series@https://registry.npmjs.org/run-series/-/run-series-1.1.9.tgz. Extracting by manifest.
617 silly tarball no local data for safe-buffer@https://registry.npmjs.org/safe-buffer/-/safe-buffer-5.2.1.tgz. Extracting by manifest.
618 silly tarball no local data for argparse@https://registry.npmjs.org/argparse/-/argparse-2.0.1.tgz. Extracting by manifest.
619 silly tarball no local data for is-extglob@https://registry.npmjs.org/is-extglob/-/is-extglob-2.1.1.tgz. Extracting by manifest.
620 silly tarball no local data for binary-extensions@https://registry.npmjs.org/binary-extensions/-/binary-extensions-2.3.0.tgz. Extracting by manifest.
621 silly tarball no local data for to-regex-range@https://registry.npmjs.org/to-regex-range/-/to-regex-range-5.0.1.tgz. Extracting by manifest.
622 silly tarball no local data for chalk@https://registry.npmjs.org/chalk/-/chalk-3.0.0.tgz. Extracting by manifest.
623 silly tarball no local data for fill-range@https://registry.npmjs.org/fill-range/-/fill-range-7.1.1.tgz. Extracting by manifest.
624 silly tarball no local data for picomatch@https://registry.npmjs.org/picomatch/-/picomatch-2.3.2.tgz. Extracting by manifest.
625 silly tarball no local data for readdirp@https://registry.npmjs.org/readdirp/-/readdirp-3.6.0.tgz. Extracting by manifest.
626 silly tarball no local data for is-glob@https://registry.npmjs.org/is-glob/-/is-glob-4.0.3.tgz. Extracting by manifest.
627 silly tarball no local data for normalize-path@https://registry.npmjs.org/normalize-path/-/normalize-path-3.0.0.tgz. Extracting by manifest.
628 silly tarball no local data for is-binary-path@https://registry.npmjs.org/is-binary-path/-/is-binary-path-2.1.0.tgz. Extracting by manifest.
629 silly tarball no local data for glob-parent@https://registry.npmjs.org/glob-parent/-/glob-parent-5.1.2.tgz. Extracting by manifest.
630 silly tarball no local data for braces@https://registry.npmjs.org/braces/-/braces-3.0.3.tgz. Extracting by manifest.
631 silly tarball no local data for anymatch@https://registry.npmjs.org/anymatch/-/anymatch-3.1.3.tgz. Extracting by manifest.
632 silly tarball no local data for extrareqp2@https://registry.npmjs.org/extrareqp2/-/extrareqp2-1.0.0.tgz. Extracting by manifest.
633 silly tarball no local data for vizion@https://registry.npmjs.org/vizion/-/vizion-2.2.1.tgz. Extracting by manifest.
634 silly tarball no local data for async@https://registry.npmjs.org/async/-/async-2.6.4.tgz. Extracting by manifest.
635 silly tarball no local data for semver@https://registry.npmjs.org/semver/-/semver-7.7.2.tgz. Extracting by manifest.
636 silly tarball no local data for proxy-agent@https://registry.npmjs.org/proxy-agent/-/proxy-agent-6.5.0.tgz. Extracting by manifest.
637 silly tarball no local data for pm2-sysmonit@https://registry.npmjs.org/pm2-sysmonit/-/pm2-sysmonit-1.2.8.tgz. Extracting by manifest.
638 silly tarball no local data for pidusage@https://registry.npmjs.org/pidusage/-/pidusage-2.0.21.tgz. Extracting by manifest.
639 silly tarball no local data for pm2-deploy@https://registry.npmjs.org/pm2-deploy/-/pm2-deploy-1.0.2.tgz. Extracting by manifest.
640 silly tarball no local data for pidusage@https://registry.npmjs.org/pidusage/-/pidusage-4.0.1.tgz. Extracting by manifest.
641 silly tarball no local data for js-yaml@https://registry.npmjs.org/js-yaml/-/js-yaml-4.1.1.tgz. Extracting by manifest.
642 silly tarball no local data for fast-json-patch@https://registry.npmjs.org/fast-json-patch/-/fast-json-patch-3.1.1.tgz. Extracting by manifest.
643 silly tarball no local data for eventemitter2@https://registry.npmjs.org/eventemitter2/-/eventemitter2-6.4.9.tgz. Extracting by manifest.
644 silly tarball no local data for dayjs@https://registry.npmjs.org/dayjs/-/dayjs-1.11.15.tgz. Extracting by manifest.
645 silly tarball no local data for commander@https://registry.npmjs.org/commander/-/commander-2.15.1.tgz. Extracting by manifest.
646 silly tarball no local data for cli-tableau@https://registry.npmjs.org/cli-tableau/-/cli-tableau-2.0.1.tgz. Extracting by manifest.
647 silly tarball no local data for croner@https://registry.npmjs.org/croner/-/croner-4.1.97.tgz. Extracting by manifest.
648 silly tarball no local data for chokidar@https://registry.npmjs.org/chokidar/-/chokidar-3.6.0.tgz. Extracting by manifest.
649 silly tarball no local data for ansis@https://registry.npmjs.org/ansis/-/ansis-4.0.0-node10.tgz. Extracting by manifest.
650 silly tarball no local data for amp-message@https://registry.npmjs.org/amp-message/-/amp-message-0.1.2.tgz. Extracting by manifest.
651 silly tarball no local data for amp@https://registry.npmjs.org/amp/-/amp-0.3.1.tgz. Extracting by manifest.
652 silly tarball no local data for @pm2/pm2-version-check@https://registry.npmjs.org/@pm2/pm2-version-check/-/pm2-version-check-1.0.4.tgz. Extracting by manifest.
653 silly tarball no local data for @pm2/js-api@https://registry.npmjs.org/@pm2/js-api/-/js-api-0.8.0.tgz. Extracting by manifest.
654 silly tarball no local data for ws@https://registry.npmjs.org/ws/-/ws-7.5.11.tgz. Extracting by manifest.
655 silly tarball no local data for debug@https://registry.npmjs.org/debug/-/debug-4.3.7.tgz. Extracting by manifest.
656 silly tarball no local data for async@https://registry.npmjs.org/async/-/async-2.6.4.tgz. Extracting by manifest.
657 silly tarball no local data for @pm2/blessed@https://registry.npmjs.org/@pm2/blessed/-/blessed-0.1.81.tgz. Extracting by manifest.
658 http fetch GET 200 https://registry.npmjs.org/bodec/-/bodec-0.1.0.tgz 807ms (cache miss)
659 http fetch GET 200 https://registry.npmjs.org/culvert/-/culvert-0.1.2.tgz 810ms (cache miss)
660 http fetch GET 200 https://registry.npmjs.org/git-sha1/-/git-sha1-0.1.2.tgz 911ms (cache miss)
661 http fetch GET 200 https://registry.npmjs.org/ini/-/ini-1.3.8.tgz 906ms (cache miss)
662 http fetch GET 200 https://registry.npmjs.org/netmask/-/netmask-2.1.1.tgz 1253ms (cache miss)
663 http fetch GET 200 https://registry.npmjs.org/escodegen/-/escodegen-2.1.0.tgz 1256ms (cache miss)
664 http fetch GET 200 https://registry.npmjs.org/estraverse/-/estraverse-5.3.0.tgz 1330ms (cache miss)
665 http fetch GET 200 https://registry.npmjs.org/data-uri-to-buffer/-/data-uri-to-buffer-6.0.2.tgz 1326ms (cache miss)
666 http fetch GET 200 https://registry.npmjs.org/socks-proxy-agent/-/socks-proxy-agent-8.0.5.tgz 1372ms (cache miss)
667 http fetch GET 200 https://registry.npmjs.org/proxy-from-env/-/proxy-from-env-1.1.0.tgz 1386ms (cache miss)
668 http fetch GET 200 https://registry.npmjs.org/pac-proxy-agent/-/pac-proxy-agent-7.2.0.tgz 1399ms (cache miss)
669 http fetch GET 200 https://registry.npmjs.org/git-node-fs/-/git-node-fs-1.0.0.tgz 1457ms (cache miss)
670 http fetch GET 200 https://registry.npmjs.org/http-proxy-agent/-/http-proxy-agent-7.0.2.tgz 1430ms (cache miss)
671 http fetch GET 200 https://registry.npmjs.org/tx2/-/tx2-1.0.5.tgz 1428ms (cache miss)
672 http fetch GET 200 https://registry.npmjs.org/binary-extensions/-/binary-extensions-2.3.0.tgz 1423ms (cache miss)
673 http fetch GET 200 https://registry.npmjs.org/lru-cache/-/lru-cache-7.18.3.tgz 1460ms (cache miss)
674 http fetch GET 200 https://registry.npmjs.org/run-series/-/run-series-1.1.9.tgz 1463ms (cache miss)
675 http fetch GET 200 https://registry.npmjs.org/is-number/-/is-number-7.0.0.tgz 1501ms (cache miss)
676 http fetch GET 200 https://registry.npmjs.org/agent-base/-/agent-base-7.1.4.tgz 1470ms (cache miss)
677 http fetch GET 200 https://registry.npmjs.org/https-proxy-agent/-/https-proxy-agent-7.0.6.tgz 1474ms (cache miss)
678 http fetch GET 200 https://registry.npmjs.org/is-binary-path/-/is-binary-path-2.1.0.tgz 1460ms (cache miss)
679 http fetch GET 200 https://registry.npmjs.org/to-regex-range/-/to-regex-range-5.0.1.tgz 1472ms (cache miss)
680 http fetch GET 200 https://registry.npmjs.org/safe-buffer/-/safe-buffer-5.2.1.tgz 1487ms (cache miss)
681 http fetch GET 200 https://registry.npmjs.org/json-stringify-safe/-/json-stringify-safe-5.0.1.tgz 1526ms (cache miss)
682 http fetch GET 200 https://registry.npmjs.org/readdirp/-/readdirp-3.6.0.tgz 1480ms (cache miss)
683 http fetch GET 200 https://registry.npmjs.org/normalize-path/-/normalize-path-3.0.0.tgz 1478ms (cache miss)
684 http fetch GET 200 https://registry.npmjs.org/anymatch/-/anymatch-3.1.3.tgz 1477ms (cache miss)
685 http fetch GET 200 https://registry.npmjs.org/proxy-agent/-/proxy-agent-6.5.0.tgz 1474ms (cache miss)
686 http fetch GET 200 https://registry.npmjs.org/fill-range/-/fill-range-7.1.1.tgz 1514ms (cache miss)
687 http fetch GET 200 https://registry.npmjs.org/is-glob/-/is-glob-4.0.3.tgz 1517ms (cache miss)
688 http fetch GET 200 https://registry.npmjs.org/glob-parent/-/glob-parent-5.1.2.tgz 1521ms (cache miss)
689 http fetch GET 200 https://registry.npmjs.org/pm2-deploy/-/pm2-deploy-1.0.2.tgz 1514ms (cache miss)
690 http fetch GET 200 https://registry.npmjs.org/amp-message/-/amp-message-0.1.2.tgz 1502ms (cache miss)
691 http fetch GET 200 https://registry.npmjs.org/cli-tableau/-/cli-tableau-2.0.1.tgz 1508ms (cache miss)
692 http fetch GET 200 https://registry.npmjs.org/pidusage/-/pidusage-4.0.1.tgz 1517ms (cache miss)
693 http fetch GET 200 https://registry.npmjs.org/ansis/-/ansis-4.0.0-node10.tgz 1506ms (cache miss)
694 http fetch GET 200 https://registry.npmjs.org/commander/-/commander-2.15.1.tgz 1522ms (cache miss)
695 http fetch GET 200 https://registry.npmjs.org/amp/-/amp-0.3.1.tgz 1519ms (cache miss)
696 http fetch GET 200 https://registry.npmjs.org/argparse/-/argparse-2.0.1.tgz 1566ms (cache miss)
697 http fetch GET 200 https://registry.npmjs.org/is-extglob/-/is-extglob-2.1.1.tgz 1568ms (cache miss)
698 http fetch GET 200 https://registry.npmjs.org/debug/-/debug-4.3.7.tgz 1527ms (cache miss)
699 http fetch GET 200 https://registry.npmjs.org/@pm2/pm2-version-check/-/pm2-version-check-1.0.4.tgz 1546ms (cache miss)
700 http fetch GET 200 https://registry.npmjs.org/esutils/-/esutils-2.0.3.tgz 1645ms (cache miss)
701 http fetch GET 200 https://registry.npmjs.org/picomatch/-/picomatch-2.3.2.tgz 1606ms (cache miss)
702 http fetch GET 200 https://registry.npmjs.org/braces/-/braces-3.0.3.tgz 1622ms (cache miss)
703 http fetch GET 200 https://registry.npmjs.org/esprima/-/esprima-4.0.1.tgz 1681ms (cache miss)
704 http fetch GET 200 https://registry.npmjs.org/chokidar/-/chokidar-3.6.0.tgz 1669ms (cache miss)
705 http fetch GET 200 https://registry.npmjs.org/chalk/-/chalk-3.0.0.tgz 1706ms (cache miss)
706 http fetch GET 200 https://registry.npmjs.org/eventemitter2/-/eventemitter2-6.4.9.tgz 1683ms (cache miss)
707 http fetch GET 200 https://registry.npmjs.org/pidusage/-/pidusage-2.0.21.tgz 1696ms (cache miss)
708 http fetch GET 200 https://registry.npmjs.org/degenerator/-/degenerator-5.0.1.tgz 1755ms (cache miss)
709 http fetch GET 200 https://registry.npmjs.org/pm2-sysmonit/-/pm2-sysmonit-1.2.8.tgz 1747ms (cache miss)
710 http fetch GET 200 https://registry.npmjs.org/tv4/-/tv4-1.3.0.tgz 1785ms (cache miss)
711 http fetch GET 200 https://registry.npmjs.org/smart-buffer/-/smart-buffer-4.2.0.tgz 1860ms (cache miss)
712 http fetch GET 200 https://registry.npmjs.org/ws/-/ws-7.5.11.tgz 1805ms (cache miss)
713 http fetch GET 200 https://registry.npmjs.org/croner/-/croner-4.1.97.tgz 1856ms (cache miss)
714 http fetch GET 200 https://registry.npmjs.org/fast-json-patch/-/fast-json-patch-3.1.1.tgz 1897ms (cache miss)
715 http fetch GET 200 https://registry.npmjs.org/get-uri/-/get-uri-6.0.5.tgz 1968ms (cache miss)
716 http fetch GET 200 https://registry.npmjs.org/basic-ftp/-/basic-ftp-5.3.1.tgz 1983ms (cache miss)
717 http fetch GET 200 https://registry.npmjs.org/vizion/-/vizion-2.2.1.tgz 2005ms (cache miss)
718 http fetch GET 200 https://registry.npmjs.org/pako/-/pako-0.2.9.tgz 2110ms (cache miss)
719 http fetch GET 200 https://registry.npmjs.org/@pm2/js-api/-/js-api-0.8.0.tgz 2016ms (cache miss)
720 http fetch GET 200 https://registry.npmjs.org/ip-address/-/ip-address-10.2.0.tgz 2130ms (cache miss)
721 http fetch GET 200 https://registry.npmjs.org/source-map/-/source-map-0.6.1.tgz 2130ms (cache miss)
722 http fetch GET 200 https://registry.npmjs.org/socks/-/socks-2.8.9.tgz 2133ms (cache miss)
723 http fetch GET 200 https://registry.npmjs.org/js-yaml/-/js-yaml-4.1.1.tgz 2093ms (cache miss)
724 http fetch GET 200 https://registry.npmjs.org/systeminformation/-/systeminformation-5.31.7.tgz 2130ms (cache miss)
725 http fetch GET 200 https://registry.npmjs.org/semver/-/semver-7.7.2.tgz 2103ms (cache miss)
726 http fetch GET 200 https://registry.npmjs.org/pac-resolver/-/pac-resolver-7.0.1.tgz 2151ms (cache miss)
727 http fetch GET 200 https://registry.npmjs.org/ast-types/-/ast-types-0.13.4.tgz 2162ms (cache miss)
728 http fetch GET 200 https://registry.npmjs.org/js-git/-/js-git-0.7.8.tgz 2195ms (cache miss)
729 http fetch GET 200 https://registry.npmjs.org/extrareqp2/-/extrareqp2-1.0.0.tgz 2138ms (cache miss)
730 http fetch GET 200 https://registry.npmjs.org/async/-/async-2.6.4.tgz 2141ms (cache miss)
731 http fetch GET 200 https://registry.npmjs.org/async/-/async-2.6.4.tgz 2178ms (cache miss)
732 http fetch GET 200 https://registry.npmjs.org/@tootallnate/quickjs-emscripten/-/quickjs-emscripten-0.23.0.tgz 2316ms (cache miss)
733 http fetch GET 200 https://registry.npmjs.org/@pm2/blessed/-/blessed-0.1.81.tgz 2282ms (cache miss)
734 http fetch GET 200 https://registry.npmjs.org/pm2/-/pm2-7.0.1.tgz 2559ms (cache miss)
735 http fetch GET 200 https://registry.npmjs.org/dayjs/-/dayjs-1.11.15.tgz 2574ms (cache miss)
736 http fetch GET 200 https://registry.npmjs.org/lodash/-/lodash-4.18.1.tgz 2661ms (cache miss)
737 silly ADD node_modules/pm2
738 silly ADD node_modules/pm2/node_modules/lodash
739 silly ADD node_modules/pm2/node_modules/pako
740 silly ADD node_modules/pm2/node_modules/git-sha1
741 silly ADD node_modules/pm2/node_modules/culvert
742 silly ADD node_modules/pm2/node_modules/bodec
743 silly ADD node_modules/pm2/node_modules/js-git
744 silly ADD node_modules/pm2/node_modules/ini
745 silly ADD node_modules/pm2/node_modules/git-node-fs
746 silly ADD node_modules/pm2/node_modules/json-stringify-safe
747 silly ADD node_modules/pm2/node_modules/is-number
748 silly ADD node_modules/pm2/node_modules/has-flag
749 silly ADD node_modules/pm2/node_modules/smart-buffer
750 silly ADD node_modules/pm2/node_modules/ip-address
751 silly ADD node_modules/pm2/node_modules/socks
752 silly ADD node_modules/pm2/node_modules/source-map
753 silly ADD node_modules/pm2/node_modules/esutils
754 silly ADD node_modules/pm2/node_modules/estraverse
755 silly ADD node_modules/pm2/node_modules/tslib
756 silly ADD node_modules/pm2/node_modules/esprima
757 silly ADD node_modules/pm2/node_modules/escodegen
758 silly ADD node_modules/pm2/node_modules/ast-types
759 silly ADD node_modules/pm2/node_modules/netmask
760 silly ADD node_modules/pm2/node_modules/degenerator
761 silly ADD node_modules/pm2/node_modules/data-uri-to-buffer
762 silly ADD node_modules/pm2/node_modules/basic-ftp
763 silly ADD node_modules/pm2/node_modules/pac-resolver
764 silly ADD node_modules/pm2/node_modules/get-uri
765 silly ADD node_modules/pm2/node_modules/@tootallnate/quickjs-emscripten
766 silly ADD node_modules/pm2/node_modules/socks-proxy-agent
767 silly ADD node_modules/pm2/node_modules/proxy-from-env
768 silly ADD node_modules/pm2/node_modules/pac-proxy-agent
769 silly ADD node_modules/pm2/node_modules/lru-cache
770 silly ADD node_modules/pm2/node_modules/https-proxy-agent
771 silly ADD node_modules/pm2/node_modules/http-proxy-agent
772 silly ADD node_modules/pm2/node_modules/agent-base
773 silly ADD node_modules/pm2/node_modules/tx2
774 silly ADD node_modules/pm2/node_modules/systeminformation
775 silly ADD node_modules/pm2/node_modules/tv4
776 silly ADD node_modules/pm2/node_modules/run-series
777 silly ADD node_modules/pm2/node_modules/safe-buffer
778 silly ADD node_modules/pm2/node_modules/argparse
779 silly ADD node_modules/pm2/node_modules/is-extglob
780 silly ADD node_modules/pm2/node_modules/binary-extensions
781 silly ADD node_modules/pm2/node_modules/to-regex-range
782 silly ADD node_modules/pm2/node_modules/follow-redirects
783 silly ADD node_modules/pm2/node_modules/ms
784 silly ADD node_modules/pm2/node_modules/color-name
785 silly ADD node_modules/pm2/node_modules/color-convert
786 silly ADD node_modules/pm2/node_modules/supports-color
787 silly ADD node_modules/pm2/node_modules/ansi-styles
788 silly ADD node_modules/pm2/node_modules/chalk
789 silly ADD node_modules/pm2/node_modules/fill-range
790 silly ADD node_modules/pm2/node_modules/picomatch
791 silly ADD node_modules/pm2/node_modules/readdirp
792 silly ADD node_modules/pm2/node_modules/normalize-path
793 silly ADD node_modules/pm2/node_modules/is-glob
794 silly ADD node_modules/pm2/node_modules/is-binary-path
795 silly ADD node_modules/pm2/node_modules/glob-parent
796 silly ADD node_modules/pm2/node_modules/braces
797 silly ADD node_modules/pm2/node_modules/anymatch
798 silly ADD node_modules/pm2/node_modules/extrareqp2
799 silly ADD node_modules/pm2/node_modules/ws
800 silly ADD node_modules/pm2/node_modules/vizion
801 silly ADD node_modules/pm2/node_modules/vizion/node_modules/async
802 silly ADD node_modules/pm2/node_modules/semver
803 silly ADD node_modules/pm2/node_modules/proxy-agent
804 silly ADD node_modules/pm2/node_modules/pm2-sysmonit
805 silly ADD node_modules/pm2/node_modules/pm2-sysmonit/node_modules/pidusage
806 silly ADD node_modules/pm2/node_modules/pm2-deploy
807 silly ADD node_modules/pm2/node_modules/pidusage
808 silly ADD node_modules/pm2/node_modules/js-yaml
809 silly ADD node_modules/pm2/node_modules/fast-json-patch
810 silly ADD node_modules/pm2/node_modules/eventemitter2
811 silly ADD node_modules/pm2/node_modules/debug
812 silly ADD node_modules/pm2/node_modules/dayjs
813 silly ADD node_modules/pm2/node_modules/croner
814 silly ADD node_modules/pm2/node_modules/commander
815 silly ADD node_modules/pm2/node_modules/cli-tableau
816 silly ADD node_modules/pm2/node_modules/chokidar
817 silly ADD node_modules/pm2/node_modules/async
818 silly ADD node_modules/pm2/node_modules/ansis
819 silly ADD node_modules/pm2/node_modules/amp-message
820 silly ADD node_modules/pm2/node_modules/amp
821 silly ADD node_modules/pm2/node_modules/@pm2/pm2-version-check
822 silly ADD node_modules/pm2/node_modules/@pm2/js-api
823 silly ADD node_modules/pm2/node_modules/@pm2/js-api/node_modules/ws
824 silly ADD node_modules/pm2/node_modules/@pm2/js-api/node_modules/debug
825 silly ADD node_modules/pm2/node_modules/@pm2/js-api/node_modules/async
826 silly ADD node_modules/pm2/node_modules/@pm2/blessed
827 verbose cwd /data/data/com.termux/files/home/sofa-shop
828 verbose os Linux 6.1.145-android14-11-gfa1d6308d1fe-ab14691759
829 verbose node v26.2.0
830 verbose npm  v11.16.0
831 verbose exit 0
832 info ok
